
*** Running vivado
    with args -log Electric_hook_bd_main_0_1.vds -m64 -product Vivado -mode batch -messageDb vivado.pb -notrace -source Electric_hook_bd_main_0_1.tcl



****** Vivado v2020.1 (64-bit)
  **** SW Build 2902540 on Wed May 27 19:54:49 MDT 2020
  **** IP Build 2902112 on Wed May 27 22:43:36 MDT 2020
    ** Copyright 1986-2020 Xilinx, Inc. All Rights Reserved.

source Electric_hook_bd_main_0_1.tcl -notrace
INFO: [IP_Flow 19-234] Refreshing IP repositories
INFO: [IP_Flow 19-1700] Loaded user IP repository 'c:/Users/byane/OneDrive/Escritorio/Proyecto1/Ip_cores'.
INFO: [IP_Flow 19-2313] Loaded Vivado IP repository 'C:/Xilinx/Vivado/2020.1/data/ip'.
WARNING: [IP_Flow 19-4995] The host OS only allows 260 characters in a normal path. The IP cache path is more than 80 characters. If you experience issues with IP caching, please consider changing the IP cache to a location with a shorter path. Alternately consider using the OS subst command to map part of the path to a drive letter. 
Current IP cache path is c:/Users/byane/OneDrive/Escritorio/Proyecto1/Electric_Hook/Electric_Hook.cache/ip 
Command: synth_design -top Electric_hook_bd_main_0_1 -part xc7z010clg400-1 -mode out_of_context
Starting synth_design
Attempting to get a license for feature 'Synthesis' and/or device 'xc7z010'
INFO: [Common 17-349] Got license for feature 'Synthesis' and/or device 'xc7z010'
INFO: [Device 21-403] Loading part xc7z010clg400-1
INFO: [Synth 8-7079] Multithreading enabled for synth_design using a maximum of 2 processes.
INFO: [Synth 8-7078] Launching helper process for spawning children vivado processes
INFO: [Synth 8-7075] Helper process launched with PID 20824
---------------------------------------------------------------------------------
Starting RTL Elaboration : Time (s): cpu = 00:00:05 ; elapsed = 00:00:09 . Memory (MB): peak = 1169.230 ; gain = 0.000
---------------------------------------------------------------------------------
INFO: [Synth 8-638] synthesizing module 'Electric_hook_bd_main_0_1' [c:/Users/byane/OneDrive/Escritorio/Proyecto1/Electric_Hook/Electric_Hook.srcs/sources_1/bd/Electric_hook_bd/ip/Electric_hook_bd_main_0_1/synth/Electric_hook_bd_main_0_1.vhd:76]
INFO: [Synth 8-3491] module 'main' declared at 'c:/Users/byane/OneDrive/Escritorio/Proyecto1/Electric_Hook/Electric_Hook.srcs/sources_1/bd/Electric_hook_bd/ipshared/d317/src/main.vhd:7' bound to instance 'U0' of component 'main' [c:/Users/byane/OneDrive/Escritorio/Proyecto1/Electric_Hook/Electric_Hook.srcs/sources_1/bd/Electric_hook_bd/ip/Electric_hook_bd_main_0_1/synth/Electric_hook_bd_main_0_1.vhd:107]
INFO: [Synth 8-638] synthesizing module 'main' [c:/Users/byane/OneDrive/Escritorio/Proyecto1/Electric_Hook/Electric_Hook.srcs/sources_1/bd/Electric_hook_bd/ipshared/d317/src/main.vhd:29]
INFO: [Synth 8-3491] module 'debouncer' declared at 'c:/Users/byane/OneDrive/Escritorio/Proyecto1/Electric_Hook/Electric_Hook.srcs/sources_1/bd/Electric_hook_bd/ipshared/d317/src/debouncer.vhd:6' bound to instance 'debounce0' of component 'debouncer' [c:/Users/byane/OneDrive/Escritorio/Proyecto1/Electric_Hook/Electric_Hook.srcs/sources_1/bd/Electric_hook_bd/ipshared/d317/src/main.vhd:74]
INFO: [Synth 8-638] synthesizing module 'debouncer' [c:/Users/byane/OneDrive/Escritorio/Proyecto1/Electric_Hook/Electric_Hook.srcs/sources_1/bd/Electric_hook_bd/ipshared/d317/src/debouncer.vhd:14]
INFO: [Synth 8-256] done synthesizing module 'debouncer' (1#1) [c:/Users/byane/OneDrive/Escritorio/Proyecto1/Electric_Hook/Electric_Hook.srcs/sources_1/bd/Electric_hook_bd/ipshared/d317/src/debouncer.vhd:14]
INFO: [Synth 8-3491] module 'debouncer' declared at 'c:/Users/byane/OneDrive/Escritorio/Proyecto1/Electric_Hook/Electric_Hook.srcs/sources_1/bd/Electric_hook_bd/ipshared/d317/src/debouncer.vhd:6' bound to instance 'debounce1' of component 'debouncer' [c:/Users/byane/OneDrive/Escritorio/Proyecto1/Electric_Hook/Electric_Hook.srcs/sources_1/bd/Electric_hook_bd/ipshared/d317/src/main.vhd:78]
INFO: [Synth 8-3491] module 'debouncer' declared at 'c:/Users/byane/OneDrive/Escritorio/Proyecto1/Electric_Hook/Electric_Hook.srcs/sources_1/bd/Electric_hook_bd/ipshared/d317/src/debouncer.vhd:6' bound to instance 'debounce2' of component 'debouncer' [c:/Users/byane/OneDrive/Escritorio/Proyecto1/Electric_Hook/Electric_Hook.srcs/sources_1/bd/Electric_hook_bd/ipshared/d317/src/main.vhd:82]
INFO: [Synth 8-3491] module 'debouncer' declared at 'c:/Users/byane/OneDrive/Escritorio/Proyecto1/Electric_Hook/Electric_Hook.srcs/sources_1/bd/Electric_hook_bd/ipshared/d317/src/debouncer.vhd:6' bound to instance 'debounce3' of component 'debouncer' [c:/Users/byane/OneDrive/Escritorio/Proyecto1/Electric_Hook/Electric_Hook.srcs/sources_1/bd/Electric_hook_bd/ipshared/d317/src/main.vhd:86]
INFO: [Synth 8-3491] module 'clk_div' declared at 'c:/Users/byane/OneDrive/Escritorio/Proyecto1/Electric_Hook/Electric_Hook.srcs/sources_1/bd/Electric_hook_bd/ipshared/d317/src/clk_div.vhd:6' bound to instance 'clk_divider' of component 'clk_div' [c:/Users/byane/OneDrive/Escritorio/Proyecto1/Electric_Hook/Electric_Hook.srcs/sources_1/bd/Electric_hook_bd/ipshared/d317/src/main.vhd:90]
INFO: [Synth 8-638] synthesizing module 'clk_div' [c:/Users/byane/OneDrive/Escritorio/Proyecto1/Electric_Hook/Electric_Hook.srcs/sources_1/bd/Electric_hook_bd/ipshared/d317/src/clk_div.vhd:15]
INFO: [Synth 8-256] done synthesizing module 'clk_div' (2#1) [c:/Users/byane/OneDrive/Escritorio/Proyecto1/Electric_Hook/Electric_Hook.srcs/sources_1/bd/Electric_hook_bd/ipshared/d317/src/clk_div.vhd:15]
INFO: [Synth 8-3491] module 'rgb_controller' declared at 'c:/Users/byane/OneDrive/Escritorio/Proyecto1/Electric_Hook/Electric_Hook.srcs/sources_1/bd/Electric_hook_bd/ipshared/d317/src/rgb_controller.vhd:5' bound to instance 'rgb_control' of component 'rgb_controller' [c:/Users/byane/OneDrive/Escritorio/Proyecto1/Electric_Hook/Electric_Hook.srcs/sources_1/bd/Electric_hook_bd/ipshared/d317/src/main.vhd:94]
INFO: [Synth 8-638] synthesizing module 'rgb_controller' [c:/Users/byane/OneDrive/Escritorio/Proyecto1/Electric_Hook/Electric_Hook.srcs/sources_1/bd/Electric_hook_bd/ipshared/d317/src/rgb_controller.vhd:12]
INFO: [Synth 8-256] done synthesizing module 'rgb_controller' (3#1) [c:/Users/byane/OneDrive/Escritorio/Proyecto1/Electric_Hook/Electric_Hook.srcs/sources_1/bd/Electric_hook_bd/ipshared/d317/src/rgb_controller.vhd:12]
INFO: [Synth 8-256] done synthesizing module 'main' (4#1) [c:/Users/byane/OneDrive/Escritorio/Proyecto1/Electric_Hook/Electric_Hook.srcs/sources_1/bd/Electric_hook_bd/ipshared/d317/src/main.vhd:29]
INFO: [Synth 8-256] done synthesizing module 'Electric_hook_bd_main_0_1' (5#1) [c:/Users/byane/OneDrive/Escritorio/Proyecto1/Electric_Hook/Electric_Hook.srcs/sources_1/bd/Electric_hook_bd/ip/Electric_hook_bd_main_0_1/synth/Electric_hook_bd_main_0_1.vhd:76]
---------------------------------------------------------------------------------
Finished RTL Elaboration : Time (s): cpu = 00:00:07 ; elapsed = 00:00:11 . Memory (MB): peak = 1169.230 ; gain = 0.000
---------------------------------------------------------------------------------
---------------------------------------------------------------------------------
Start Handling Custom Attributes
---------------------------------------------------------------------------------
---------------------------------------------------------------------------------
Finished Handling Custom Attributes : Time (s): cpu = 00:00:07 ; elapsed = 00:00:12 . Memory (MB): peak = 1169.230 ; gain = 0.000
---------------------------------------------------------------------------------
---------------------------------------------------------------------------------
Finished RTL Optimization Phase 1 : Time (s): cpu = 00:00:07 ; elapsed = 00:00:12 . Memory (MB): peak = 1169.230 ; gain = 0.000
---------------------------------------------------------------------------------
Netlist sorting complete. Time (s): cpu = 00:00:00 ; elapsed = 00:00:00.005 . Memory (MB): peak = 1169.230 ; gain = 0.000
INFO: [Project 1-570] Preparing netlist for logic optimization

Processing XDC Constraints
Initializing timing engine
Completed Processing XDC Constraints

Netlist sorting complete. Time (s): cpu = 00:00:00 ; elapsed = 00:00:00 . Memory (MB): peak = 1169.230 ; gain = 0.000
INFO: [Project 1-111] Unisim Transformation Summary:
No Unisim elements were transformed.

Constraint Validation Runtime : Time (s): cpu = 00:00:00 ; elapsed = 00:00:00.084 . Memory (MB): peak = 1169.230 ; gain = 0.000
---------------------------------------------------------------------------------
Finished Constraint Validation : Time (s): cpu = 00:00:14 ; elapsed = 00:00:22 . Memory (MB): peak = 1169.230 ; gain = 0.000
---------------------------------------------------------------------------------
---------------------------------------------------------------------------------
Start Loading Part and Timing Information
---------------------------------------------------------------------------------
Loading part: xc7z010clg400-1
---------------------------------------------------------------------------------
Finished Loading Part and Timing Information : Time (s): cpu = 00:00:14 ; elapsed = 00:00:22 . Memory (MB): peak = 1169.230 ; gain = 0.000
---------------------------------------------------------------------------------
---------------------------------------------------------------------------------
Start Applying 'set_property' XDC Constraints
---------------------------------------------------------------------------------
---------------------------------------------------------------------------------
Finished applying 'set_property' XDC Constraints : Time (s): cpu = 00:00:14 ; elapsed = 00:00:22 . Memory (MB): peak = 1169.230 ; gain = 0.000
---------------------------------------------------------------------------------
INFO: [Synth 8-802] inferred FSM for state register 'state_reg' in module 'main'
---------------------------------------------------------------------------------------------------
                   State |                     New Encoding |                Previous Encoding 
---------------------------------------------------------------------------------------------------
                 iSTATE0 |                              001 |                               00
                  iSTATE |                              010 |                               01
*
                 iSTATE1 |                              100 |                               10
---------------------------------------------------------------------------------------------------
INFO: [Synth 8-3354] encoded FSM with state register 'state_reg' using encoding 'one-hot' in module 'main'
---------------------------------------------------------------------------------
Finished RTL Optimization Phase 2 : Time (s): cpu = 00:00:14 ; elapsed = 00:00:22 . Memory (MB): peak = 1169.230 ; gain = 0.000
---------------------------------------------------------------------------------
---------------------------------------------------------------------------------
Start RTL Component Statistics 
---------------------------------------------------------------------------------
Detailed RTL Component Info : 
+---Adders : 
	   2 Input   31 Bit       Adders := 1     
	   2 Input   29 Bit       Adders := 1     
+---Registers : 
	               10 Bit    Registers := 4     
	                1 Bit    Registers := 11    
+---Muxes : 
	   2 Input   31 Bit        Muxes := 1     
	   2 Input   29 Bit        Muxes := 1     
	   2 Input    4 Bit        Muxes := 2     
	   2 Input    3 Bit        Muxes := 3     
	   2 Input    1 Bit        Muxes := 8     
---------------------------------------------------------------------------------
Finished RTL Component Statistics 
---------------------------------------------------------------------------------
---------------------------------------------------------------------------------
Start Part Resource Summary
---------------------------------------------------------------------------------
Part Resources:
DSPs: 80 (col length:40)
BRAMs: 120 (col length: RAMB18 40 RAMB36 20)
---------------------------------------------------------------------------------
Finished Part Resource Summary
---------------------------------------------------------------------------------
---------------------------------------------------------------------------------
Start Cross Boundary and Area Optimization
---------------------------------------------------------------------------------
---------------------------------------------------------------------------------
Finished Cross Boundary and Area Optimization : Time (s): cpu = 00:00:16 ; elapsed = 00:00:24 . Memory (MB): peak = 1169.230 ; gain = 0.000
---------------------------------------------------------------------------------
---------------------------------------------------------------------------------
Start Applying XDC Timing Constraints
---------------------------------------------------------------------------------
---------------------------------------------------------------------------------
Finished Applying XDC Timing Constraints : Time (s): cpu = 00:00:24 ; elapsed = 00:00:32 . Memory (MB): peak = 1169.230 ; gain = 0.000
---------------------------------------------------------------------------------
---------------------------------------------------------------------------------
Start Timing Optimization
---------------------------------------------------------------------------------
---------------------------------------------------------------------------------
Finished Timing Optimization : Time (s): cpu = 00:00:24 ; elapsed = 00:00:32 . Memory (MB): peak = 1169.230 ; gain = 0.000
---------------------------------------------------------------------------------
---------------------------------------------------------------------------------
Start Technology Mapping
---------------------------------------------------------------------------------
---------------------------------------------------------------------------------
Finished Technology Mapping : Time (s): cpu = 00:00:24 ; elapsed = 00:00:32 . Memory (MB): peak = 1169.230 ; gain = 0.000
---------------------------------------------------------------------------------
---------------------------------------------------------------------------------
Start IO Insertion
---------------------------------------------------------------------------------
---------------------------------------------------------------------------------
Start Flattening Before IO Insertion
---------------------------------------------------------------------------------
---------------------------------------------------------------------------------
Finished Flattening Before IO Insertion
---------------------------------------------------------------------------------
---------------------------------------------------------------------------------
Start Final Netlist Cleanup
---------------------------------------------------------------------------------
---------------------------------------------------------------------------------
Finished Final Netlist Cleanup
---------------------------------------------------------------------------------
---------------------------------------------------------------------------------
Finished IO Insertion : Time (s): cpu = 00:00:27 ; elapsed = 00:00:36 . Memory (MB): peak = 1169.230 ; gain = 0.000
---------------------------------------------------------------------------------
---------------------------------------------------------------------------------
Start Renaming Generated Instances
---------------------------------------------------------------------------------
---------------------------------------------------------------------------------
Finished Renaming Generated Instances : Time (s): cpu = 00:00:27 ; elapsed = 00:00:36 . Memory (MB): peak = 1169.230 ; gain = 0.000
---------------------------------------------------------------------------------
---------------------------------------------------------------------------------
Start Rebuilding User Hierarchy
---------------------------------------------------------------------------------
---------------------------------------------------------------------------------
Finished Rebuilding User Hierarchy : Time (s): cpu = 00:00:28 ; elapsed = 00:00:36 . Memory (MB): peak = 1169.230 ; gain = 0.000
---------------------------------------------------------------------------------
---------------------------------------------------------------------------------
Start Renaming Generated Ports
---------------------------------------------------------------------------------
---------------------------------------------------------------------------------
Finished Renaming Generated Ports : Time (s): cpu = 00:00:28 ; elapsed = 00:00:36 . Memory (MB): peak = 1169.230 ; gain = 0.000
---------------------------------------------------------------------------------
---------------------------------------------------------------------------------
Start Handling Custom Attributes
---------------------------------------------------------------------------------
---------------------------------------------------------------------------------
Finished Handling Custom Attributes : Time (s): cpu = 00:00:28 ; elapsed = 00:00:36 . Memory (MB): peak = 1169.230 ; gain = 0.000
---------------------------------------------------------------------------------
---------------------------------------------------------------------------------
Start Renaming Generated Nets
---------------------------------------------------------------------------------
---------------------------------------------------------------------------------
Finished Renaming Generated Nets : Time (s): cpu = 00:00:28 ; elapsed = 00:00:36 . Memory (MB): peak = 1169.230 ; gain = 0.000
---------------------------------------------------------------------------------
---------------------------------------------------------------------------------
Start Writing Synthesis Report
---------------------------------------------------------------------------------

Report BlackBoxes: 
+-+--------------+----------+
| |BlackBox name |Instances |
+-+--------------+----------+
+-+--------------+----------+

Report Cell Usage: 
+------+-------+------+
|      |Cell   |Count |
+------+-------+------+
|1     |CARRY4 |    43|
|2     |LUT1   |    17|
|3     |LUT2   |    84|
|4     |LUT3   |    12|
|5     |LUT4   |     6|
|6     |LUT5   |     3|
|7     |LUT6   |     3|
|8     |FDRE   |   146|
+------+-------+------+
---------------------------------------------------------------------------------
Finished Writing Synthesis Report : Time (s): cpu = 00:00:28 ; elapsed = 00:00:36 . Memory (MB): peak = 1169.230 ; gain = 0.000
---------------------------------------------------------------------------------
Synthesis finished with 0 errors, 0 critical warnings and 0 warnings.
Synthesis Optimization Runtime : Time (s): cpu = 00:00:18 ; elapsed = 00:00:31 . Memory (MB): peak = 1169.230 ; gain = 0.000
Synthesis Optimization Complete : Time (s): cpu = 00:00:28 ; elapsed = 00:00:36 . Memory (MB): peak = 1169.230 ; gain = 0.000
INFO: [Project 1-571] Translating synthesized netlist
Netlist sorting complete. Time (s): cpu = 00:00:00 ; elapsed = 00:00:00.003 . Memory (MB): peak = 1169.230 ; gain = 0.000
INFO: [Netlist 29-17] Analyzing 43 Unisim elements for replacement
INFO: [Netlist 29-28] Unisim Transformation completed in 0 CPU seconds
INFO: [Project 1-570] Preparing netlist for logic optimization
INFO: [Opt 31-138] Pushed 0 inverter(s) to 0 load pin(s).
Netlist sorting complete. Time (s): cpu = 00:00:00 ; elapsed = 00:00:00 . Memory (MB): peak = 1169.230 ; gain = 0.000
INFO: [Project 1-111] Unisim Transformation Summary:
No Unisim elements were transformed.

INFO: [Common 17-83] Releasing license: Synthesis
36 Infos, 1 Warnings, 0 Critical Warnings and 0 Errors encountered.
synth_design completed successfully
synth_design: Time (s): cpu = 00:00:35 ; elapsed = 00:00:46 . Memory (MB): peak = 1169.230 ; gain = 0.000
INFO: [Common 17-1381] The checkpoint 'C:/Users/byane/OneDrive/Escritorio/Proyecto1/Electric_Hook/Electric_Hook.runs/Electric_hook_bd_main_0_1_synth_1/Electric_hook_bd_main_0_1.dcp' has been generated.
WARNING: [Common 17-576] 'use_project_ipc' is deprecated. This option is deprecated and no longer used.
INFO: [Coretcl 2-1648] Added synthesis output to IP cache for IP Electric_hook_bd_main_0_1, cache-ID = 18647e81f8a66f15
INFO: [Coretcl 2-1174] Renamed 7 cell refs.
INFO: [Common 17-1381] The checkpoint 'C:/Users/byane/OneDrive/Escritorio/Proyecto1/Electric_Hook/Electric_Hook.runs/Electric_hook_bd_main_0_1_synth_1/Electric_hook_bd_main_0_1.dcp' has been generated.
INFO: [runtcl-4] Executing : report_utilization -file Electric_hook_bd_main_0_1_utilization_synth.rpt -pb Electric_hook_bd_main_0_1_utilization_synth.pb
INFO: [Common 17-206] Exiting Vivado at Tue Oct 14 14:56:57 2025...
