
*** Running vivado
    with args -log Electric_hook_bd_catch_fish_0_0.vds -m64 -product Vivado -mode batch -messageDb vivado.pb -notrace -source Electric_hook_bd_catch_fish_0_0.tcl



****** Vivado v2020.1 (64-bit)
  **** SW Build 2902540 on Wed May 27 19:54:49 MDT 2020
  **** IP Build 2902112 on Wed May 27 22:43:36 MDT 2020
    ** Copyright 1986-2020 Xilinx, Inc. All Rights Reserved.

source Electric_hook_bd_catch_fish_0_0.tcl -notrace
INFO: [IP_Flow 19-234] Refreshing IP repositories
INFO: [IP_Flow 19-1700] Loaded user IP repository 'c:/Users/Gabriela Rivera/OneDrive/Escritorio/Proyecto1/ip_repo/puntaje_1.0'.
INFO: [IP_Flow 19-1700] Loaded user IP repository 'c:/Users/Gabriela Rivera/OneDrive/Escritorio/Proyecto_1/Ip_cores'.
INFO: [IP_Flow 19-2313] Loaded Vivado IP repository 'C:/Xilinx/Vivado/2020.1/data/ip'.
WARNING: [IP_Flow 19-1663] Duplicate IP found for 'xilinx.com:user:puntaje:1.0'. The one found in IP location 'c:/Users/Gabriela Rivera/OneDrive/Escritorio/Proyecto1/ip_repo/puntaje_1.0' will take precedence over the same IP in location c:/Users/Gabriela Rivera/OneDrive/Escritorio/Proyecto_1/Ip_cores/puntaje_1.0
WARNING: [IP_Flow 19-4995] The host OS only allows 260 characters in a normal path. The IP cache path is more than 80 characters. If you experience issues with IP caching, please consider changing the IP cache to a location with a shorter path. Alternately consider using the OS subst command to map part of the path to a drive letter. 
Current IP cache path is c:/Users/Gabriela Rivera/OneDrive/Escritorio/Proyecto_1/electric_hook/electric_hook.cache/ip 
Command: synth_design -top Electric_hook_bd_catch_fish_0_0 -part xc7z010clg400-1 -mode out_of_context
Starting synth_design
Attempting to get a license for feature 'Synthesis' and/or device 'xc7z010'
INFO: [Common 17-349] Got license for feature 'Synthesis' and/or device 'xc7z010'
INFO: [Device 21-403] Loading part xc7z010clg400-1
INFO: [Synth 8-7079] Multithreading enabled for synth_design using a maximum of 2 processes.
INFO: [Synth 8-7078] Launching helper process for spawning children vivado processes
INFO: [Synth 8-7075] Helper process launched with PID 30148
---------------------------------------------------------------------------------
Starting RTL Elaboration : Time (s): cpu = 00:00:10 ; elapsed = 00:00:12 . Memory (MB): peak = 1066.465 ; gain = 0.000
---------------------------------------------------------------------------------
INFO: [Synth 8-638] synthesizing module 'Electric_hook_bd_catch_fish_0_0' [c:/Users/Gabriela Rivera/OneDrive/Escritorio/Proyecto_1/electric_hook/electric_hook.srcs/sources_1/bd/Electric_hook_bd/ip/Electric_hook_bd_catch_fish_0_0/synth/Electric_hook_bd_catch_fish_0_0.vhd:68]
INFO: [Synth 8-3491] module 'catch_fish' declared at 'c:/Users/Gabriela Rivera/OneDrive/Escritorio/Proyecto_1/electric_hook/electric_hook.srcs/sources_1/bd/Electric_hook_bd/ipshared/7ac1/src/catch_fish.vhd:6' bound to instance 'U0' of component 'catch_fish' [c:/Users/Gabriela Rivera/OneDrive/Escritorio/Proyecto_1/electric_hook/electric_hook.srcs/sources_1/bd/Electric_hook_bd/ip/Electric_hook_bd_catch_fish_0_0/synth/Electric_hook_bd_catch_fish_0_0.vhd:95]
INFO: [Synth 8-638] synthesizing module 'catch_fish' [c:/Users/Gabriela Rivera/OneDrive/Escritorio/Proyecto_1/electric_hook/electric_hook.srcs/sources_1/bd/Electric_hook_bd/ipshared/7ac1/src/catch_fish.vhd:20]
WARNING: [Synth 8-614] signal 'enable' is read in the process but is not in the sensitivity list [c:/Users/Gabriela Rivera/OneDrive/Escritorio/Proyecto_1/electric_hook/electric_hook.srcs/sources_1/bd/Electric_hook_bd/ipshared/7ac1/src/catch_fish.vhd:23]
INFO: [Synth 8-256] done synthesizing module 'catch_fish' (1#1) [c:/Users/Gabriela Rivera/OneDrive/Escritorio/Proyecto_1/electric_hook/electric_hook.srcs/sources_1/bd/Electric_hook_bd/ipshared/7ac1/src/catch_fish.vhd:20]
INFO: [Synth 8-256] done synthesizing module 'Electric_hook_bd_catch_fish_0_0' (2#1) [c:/Users/Gabriela Rivera/OneDrive/Escritorio/Proyecto_1/electric_hook/electric_hook.srcs/sources_1/bd/Electric_hook_bd/ip/Electric_hook_bd_catch_fish_0_0/synth/Electric_hook_bd_catch_fish_0_0.vhd:68]
---------------------------------------------------------------------------------
Finished RTL Elaboration : Time (s): cpu = 00:00:12 ; elapsed = 00:00:14 . Memory (MB): peak = 1066.465 ; gain = 0.000
---------------------------------------------------------------------------------
---------------------------------------------------------------------------------
Start Handling Custom Attributes
---------------------------------------------------------------------------------
---------------------------------------------------------------------------------
Finished Handling Custom Attributes : Time (s): cpu = 00:00:13 ; elapsed = 00:00:15 . Memory (MB): peak = 1066.465 ; gain = 0.000
---------------------------------------------------------------------------------
---------------------------------------------------------------------------------
Finished RTL Optimization Phase 1 : Time (s): cpu = 00:00:13 ; elapsed = 00:00:15 . Memory (MB): peak = 1066.465 ; gain = 0.000
---------------------------------------------------------------------------------
Netlist sorting complete. Time (s): cpu = 00:00:00 ; elapsed = 00:00:00.009 . Memory (MB): peak = 1066.465 ; gain = 0.000
INFO: [Project 1-570] Preparing netlist for logic optimization

Processing XDC Constraints
Initializing timing engine
Completed Processing XDC Constraints

Netlist sorting complete. Time (s): cpu = 00:00:00 ; elapsed = 00:00:00 . Memory (MB): peak = 1126.969 ; gain = 0.000
INFO: [Project 1-111] Unisim Transformation Summary:
No Unisim elements were transformed.

Constraint Validation Runtime : Time (s): cpu = 00:00:00 ; elapsed = 00:00:00.046 . Memory (MB): peak = 1127.008 ; gain = 0.039
---------------------------------------------------------------------------------
Finished Constraint Validation : Time (s): cpu = 00:00:24 ; elapsed = 00:00:28 . Memory (MB): peak = 1127.008 ; gain = 60.543
---------------------------------------------------------------------------------
---------------------------------------------------------------------------------
Start Loading Part and Timing Information
---------------------------------------------------------------------------------
Loading part: xc7z010clg400-1
---------------------------------------------------------------------------------
Finished Loading Part and Timing Information : Time (s): cpu = 00:00:24 ; elapsed = 00:00:28 . Memory (MB): peak = 1127.008 ; gain = 60.543
---------------------------------------------------------------------------------
---------------------------------------------------------------------------------
Start Applying 'set_property' XDC Constraints
---------------------------------------------------------------------------------
---------------------------------------------------------------------------------
Finished applying 'set_property' XDC Constraints : Time (s): cpu = 00:00:24 ; elapsed = 00:00:28 . Memory (MB): peak = 1127.008 ; gain = 60.543
---------------------------------------------------------------------------------
INFO: [Synth 8-802] inferred FSM for state register 'estado_reg' in module 'catch_fish'
---------------------------------------------------------------------------------------------------
                   State |                     New Encoding |                Previous Encoding 
---------------------------------------------------------------------------------------------------
                 iSTATE0 |                           000001 | 00000000000000000000000000000000
                 iSTATE1 |                           000010 | 00000000000000000000000000000001
                 iSTATE2 |                           000100 | 00000000000000000000000000000010
                 iSTATE3 |                           001000 | 00000000000000000000000000000011
                 iSTATE4 |                           010000 | 00000000000000000000000000000100
                  iSTATE |                           100000 | 00000000000000000000000000000101
*
---------------------------------------------------------------------------------------------------
INFO: [Synth 8-3354] encoded FSM with state register 'estado_reg' using encoding 'one-hot' in module 'catch_fish'
---------------------------------------------------------------------------------
Finished RTL Optimization Phase 2 : Time (s): cpu = 00:00:25 ; elapsed = 00:00:29 . Memory (MB): peak = 1127.008 ; gain = 60.543
---------------------------------------------------------------------------------
---------------------------------------------------------------------------------
Start RTL Component Statistics 
---------------------------------------------------------------------------------
Detailed RTL Component Info : 
+---Registers : 
	                4 Bit    Registers := 1     
	                1 Bit    Registers := 1     
+---Muxes : 
	   6 Input    6 Bit        Muxes := 1     
	   6 Input    4 Bit        Muxes := 1     
	   7 Input    1 Bit        Muxes := 1     
---------------------------------------------------------------------------------
Finished RTL Component Statistics 
---------------------------------------------------------------------------------
---------------------------------------------------------------------------------
Start Part Resource Summary
---------------------------------------------------------------------------------
Part Resources:
DSPs: 80 (col length:40)
BRAMs: 120 (col length: RAMB18 40 RAMB36 20)
---------------------------------------------------------------------------------
Finished Part Resource Summary
---------------------------------------------------------------------------------
---------------------------------------------------------------------------------
Start Cross Boundary and Area Optimization
---------------------------------------------------------------------------------
---------------------------------------------------------------------------------
Finished Cross Boundary and Area Optimization : Time (s): cpu = 00:00:27 ; elapsed = 00:00:31 . Memory (MB): peak = 1127.008 ; gain = 60.543
---------------------------------------------------------------------------------
---------------------------------------------------------------------------------
Start Applying XDC Timing Constraints
---------------------------------------------------------------------------------
---------------------------------------------------------------------------------
Finished Applying XDC Timing Constraints : Time (s): cpu = 00:00:40 ; elapsed = 00:00:45 . Memory (MB): peak = 1128.207 ; gain = 61.742
---------------------------------------------------------------------------------
---------------------------------------------------------------------------------
Start Timing Optimization
---------------------------------------------------------------------------------
---------------------------------------------------------------------------------
Finished Timing Optimization : Time (s): cpu = 00:00:40 ; elapsed = 00:00:45 . Memory (MB): peak = 1128.207 ; gain = 61.742
---------------------------------------------------------------------------------
---------------------------------------------------------------------------------
Start Technology Mapping
---------------------------------------------------------------------------------
---------------------------------------------------------------------------------
Finished Technology Mapping : Time (s): cpu = 00:00:40 ; elapsed = 00:00:45 . Memory (MB): peak = 1156.809 ; gain = 90.344
---------------------------------------------------------------------------------
---------------------------------------------------------------------------------
Start IO Insertion
---------------------------------------------------------------------------------
---------------------------------------------------------------------------------
Start Flattening Before IO Insertion
---------------------------------------------------------------------------------
---------------------------------------------------------------------------------
Finished Flattening Before IO Insertion
---------------------------------------------------------------------------------
---------------------------------------------------------------------------------
Start Final Netlist Cleanup
---------------------------------------------------------------------------------
---------------------------------------------------------------------------------
Finished Final Netlist Cleanup
---------------------------------------------------------------------------------
---------------------------------------------------------------------------------
Finished IO Insertion : Time (s): cpu = 00:00:46 ; elapsed = 00:00:51 . Memory (MB): peak = 1156.809 ; gain = 90.344
---------------------------------------------------------------------------------
---------------------------------------------------------------------------------
Start Renaming Generated Instances
---------------------------------------------------------------------------------
---------------------------------------------------------------------------------
Finished Renaming Generated Instances : Time (s): cpu = 00:00:46 ; elapsed = 00:00:51 . Memory (MB): peak = 1156.809 ; gain = 90.344
---------------------------------------------------------------------------------
---------------------------------------------------------------------------------
Start Rebuilding User Hierarchy
---------------------------------------------------------------------------------
---------------------------------------------------------------------------------
Finished Rebuilding User Hierarchy : Time (s): cpu = 00:00:46 ; elapsed = 00:00:51 . Memory (MB): peak = 1156.809 ; gain = 90.344
---------------------------------------------------------------------------------
---------------------------------------------------------------------------------
Start Renaming Generated Ports
---------------------------------------------------------------------------------
---------------------------------------------------------------------------------
Finished Renaming Generated Ports : Time (s): cpu = 00:00:46 ; elapsed = 00:00:51 . Memory (MB): peak = 1156.809 ; gain = 90.344
---------------------------------------------------------------------------------
---------------------------------------------------------------------------------
Start Handling Custom Attributes
---------------------------------------------------------------------------------
---------------------------------------------------------------------------------
Finished Handling Custom Attributes : Time (s): cpu = 00:00:46 ; elapsed = 00:00:51 . Memory (MB): peak = 1156.809 ; gain = 90.344
---------------------------------------------------------------------------------
---------------------------------------------------------------------------------
Start Renaming Generated Nets
---------------------------------------------------------------------------------
---------------------------------------------------------------------------------
Finished Renaming Generated Nets : Time (s): cpu = 00:00:46 ; elapsed = 00:00:51 . Memory (MB): peak = 1156.809 ; gain = 90.344
---------------------------------------------------------------------------------
---------------------------------------------------------------------------------
Start Writing Synthesis Report
---------------------------------------------------------------------------------

Report BlackBoxes: 
+-+--------------+----------+
| |BlackBox name |Instances |
+-+--------------+----------+
+-+--------------+----------+

Report Cell Usage: 
+------+-----+------+
|      |Cell |Count |
+------+-----+------+
|1     |LUT2 |     2|
|2     |LUT4 |     1|
|3     |LUT5 |     2|
|4     |LUT6 |     3|
|5     |FDRE |    10|
+------+-----+------+
---------------------------------------------------------------------------------
Finished Writing Synthesis Report : Time (s): cpu = 00:00:46 ; elapsed = 00:00:51 . Memory (MB): peak = 1156.809 ; gain = 90.344
---------------------------------------------------------------------------------
Synthesis finished with 0 errors, 0 critical warnings and 0 warnings.
Synthesis Optimization Runtime : Time (s): cpu = 00:00:30 ; elapsed = 00:00:48 . Memory (MB): peak = 1156.809 ; gain = 29.801
Synthesis Optimization Complete : Time (s): cpu = 00:00:46 ; elapsed = 00:00:51 . Memory (MB): peak = 1156.809 ; gain = 90.344
INFO: [Project 1-571] Translating synthesized netlist
Netlist sorting complete. Time (s): cpu = 00:00:00 ; elapsed = 00:00:00 . Memory (MB): peak = 1164.680 ; gain = 0.000
INFO: [Project 1-570] Preparing netlist for logic optimization
INFO: [Opt 31-138] Pushed 0 inverter(s) to 0 load pin(s).
Netlist sorting complete. Time (s): cpu = 00:00:00 ; elapsed = 00:00:00 . Memory (MB): peak = 1174.012 ; gain = 0.000
INFO: [Project 1-111] Unisim Transformation Summary:
No Unisim elements were transformed.

INFO: [Common 17-83] Releasing license: Synthesis
23 Infos, 3 Warnings, 0 Critical Warnings and 0 Errors encountered.
synth_design completed successfully
synth_design: Time (s): cpu = 00:00:54 ; elapsed = 00:01:03 . Memory (MB): peak = 1174.012 ; gain = 107.547
INFO: [Common 17-1381] The checkpoint 'C:/Users/Gabriela Rivera/OneDrive/Escritorio/Proyecto_1/electric_hook/electric_hook.runs/Electric_hook_bd_catch_fish_0_0_synth_1/Electric_hook_bd_catch_fish_0_0.dcp' has been generated.
WARNING: [Common 17-576] 'use_project_ipc' is deprecated. This option is deprecated and no longer used.
INFO: [Coretcl 2-1648] Added synthesis output to IP cache for IP Electric_hook_bd_catch_fish_0_0, cache-ID = af01e175af9cb205
INFO: [Common 17-1381] The checkpoint 'C:/Users/Gabriela Rivera/OneDrive/Escritorio/Proyecto_1/electric_hook/electric_hook.runs/Electric_hook_bd_catch_fish_0_0_synth_1/Electric_hook_bd_catch_fish_0_0.dcp' has been generated.
INFO: [runtcl-4] Executing : report_utilization -file Electric_hook_bd_catch_fish_0_0_utilization_synth.rpt -pb Electric_hook_bd_catch_fish_0_0_utilization_synth.pb
INFO: [Common 17-206] Exiting Vivado at Tue Oct 14 18:51:51 2025...
