#-----------------------------------------------------------
# Vivado v2020.1 (64-bit)
# SW Build 2902540 on Wed May 27 19:54:49 MDT 2020
# IP Build 2902112 on Wed May 27 22:43:36 MDT 2020
# Start of session at: Tue Oct 14 18:50:37 2025
# Process ID: 12052
# Current directory: C:/Users/Gabriela Rivera/OneDrive/Escritorio/Proyecto_1/electric_hook/electric_hook.runs/Electric_hook_bd_catch_fish_0_0_synth_1
# Command line: vivado.exe -log Electric_hook_bd_catch_fish_0_0.vds -product Vivado -mode batch -messageDb vivado.pb -notrace -source Electric_hook_bd_catch_fish_0_0.tcl
# Log file: C:/Users/Gabriela Rivera/OneDrive/Escritorio/Proyecto_1/electric_hook/electric_hook.runs/Electric_hook_bd_catch_fish_0_0_synth_1/Electric_hook_bd_catch_fish_0_0.vds
# Journal file: C:/Users/Gabriela Rivera/OneDrive/Escritorio/Proyecto_1/electric_hook/electric_hook.runs/Electric_hook_bd_catch_fish_0_0_synth_1\vivado.jou
#-----------------------------------------------------------
source Electric_hook_bd_catch_fish_0_0.tcl -notrace
