
*** Running vivado
    with args -log Electric_hook_bd_wrapper.vdi -applog -m64 -product Vivado -messageDb vivado.pb -mode batch -source Electric_hook_bd_wrapper.tcl -notrace



****** Vivado v2020.1 (64-bit)
  **** SW Build 2902540 on Wed May 27 19:54:49 MDT 2020
  **** IP Build 2902112 on Wed May 27 22:43:36 MDT 2020
    ** Copyright 1986-2020 Xilinx, Inc. All Rights Reserved.

source Electric_hook_bd_wrapper.tcl -notrace
INFO: [IP_Flow 19-234] Refreshing IP repositories
INFO: [IP_Flow 19-1700] Loaded user IP repository 'c:/Users/Gabriela Rivera/OneDrive/Escritorio/Proyecto1/ip_repo/puntaje_1.0'.
INFO: [IP_Flow 19-1700] Loaded user IP repository 'c:/Users/Gabriela Rivera/OneDrive/Escritorio/Proyecto1/Ip_cores'.
INFO: [IP_Flow 19-2313] Loaded Vivado IP repository 'C:/Xilinx/Vivado/2020.1/data/ip'.
WARNING: [IP_Flow 19-4995] The host OS only allows 260 characters in a normal path. The IP cache path is more than 80 characters. If you experience issues with IP caching, please consider changing the IP cache to a location with a shorter path. Alternately consider using the OS subst command to map part of the path to a drive letter. 
Current IP cache path is C:/Users/Gabriela Rivera/OneDrive/Escritorio/Proyecto1/electric_hook/electric_hook.runs/impl_1/{C:/Users/Gabriela Rivera/OneDrive/Escritorio/Proyecto1/electric_hook/electric_hook.cache/ip} 
add_files: Time (s): cpu = 00:00:08 ; elapsed = 00:00:09 . Memory (MB): peak = 1068.586 ; gain = 0.000
Command: link_design -top Electric_hook_bd_wrapper -part xc7z010clg400-1
Design is defaulting to srcset: sources_1
Design is defaulting to constrset: constrs_1
INFO: [Device 21-403] Loading part xc7z010clg400-1
INFO: [Project 1-454] Reading design checkpoint 'c:/Users/Gabriela Rivera/OneDrive/Escritorio/Proyecto1/electric_hook/electric_hook.srcs/sources_1/bd/Electric_hook_bd/ip/Electric_hook_bd_axi_smc_0/Electric_hook_bd_axi_smc_0.dcp' for cell 'Electric_hook_bd_i/axi_smc'
INFO: [Project 1-454] Reading design checkpoint 'c:/Users/Gabriela Rivera/OneDrive/Escritorio/Proyecto1/electric_hook/electric_hook.srcs/sources_1/bd/Electric_hook_bd/ip/Electric_hook_bd_axi_smc_1_0/Electric_hook_bd_axi_smc_1_0.dcp' for cell 'Electric_hook_bd_i/axi_smc_1'
INFO: [Project 1-454] Reading design checkpoint 'c:/Users/Gabriela Rivera/OneDrive/Escritorio/Proyecto1/electric_hook/electric_hook.srcs/sources_1/bd/Electric_hook_bd/ip/Electric_hook_bd_axi_traffic_gen_0_0/Electric_hook_bd_axi_traffic_gen_0_0.dcp' for cell 'Electric_hook_bd_i/axi_traffic_gen_0'
INFO: [Project 1-454] Reading design checkpoint 'c:/Users/Gabriela Rivera/OneDrive/Escritorio/Proyecto1/electric_hook/electric_hook.srcs/sources_1/bd/Electric_hook_bd/ip/Electric_hook_bd_axi_traffic_gen_1_0/Electric_hook_bd_axi_traffic_gen_1_0.dcp' for cell 'Electric_hook_bd_i/axi_traffic_gen_1'
INFO: [Project 1-454] Reading design checkpoint 'c:/Users/Gabriela Rivera/OneDrive/Escritorio/Proyecto1/electric_hook/electric_hook.srcs/sources_1/bd/Electric_hook_bd/ip/Electric_hook_bd_axi_traffic_gen_2_0/Electric_hook_bd_axi_traffic_gen_2_0.dcp' for cell 'Electric_hook_bd_i/axi_traffic_gen_2'
INFO: [Project 1-454] Reading design checkpoint 'c:/Users/Gabriela Rivera/OneDrive/Escritorio/Proyecto1/electric_hook/electric_hook.srcs/sources_1/bd/Electric_hook_bd/ip/Electric_hook_bd_c_accum_0_0/Electric_hook_bd_c_accum_0_0.dcp' for cell 'Electric_hook_bd_i/c_accum_0'
INFO: [Project 1-454] Reading design checkpoint 'c:/Users/Gabriela Rivera/OneDrive/Escritorio/Proyecto1/electric_hook/electric_hook.srcs/sources_1/bd/Electric_hook_bd/ip/Electric_hook_bd_catch_fish_0_0/Electric_hook_bd_catch_fish_0_0.dcp' for cell 'Electric_hook_bd_i/catch_fish_0'
INFO: [Project 1-454] Reading design checkpoint 'c:/Users/Gabriela Rivera/OneDrive/Escritorio/Proyecto1/electric_hook/electric_hook.srcs/sources_1/bd/Electric_hook_bd/ip/Electric_hook_bd_clk_wiz_0/Electric_hook_bd_clk_wiz_0.dcp' for cell 'Electric_hook_bd_i/clk_wiz'
INFO: [Project 1-454] Reading design checkpoint 'c:/Users/Gabriela Rivera/OneDrive/Escritorio/Proyecto1/electric_hook/electric_hook.srcs/sources_1/bd/Electric_hook_bd/ip/Electric_hook_bd_ila_0_0/Electric_hook_bd_ila_0_0.dcp' for cell 'Electric_hook_bd_i/ila_0'
INFO: [Project 1-454] Reading design checkpoint 'c:/Users/Gabriela Rivera/OneDrive/Escritorio/Proyecto1/electric_hook/electric_hook.srcs/sources_1/bd/Electric_hook_bd/ip/Electric_hook_bd_main_0_1/Electric_hook_bd_main_0_1.dcp' for cell 'Electric_hook_bd_i/main_0'
INFO: [Project 1-454] Reading design checkpoint 'c:/Users/Gabriela Rivera/OneDrive/Escritorio/Proyecto1/electric_hook/electric_hook.srcs/sources_1/bd/Electric_hook_bd/ip/Electric_hook_bd_pull_fish_0_1/Electric_hook_bd_pull_fish_0_1.dcp' for cell 'Electric_hook_bd_i/pull_fish_0'
INFO: [Project 1-454] Reading design checkpoint 'c:/Users/Gabriela Rivera/OneDrive/Escritorio/Proyecto1/electric_hook/electric_hook.srcs/sources_1/bd/Electric_hook_bd/ip/Electric_hook_bd_puntaje_0_0/Electric_hook_bd_puntaje_0_0.dcp' for cell 'Electric_hook_bd_i/puntaje_0'
INFO: [Project 1-454] Reading design checkpoint 'c:/Users/Gabriela Rivera/OneDrive/Escritorio/Proyecto1/electric_hook/electric_hook.srcs/sources_1/bd/Electric_hook_bd/ip/Electric_hook_bd_ram_pull_fish_0_0/Electric_hook_bd_ram_pull_fish_0_0.dcp' for cell 'Electric_hook_bd_i/ram_pull_fish_0'
INFO: [Project 1-454] Reading design checkpoint 'c:/Users/Gabriela Rivera/OneDrive/Escritorio/Proyecto1/electric_hook/electric_hook.srcs/sources_1/bd/Electric_hook_bd/ip/Electric_hook_bd_rst_clk_wiz_100M_0/Electric_hook_bd_rst_clk_wiz_100M_0.dcp' for cell 'Electric_hook_bd_i/rst_clk_wiz_100M'
INFO: [Project 1-454] Reading design checkpoint 'c:/Users/Gabriela Rivera/OneDrive/Escritorio/Proyecto1/electric_hook/electric_hook.srcs/sources_1/bd/Electric_hook_bd/ip/Electric_hook_bd_vio_0_0/Electric_hook_bd_vio_0_0.dcp' for cell 'Electric_hook_bd_i/vio_0'
Netlist sorting complete. Time (s): cpu = 00:00:01 ; elapsed = 00:00:00.848 . Memory (MB): peak = 1068.586 ; gain = 0.000
INFO: [Netlist 29-17] Analyzing 1277 Unisim elements for replacement
INFO: [Netlist 29-28] Unisim Transformation completed in 1 CPU seconds
INFO: [Project 1-479] Netlist was created with Vivado 2020.1
INFO: [Project 1-570] Preparing netlist for logic optimization
INFO: [Opt 31-140] Inserted 1 IBUFs to IO ports without IO buffers.
WARNING: [Opt 31-35] Removing redundant IBUF, Electric_hook_bd_i/clk_wiz/inst/clkin1_ibufg, from the path connected to top-level port: clk 
Resolution: The tool has removed redundant IBUF. To resolve this warning, check for redundant IBUF in the input design.
WARNING: [Constraints 18-550] Could not create 'IBUF_LOW_PWR' constraint because net 'Electric_hook_bd_i/clk_wiz/clk_in1' is not directly connected to top level port. Synthesis is ignored for IBUF_LOW_PWR but preserved for implementation.
INFO: [Chipscope 16-324] Core: Electric_hook_bd_i/ila_0 UUID: b53c6f9d-dd54-5b50-ac14-dbc4a0f2ea85 
INFO: [Chipscope 16-324] Core: Electric_hook_bd_i/vio_0 UUID: b53848bb-c1f7-5f78-a692-47b03dbe3b70 
Parsing XDC File [c:/Users/Gabriela Rivera/OneDrive/Escritorio/Proyecto1/electric_hook/electric_hook.srcs/sources_1/bd/Electric_hook_bd/ip/Electric_hook_bd_axi_traffic_gen_1_0/Electric_hook_bd_axi_traffic_gen_1_0.xdc] for cell 'Electric_hook_bd_i/axi_traffic_gen_1/inst'
Finished Parsing XDC File [c:/Users/Gabriela Rivera/OneDrive/Escritorio/Proyecto1/electric_hook/electric_hook.srcs/sources_1/bd/Electric_hook_bd/ip/Electric_hook_bd_axi_traffic_gen_1_0/Electric_hook_bd_axi_traffic_gen_1_0.xdc] for cell 'Electric_hook_bd_i/axi_traffic_gen_1/inst'
Parsing XDC File [c:/Users/Gabriela Rivera/OneDrive/Escritorio/Proyecto1/electric_hook/electric_hook.srcs/sources_1/bd/Electric_hook_bd/ip/Electric_hook_bd_axi_smc_0/bd_0/ip/ip_1/bd_9987_psr_aclk_0_board.xdc] for cell 'Electric_hook_bd_i/axi_smc/inst/clk_map/psr_aclk/U0'
Finished Parsing XDC File [c:/Users/Gabriela Rivera/OneDrive/Escritorio/Proyecto1/electric_hook/electric_hook.srcs/sources_1/bd/Electric_hook_bd/ip/Electric_hook_bd_axi_smc_0/bd_0/ip/ip_1/bd_9987_psr_aclk_0_board.xdc] for cell 'Electric_hook_bd_i/axi_smc/inst/clk_map/psr_aclk/U0'
Parsing XDC File [c:/Users/Gabriela Rivera/OneDrive/Escritorio/Proyecto1/electric_hook/electric_hook.srcs/sources_1/bd/Electric_hook_bd/ip/Electric_hook_bd_axi_smc_0/bd_0/ip/ip_1/bd_9987_psr_aclk_0.xdc] for cell 'Electric_hook_bd_i/axi_smc/inst/clk_map/psr_aclk/U0'
Finished Parsing XDC File [c:/Users/Gabriela Rivera/OneDrive/Escritorio/Proyecto1/electric_hook/electric_hook.srcs/sources_1/bd/Electric_hook_bd/ip/Electric_hook_bd_axi_smc_0/bd_0/ip/ip_1/bd_9987_psr_aclk_0.xdc] for cell 'Electric_hook_bd_i/axi_smc/inst/clk_map/psr_aclk/U0'
Parsing XDC File [c:/Users/Gabriela Rivera/OneDrive/Escritorio/Proyecto1/electric_hook/electric_hook.srcs/sources_1/bd/Electric_hook_bd/ip/Electric_hook_bd_clk_wiz_0/Electric_hook_bd_clk_wiz_0_board.xdc] for cell 'Electric_hook_bd_i/clk_wiz/inst'
Finished Parsing XDC File [c:/Users/Gabriela Rivera/OneDrive/Escritorio/Proyecto1/electric_hook/electric_hook.srcs/sources_1/bd/Electric_hook_bd/ip/Electric_hook_bd_clk_wiz_0/Electric_hook_bd_clk_wiz_0_board.xdc] for cell 'Electric_hook_bd_i/clk_wiz/inst'
Parsing XDC File [c:/Users/Gabriela Rivera/OneDrive/Escritorio/Proyecto1/electric_hook/electric_hook.srcs/sources_1/bd/Electric_hook_bd/ip/Electric_hook_bd_clk_wiz_0/Electric_hook_bd_clk_wiz_0.xdc] for cell 'Electric_hook_bd_i/clk_wiz/inst'
INFO: [Timing 38-35] Done setting XDC timing constraints. [c:/Users/Gabriela Rivera/OneDrive/Escritorio/Proyecto1/electric_hook/electric_hook.srcs/sources_1/bd/Electric_hook_bd/ip/Electric_hook_bd_clk_wiz_0/Electric_hook_bd_clk_wiz_0.xdc:57]
INFO: [Timing 38-2] Deriving generated clocks [c:/Users/Gabriela Rivera/OneDrive/Escritorio/Proyecto1/electric_hook/electric_hook.srcs/sources_1/bd/Electric_hook_bd/ip/Electric_hook_bd_clk_wiz_0/Electric_hook_bd_clk_wiz_0.xdc:57]
get_clocks: Time (s): cpu = 00:00:17 ; elapsed = 00:00:17 . Memory (MB): peak = 1637.699 ; gain = 569.113
Finished Parsing XDC File [c:/Users/Gabriela Rivera/OneDrive/Escritorio/Proyecto1/electric_hook/electric_hook.srcs/sources_1/bd/Electric_hook_bd/ip/Electric_hook_bd_clk_wiz_0/Electric_hook_bd_clk_wiz_0.xdc] for cell 'Electric_hook_bd_i/clk_wiz/inst'
Parsing XDC File [c:/Users/Gabriela Rivera/OneDrive/Escritorio/Proyecto1/electric_hook/electric_hook.srcs/sources_1/bd/Electric_hook_bd/ip/Electric_hook_bd_rst_clk_wiz_100M_0/Electric_hook_bd_rst_clk_wiz_100M_0_board.xdc] for cell 'Electric_hook_bd_i/rst_clk_wiz_100M/U0'
Finished Parsing XDC File [c:/Users/Gabriela Rivera/OneDrive/Escritorio/Proyecto1/electric_hook/electric_hook.srcs/sources_1/bd/Electric_hook_bd/ip/Electric_hook_bd_rst_clk_wiz_100M_0/Electric_hook_bd_rst_clk_wiz_100M_0_board.xdc] for cell 'Electric_hook_bd_i/rst_clk_wiz_100M/U0'
Parsing XDC File [c:/Users/Gabriela Rivera/OneDrive/Escritorio/Proyecto1/electric_hook/electric_hook.srcs/sources_1/bd/Electric_hook_bd/ip/Electric_hook_bd_rst_clk_wiz_100M_0/Electric_hook_bd_rst_clk_wiz_100M_0.xdc] for cell 'Electric_hook_bd_i/rst_clk_wiz_100M/U0'
Finished Parsing XDC File [c:/Users/Gabriela Rivera/OneDrive/Escritorio/Proyecto1/electric_hook/electric_hook.srcs/sources_1/bd/Electric_hook_bd/ip/Electric_hook_bd_rst_clk_wiz_100M_0/Electric_hook_bd_rst_clk_wiz_100M_0.xdc] for cell 'Electric_hook_bd_i/rst_clk_wiz_100M/U0'
Parsing XDC File [c:/Users/Gabriela Rivera/OneDrive/Escritorio/Proyecto1/electric_hook/electric_hook.srcs/sources_1/bd/Electric_hook_bd/ip/Electric_hook_bd_axi_smc_1_0/bd_0/ip/ip_1/bd_becb_psr_aclk_0_board.xdc] for cell 'Electric_hook_bd_i/axi_smc_1/inst/clk_map/psr_aclk/U0'
Finished Parsing XDC File [c:/Users/Gabriela Rivera/OneDrive/Escritorio/Proyecto1/electric_hook/electric_hook.srcs/sources_1/bd/Electric_hook_bd/ip/Electric_hook_bd_axi_smc_1_0/bd_0/ip/ip_1/bd_becb_psr_aclk_0_board.xdc] for cell 'Electric_hook_bd_i/axi_smc_1/inst/clk_map/psr_aclk/U0'
Parsing XDC File [c:/Users/Gabriela Rivera/OneDrive/Escritorio/Proyecto1/electric_hook/electric_hook.srcs/sources_1/bd/Electric_hook_bd/ip/Electric_hook_bd_axi_smc_1_0/bd_0/ip/ip_1/bd_becb_psr_aclk_0.xdc] for cell 'Electric_hook_bd_i/axi_smc_1/inst/clk_map/psr_aclk/U0'
Finished Parsing XDC File [c:/Users/Gabriela Rivera/OneDrive/Escritorio/Proyecto1/electric_hook/electric_hook.srcs/sources_1/bd/Electric_hook_bd/ip/Electric_hook_bd_axi_smc_1_0/bd_0/ip/ip_1/bd_becb_psr_aclk_0.xdc] for cell 'Electric_hook_bd_i/axi_smc_1/inst/clk_map/psr_aclk/U0'
Parsing XDC File [c:/Users/Gabriela Rivera/OneDrive/Escritorio/Proyecto1/electric_hook/electric_hook.srcs/sources_1/bd/Electric_hook_bd/ip/Electric_hook_bd_vio_0_0/Electric_hook_bd_vio_0_0.xdc] for cell 'Electric_hook_bd_i/vio_0'
Finished Parsing XDC File [c:/Users/Gabriela Rivera/OneDrive/Escritorio/Proyecto1/electric_hook/electric_hook.srcs/sources_1/bd/Electric_hook_bd/ip/Electric_hook_bd_vio_0_0/Electric_hook_bd_vio_0_0.xdc] for cell 'Electric_hook_bd_i/vio_0'
Parsing XDC File [c:/Users/Gabriela Rivera/OneDrive/Escritorio/Proyecto1/electric_hook/electric_hook.srcs/sources_1/bd/Electric_hook_bd/ip/Electric_hook_bd_ila_0_0/ila_v6_2/constraints/ila_impl.xdc] for cell 'Electric_hook_bd_i/ila_0/U0'
Finished Parsing XDC File [c:/Users/Gabriela Rivera/OneDrive/Escritorio/Proyecto1/electric_hook/electric_hook.srcs/sources_1/bd/Electric_hook_bd/ip/Electric_hook_bd_ila_0_0/ila_v6_2/constraints/ila_impl.xdc] for cell 'Electric_hook_bd_i/ila_0/U0'
Parsing XDC File [c:/Users/Gabriela Rivera/OneDrive/Escritorio/Proyecto1/electric_hook/electric_hook.srcs/sources_1/bd/Electric_hook_bd/ip/Electric_hook_bd_ila_0_0/ila_v6_2/constraints/ila.xdc] for cell 'Electric_hook_bd_i/ila_0/U0'
Finished Parsing XDC File [c:/Users/Gabriela Rivera/OneDrive/Escritorio/Proyecto1/electric_hook/electric_hook.srcs/sources_1/bd/Electric_hook_bd/ip/Electric_hook_bd_ila_0_0/ila_v6_2/constraints/ila.xdc] for cell 'Electric_hook_bd_i/ila_0/U0'
Parsing XDC File [C:/Users/Gabriela Rivera/OneDrive/Escritorio/Proyecto1/electric_hook/electric_hook.srcs/constrs_1/imports/Proyecto1/Zybo-Z7-Master.xdc]
Finished Parsing XDC File [C:/Users/Gabriela Rivera/OneDrive/Escritorio/Proyecto1/electric_hook/electric_hook.srcs/constrs_1/imports/Proyecto1/Zybo-Z7-Master.xdc]
Sourcing Tcl File [C:/Xilinx/Vivado/2020.1/data/ip/xpm/xpm_memory/tcl/xpm_memory_xdc.tcl] for cell 'Electric_hook_bd_i/axi_smc/inst/s00_nodes/s00_aw_node/inst/inst_mi_handler/gen_normal_area.inst_fifo_node_payld/gen_xpm_memory_fifo.inst_fifo/gen_mem_rep[0].inst_xpm_memory'
Finished Sourcing Tcl File [C:/Xilinx/Vivado/2020.1/data/ip/xpm/xpm_memory/tcl/xpm_memory_xdc.tcl] for cell 'Electric_hook_bd_i/axi_smc/inst/s00_nodes/s00_aw_node/inst/inst_mi_handler/gen_normal_area.inst_fifo_node_payld/gen_xpm_memory_fifo.inst_fifo/gen_mem_rep[0].inst_xpm_memory'
Sourcing Tcl File [C:/Xilinx/Vivado/2020.1/data/ip/xpm/xpm_memory/tcl/xpm_memory_xdc.tcl] for cell 'Electric_hook_bd_i/axi_smc/inst/s00_nodes/s00_ar_node/inst/inst_mi_handler/gen_normal_area.inst_fifo_node_payld/gen_xpm_memory_fifo.inst_fifo/gen_mem_rep[0].inst_xpm_memory'
Finished Sourcing Tcl File [C:/Xilinx/Vivado/2020.1/data/ip/xpm/xpm_memory/tcl/xpm_memory_xdc.tcl] for cell 'Electric_hook_bd_i/axi_smc/inst/s00_nodes/s00_ar_node/inst/inst_mi_handler/gen_normal_area.inst_fifo_node_payld/gen_xpm_memory_fifo.inst_fifo/gen_mem_rep[0].inst_xpm_memory'
Sourcing Tcl File [C:/Xilinx/Vivado/2020.1/data/ip/xpm/xpm_memory/tcl/xpm_memory_xdc.tcl] for cell 'Electric_hook_bd_i/axi_smc/inst/s00_nodes/s00_b_node/inst/inst_mi_handler/gen_normal_area.inst_fifo_node_payld/gen_xpm_memory_fifo.inst_fifo/gen_mem_rep[0].inst_xpm_memory'
Finished Sourcing Tcl File [C:/Xilinx/Vivado/2020.1/data/ip/xpm/xpm_memory/tcl/xpm_memory_xdc.tcl] for cell 'Electric_hook_bd_i/axi_smc/inst/s00_nodes/s00_b_node/inst/inst_mi_handler/gen_normal_area.inst_fifo_node_payld/gen_xpm_memory_fifo.inst_fifo/gen_mem_rep[0].inst_xpm_memory'
Sourcing Tcl File [C:/Xilinx/Vivado/2020.1/data/ip/xpm/xpm_memory/tcl/xpm_memory_xdc.tcl] for cell 'Electric_hook_bd_i/axi_smc/inst/s00_nodes/s00_r_node/inst/inst_mi_handler/gen_normal_area.inst_fifo_node_payld/gen_xpm_memory_fifo.inst_fifo/gen_mem_rep[0].inst_xpm_memory'
Finished Sourcing Tcl File [C:/Xilinx/Vivado/2020.1/data/ip/xpm/xpm_memory/tcl/xpm_memory_xdc.tcl] for cell 'Electric_hook_bd_i/axi_smc/inst/s00_nodes/s00_r_node/inst/inst_mi_handler/gen_normal_area.inst_fifo_node_payld/gen_xpm_memory_fifo.inst_fifo/gen_mem_rep[0].inst_xpm_memory'
Sourcing Tcl File [C:/Xilinx/Vivado/2020.1/data/ip/xpm/xpm_memory/tcl/xpm_memory_xdc.tcl] for cell 'Electric_hook_bd_i/axi_smc/inst/s00_nodes/s00_w_node/inst/inst_mi_handler/gen_normal_area.inst_fifo_node_payld/gen_xpm_memory_fifo.inst_fifo/gen_mem_rep[0].inst_xpm_memory'
Finished Sourcing Tcl File [C:/Xilinx/Vivado/2020.1/data/ip/xpm/xpm_memory/tcl/xpm_memory_xdc.tcl] for cell 'Electric_hook_bd_i/axi_smc/inst/s00_nodes/s00_w_node/inst/inst_mi_handler/gen_normal_area.inst_fifo_node_payld/gen_xpm_memory_fifo.inst_fifo/gen_mem_rep[0].inst_xpm_memory'
Sourcing Tcl File [C:/Xilinx/Vivado/2020.1/data/ip/xpm/xpm_memory/tcl/xpm_memory_xdc.tcl] for cell 'Electric_hook_bd_i/axi_smc_1/inst/s00_nodes/s00_aw_node/inst/inst_mi_handler/gen_normal_area.inst_fifo_node_payld/gen_xpm_memory_fifo.inst_fifo/gen_mem_rep[0].inst_xpm_memory'
Finished Sourcing Tcl File [C:/Xilinx/Vivado/2020.1/data/ip/xpm/xpm_memory/tcl/xpm_memory_xdc.tcl] for cell 'Electric_hook_bd_i/axi_smc_1/inst/s00_nodes/s00_aw_node/inst/inst_mi_handler/gen_normal_area.inst_fifo_node_payld/gen_xpm_memory_fifo.inst_fifo/gen_mem_rep[0].inst_xpm_memory'
Sourcing Tcl File [C:/Xilinx/Vivado/2020.1/data/ip/xpm/xpm_memory/tcl/xpm_memory_xdc.tcl] for cell 'Electric_hook_bd_i/axi_smc_1/inst/s00_nodes/s00_ar_node/inst/inst_mi_handler/gen_normal_area.inst_fifo_node_payld/gen_xpm_memory_fifo.inst_fifo/gen_mem_rep[0].inst_xpm_memory'
Finished Sourcing Tcl File [C:/Xilinx/Vivado/2020.1/data/ip/xpm/xpm_memory/tcl/xpm_memory_xdc.tcl] for cell 'Electric_hook_bd_i/axi_smc_1/inst/s00_nodes/s00_ar_node/inst/inst_mi_handler/gen_normal_area.inst_fifo_node_payld/gen_xpm_memory_fifo.inst_fifo/gen_mem_rep[0].inst_xpm_memory'
Sourcing Tcl File [C:/Xilinx/Vivado/2020.1/data/ip/xpm/xpm_memory/tcl/xpm_memory_xdc.tcl] for cell 'Electric_hook_bd_i/axi_smc_1/inst/s00_nodes/s00_b_node/inst/inst_mi_handler/gen_normal_area.inst_fifo_node_payld/gen_xpm_memory_fifo.inst_fifo/gen_mem_rep[0].inst_xpm_memory'
Finished Sourcing Tcl File [C:/Xilinx/Vivado/2020.1/data/ip/xpm/xpm_memory/tcl/xpm_memory_xdc.tcl] for cell 'Electric_hook_bd_i/axi_smc_1/inst/s00_nodes/s00_b_node/inst/inst_mi_handler/gen_normal_area.inst_fifo_node_payld/gen_xpm_memory_fifo.inst_fifo/gen_mem_rep[0].inst_xpm_memory'
Sourcing Tcl File [C:/Xilinx/Vivado/2020.1/data/ip/xpm/xpm_memory/tcl/xpm_memory_xdc.tcl] for cell 'Electric_hook_bd_i/axi_smc_1/inst/s00_nodes/s00_r_node/inst/inst_mi_handler/gen_normal_area.inst_fifo_node_payld/gen_xpm_memory_fifo.inst_fifo/gen_mem_rep[0].inst_xpm_memory'
Finished Sourcing Tcl File [C:/Xilinx/Vivado/2020.1/data/ip/xpm/xpm_memory/tcl/xpm_memory_xdc.tcl] for cell 'Electric_hook_bd_i/axi_smc_1/inst/s00_nodes/s00_r_node/inst/inst_mi_handler/gen_normal_area.inst_fifo_node_payld/gen_xpm_memory_fifo.inst_fifo/gen_mem_rep[0].inst_xpm_memory'
Sourcing Tcl File [C:/Xilinx/Vivado/2020.1/data/ip/xpm/xpm_memory/tcl/xpm_memory_xdc.tcl] for cell 'Electric_hook_bd_i/axi_smc_1/inst/s00_nodes/s00_w_node/inst/inst_mi_handler/gen_normal_area.inst_fifo_node_payld/gen_xpm_memory_fifo.inst_fifo/gen_mem_rep[0].inst_xpm_memory'
Finished Sourcing Tcl File [C:/Xilinx/Vivado/2020.1/data/ip/xpm/xpm_memory/tcl/xpm_memory_xdc.tcl] for cell 'Electric_hook_bd_i/axi_smc_1/inst/s00_nodes/s00_w_node/inst/inst_mi_handler/gen_normal_area.inst_fifo_node_payld/gen_xpm_memory_fifo.inst_fifo/gen_mem_rep[0].inst_xpm_memory'
Sourcing Tcl File [C:/Xilinx/Vivado/2020.1/data/ip/xpm/xpm_memory/tcl/xpm_memory_xdc.tcl] for cell 'Electric_hook_bd_i/axi_traffic_gen_1/inst/ATG_MODE_AXI_BASIC_FULL.basic_n_full_top/ATG_PARARAM_INST_YES.paramram_blk/PARAMRAM_ON_1.paramram/ram0/MEM_INFER_BLK_MEM.inst/proc_bmg/xpm_mem.xpm_tdpram_mem.xpm_memory_tdpram_inst'
Finished Sourcing Tcl File [C:/Xilinx/Vivado/2020.1/data/ip/xpm/xpm_memory/tcl/xpm_memory_xdc.tcl] for cell 'Electric_hook_bd_i/axi_traffic_gen_1/inst/ATG_MODE_AXI_BASIC_FULL.basic_n_full_top/ATG_PARARAM_INST_YES.paramram_blk/PARAMRAM_ON_1.paramram/ram0/MEM_INFER_BLK_MEM.inst/proc_bmg/xpm_mem.xpm_tdpram_mem.xpm_memory_tdpram_inst'
Sourcing Tcl File [C:/Xilinx/Vivado/2020.1/data/ip/xpm/xpm_memory/tcl/xpm_memory_xdc.tcl] for cell 'Electric_hook_bd_i/axi_traffic_gen_1/inst/ATG_MODE_AXI_BASIC_FULL.basic_n_full_top/cmd_blk/Cmdram/cmd_ram0_3/MEM_INFER_BLK_MEM.inst/proc_bmg/xpm_mem.xpm_tdpram_mem.xpm_memory_tdpram_inst'
Finished Sourcing Tcl File [C:/Xilinx/Vivado/2020.1/data/ip/xpm/xpm_memory/tcl/xpm_memory_xdc.tcl] for cell 'Electric_hook_bd_i/axi_traffic_gen_1/inst/ATG_MODE_AXI_BASIC_FULL.basic_n_full_top/cmd_blk/Cmdram/cmd_ram0_3/MEM_INFER_BLK_MEM.inst/proc_bmg/xpm_mem.xpm_tdpram_mem.xpm_memory_tdpram_inst'
Sourcing Tcl File [C:/Xilinx/Vivado/2020.1/data/ip/xpm/xpm_memory/tcl/xpm_memory_xdc.tcl] for cell 'Electric_hook_bd_i/axi_traffic_gen_1/inst/ATG_MODE_AXI_BASIC_FULL.basic_n_full_top/sharedram_blk/sharedram/ram0/MEM_INFER_BLK_MEM.inst/proc_bmg/xpm_mem.xpm_tdpram_mem.xpm_memory_tdpram_inst'
Finished Sourcing Tcl File [C:/Xilinx/Vivado/2020.1/data/ip/xpm/xpm_memory/tcl/xpm_memory_xdc.tcl] for cell 'Electric_hook_bd_i/axi_traffic_gen_1/inst/ATG_MODE_AXI_BASIC_FULL.basic_n_full_top/sharedram_blk/sharedram/ram0/MEM_INFER_BLK_MEM.inst/proc_bmg/xpm_mem.xpm_tdpram_mem.xpm_memory_tdpram_inst'
INFO: [Opt 31-138] Pushed 0 inverter(s) to 0 load pin(s).
Netlist sorting complete. Time (s): cpu = 00:00:00 ; elapsed = 00:00:00.028 . Memory (MB): peak = 1637.699 ; gain = 0.000
INFO: [Project 1-111] Unisim Transformation Summary:
  A total of 608 instances were transformed.
  CFGLUT5 => CFGLUT5 (SRL16E, SRLC32E): 36 instances
  RAM16X1S => RAM32X1S (RAMS32): 148 instances
  RAM32M => RAM32M (RAMD32(x6), RAMS32(x2)): 308 instances
  RAM32X1S => RAM32X1S (RAMS32): 116 instances

31 Infos, 3 Warnings, 0 Critical Warnings and 0 Errors encountered.
link_design completed successfully
link_design: Time (s): cpu = 00:00:42 ; elapsed = 00:00:46 . Memory (MB): peak = 1637.699 ; gain = 569.113
Command: opt_design
Attempting to get a license for feature 'Implementation' and/or device 'xc7z010'
INFO: [Common 17-349] Got license for feature 'Implementation' and/or device 'xc7z010'
Running DRC as a precondition to command opt_design

Starting DRC Task
INFO: [DRC 23-27] Running DRC with 2 threads
INFO: [Project 1-461] DRC finished with 0 Errors
INFO: [Project 1-462] Please refer to the DRC report (report_drc) for more information.

Time (s): cpu = 00:00:04 ; elapsed = 00:00:02 . Memory (MB): peak = 1637.699 ; gain = 0.000

Starting Cache Timing Information Task
INFO: [Timing 38-35] Done setting XDC timing constraints.
Ending Cache Timing Information Task | Checksum: c0ae36ad

Time (s): cpu = 00:00:02 ; elapsed = 00:00:02 . Memory (MB): peak = 1654.645 ; gain = 16.945

Starting Logic Optimization Task

Phase 1 Generate And Synthesize Debug Cores
INFO: [Chipscope 16-329] Generating Script for core instance : dbg_hub 
INFO: [IP_Flow 19-3806] Processing IP xilinx.com:ip:xsdbm:3.0 for cell dbg_hub_CV.
CRITICAL WARNING: [Common 17-55] 'get_property' expects at least one object. [c:/Users/Gabriela Rivera/OneDrive/Escritorio/Proyecto1/electric_hook/electric_hook.runs/impl_1/.Xil/Vivado-1700-DESKTOP-MSDSPQ7/dbg_hub_CV.0/out/xsdbm_cc_late_late.xdc:10]
Resolution: If [get_<value>] was used to populate the object, check to make sure this command returns at least one valid object.
CRITICAL WARNING: [Common 17-1548] Command failed: can't read "wr_clk_period": no such variable
 [c:/Users/Gabriela Rivera/OneDrive/Escritorio/Proyecto1/electric_hook/electric_hook.runs/impl_1/.Xil/Vivado-1700-DESKTOP-MSDSPQ7/dbg_hub_CV.0/out/xsdbm_cc_late_late.xdc:12]
CRITICAL WARNING: [Common 17-1548] Command failed: can't read "skew_value": no such variable
 [c:/Users/Gabriela Rivera/OneDrive/Escritorio/Proyecto1/electric_hook/electric_hook.runs/impl_1/.Xil/Vivado-1700-DESKTOP-MSDSPQ7/dbg_hub_CV.0/out/xsdbm_cc_late_late.xdc:17]
CRITICAL WARNING: [Common 17-55] 'get_property' expects at least one object. [c:/Users/Gabriela Rivera/OneDrive/Escritorio/Proyecto1/electric_hook/electric_hook.runs/impl_1/.Xil/Vivado-1700-DESKTOP-MSDSPQ7/dbg_hub_CV.0/out/xsdbm_cc_late_late.xdc:19]
Resolution: If [get_<value>] was used to populate the object, check to make sure this command returns at least one valid object.
CRITICAL WARNING: [Common 17-1548] Command failed: can't read "skew_value": no such variable
 [c:/Users/Gabriela Rivera/OneDrive/Escritorio/Proyecto1/electric_hook/electric_hook.runs/impl_1/.Xil/Vivado-1700-DESKTOP-MSDSPQ7/dbg_hub_CV.0/out/xsdbm_cc_late_late.xdc:20]
CRITICAL WARNING: [Common 17-55] 'get_property' expects at least one object. [c:/Users/Gabriela Rivera/OneDrive/Escritorio/Proyecto1/electric_hook/electric_hook.runs/impl_1/.Xil/Vivado-1700-DESKTOP-MSDSPQ7/dbg_hub_CV.0/out/xsdbm_cc_late_late.xdc:24]
Resolution: If [get_<value>] was used to populate the object, check to make sure this command returns at least one valid object.
CRITICAL WARNING: [Common 17-1548] Command failed: can't read "rd_clk_period_2": no such variable
 [c:/Users/Gabriela Rivera/OneDrive/Escritorio/Proyecto1/electric_hook/electric_hook.runs/impl_1/.Xil/Vivado-1700-DESKTOP-MSDSPQ7/dbg_hub_CV.0/out/xsdbm_cc_late_late.xdc:25]
CRITICAL WARNING: [Common 17-55] 'get_property' expects at least one object. [c:/Users/Gabriela Rivera/OneDrive/Escritorio/Proyecto1/electric_hook/electric_hook.runs/impl_1/.Xil/Vivado-1700-DESKTOP-MSDSPQ7/dbg_hub_CV.0/out/xsdbm_cc_late_late.xdc:32]
Resolution: If [get_<value>] was used to populate the object, check to make sure this command returns at least one valid object.
CRITICAL WARNING: [Common 17-1548] Command failed: can't read "skew_value_2": no such variable
 [c:/Users/Gabriela Rivera/OneDrive/Escritorio/Proyecto1/electric_hook/electric_hook.runs/impl_1/.Xil/Vivado-1700-DESKTOP-MSDSPQ7/dbg_hub_CV.0/out/xsdbm_cc_late_late.xdc:33]
CRITICAL WARNING: [Common 17-1548] Command failed: can't read "skew_value_2": no such variable
 [c:/Users/Gabriela Rivera/OneDrive/Escritorio/Proyecto1/electric_hook/electric_hook.runs/impl_1/.Xil/Vivado-1700-DESKTOP-MSDSPQ7/dbg_hub_CV.0/out/xsdbm_cc_late_late.xdc:36]
Netlist sorting complete. Time (s): cpu = 00:00:00 ; elapsed = 00:00:00.060 . Memory (MB): peak = 1888.457 ; gain = 0.000
Phase 1 Generate And Synthesize Debug Cores | Checksum: 16baa3223

Time (s): cpu = 00:00:05 ; elapsed = 00:02:27 . Memory (MB): peak = 1888.457 ; gain = 32.895

Phase 2 Retarget
INFO: [Opt 31-138] Pushed 21 inverter(s) to 139 load pin(s).
INFO: [Opt 31-49] Retargeted 0 cell(s).
Phase 2 Retarget | Checksum: 175f8ee45

Time (s): cpu = 00:00:08 ; elapsed = 00:02:30 . Memory (MB): peak = 1888.457 ; gain = 32.895
INFO: [Opt 31-389] Phase Retarget created 302 cells and removed 645 cells
INFO: [Opt 31-1021] In phase Retarget, 95 netlist objects are constrained preventing optimization. Please run opt_design with -debug_log to get more detail. 

Phase 3 Constant propagation
INFO: [Opt 31-138] Pushed 0 inverter(s) to 0 load pin(s).
Phase 3 Constant propagation | Checksum: 1c5049e32

Time (s): cpu = 00:00:09 ; elapsed = 00:02:30 . Memory (MB): peak = 1888.457 ; gain = 32.895
INFO: [Opt 31-389] Phase Constant propagation created 4 cells and removed 153 cells
INFO: [Opt 31-1021] In phase Constant propagation, 87 netlist objects are constrained preventing optimization. Please run opt_design with -debug_log to get more detail. 

Phase 4 Sweep
Phase 4 Sweep | Checksum: 140068d59

Time (s): cpu = 00:00:15 ; elapsed = 00:02:36 . Memory (MB): peak = 1888.457 ; gain = 32.895
INFO: [Opt 31-389] Phase Sweep created 0 cells and removed 1983 cells
INFO: [Opt 31-1021] In phase Sweep, 1242 netlist objects are constrained preventing optimization. Please run opt_design with -debug_log to get more detail. 

Phase 5 BUFG optimization
INFO: [Opt 31-194] Inserted BUFG clk_IBUF_BUFG_inst to drive 2090 load(s) on clock net clk_IBUF_BUFG
INFO: [Opt 31-193] Inserted 1 BUFG(s) on clock nets
Phase 5 BUFG optimization | Checksum: 1b4ab744d

Time (s): cpu = 00:00:16 ; elapsed = 00:02:38 . Memory (MB): peak = 1888.457 ; gain = 32.895
INFO: [Opt 31-662] Phase BUFG optimization created 1 cells of which 1 are BUFGs and removed 0 cells.

Phase 6 Shift Register Optimization
INFO: [Opt 31-1064] SRL Remap converted 0 SRLs to 0 registers and converted 0 registers of register chains to 0 SRLs
Phase 6 Shift Register Optimization | Checksum: 1b4ab744d

Time (s): cpu = 00:00:17 ; elapsed = 00:02:38 . Memory (MB): peak = 1888.457 ; gain = 32.895
INFO: [Opt 31-389] Phase Shift Register Optimization created 0 cells and removed 0 cells

Phase 7 Post Processing Netlist
Phase 7 Post Processing Netlist | Checksum: 1b4ab744d

Time (s): cpu = 00:00:17 ; elapsed = 00:02:39 . Memory (MB): peak = 1888.457 ; gain = 32.895
INFO: [Opt 31-389] Phase Post Processing Netlist created 0 cells and removed 0 cells
INFO: [Opt 31-1021] In phase Post Processing Netlist, 87 netlist objects are constrained preventing optimization. Please run opt_design with -debug_log to get more detail. 
Opt_design Change Summary
=========================


-------------------------------------------------------------------------------------------------------------------------
|  Phase                        |  #Cells created  |  #Cells Removed  |  #Constrained objects preventing optimizations  |
-------------------------------------------------------------------------------------------------------------------------
|  Retarget                     |             302  |             645  |                                             95  |
|  Constant propagation         |               4  |             153  |                                             87  |
|  Sweep                        |               0  |            1983  |                                           1242  |
|  BUFG optimization            |               1  |               0  |                                              0  |
|  Shift Register Optimization  |               0  |               0  |                                              0  |
|  Post Processing Netlist      |               0  |               0  |                                             87  |
-------------------------------------------------------------------------------------------------------------------------



Starting Connectivity Check Task

Time (s): cpu = 00:00:00 ; elapsed = 00:00:00.092 . Memory (MB): peak = 1888.457 ; gain = 0.000
Ending Logic Optimization Task | Checksum: 17ea30837

Time (s): cpu = 00:00:19 ; elapsed = 00:02:40 . Memory (MB): peak = 1888.457 ; gain = 32.895

Starting Power Optimization Task
INFO: [Pwropt 34-132] Skipping clock gating for clocks with a period < 2.00 ns.
INFO: [Pwropt 34-9] Applying IDT optimizations ...
INFO: [Pwropt 34-10] Applying ODC optimizations ...
INFO: [Timing 38-35] Done setting XDC timing constraints.
Running Vector-less Activity Propagation...

Finished Running Vector-less Activity Propagation


Starting PowerOpt Patch Enables Task
INFO: [Pwropt 34-162] WRITE_MODE attribute of 0 BRAM(s) out of a total of 8 has been updated to save power. Run report_power_opt to get a complete listing of the BRAMs updated.
INFO: [Pwropt 34-201] Structural ODC has moved 0 WE to EN ports
Number of BRAM Ports augmented: 1 newly gated: 6 Total Ports: 16
Ending PowerOpt Patch Enables Task | Checksum: 166a349fa

Time (s): cpu = 00:00:01 ; elapsed = 00:00:00.252 . Memory (MB): peak = 2012.801 ; gain = 0.000
Ending Power Optimization Task | Checksum: 166a349fa

Time (s): cpu = 00:00:13 ; elapsed = 00:00:08 . Memory (MB): peak = 2012.801 ; gain = 124.344

Starting Final Cleanup Task

Starting Logic Optimization Task
INFO: [Timing 38-35] Done setting XDC timing constraints.
Ending Logic Optimization Task | Checksum: 1f3a2533c

Time (s): cpu = 00:00:05 ; elapsed = 00:00:04 . Memory (MB): peak = 2012.801 ; gain = 0.000
Ending Final Cleanup Task | Checksum: 1f3a2533c

Time (s): cpu = 00:00:09 ; elapsed = 00:00:09 . Memory (MB): peak = 2012.801 ; gain = 0.000

Starting Netlist Obfuscation Task
Netlist sorting complete. Time (s): cpu = 00:00:00 ; elapsed = 00:00:00.020 . Memory (MB): peak = 2012.801 ; gain = 0.000
Ending Netlist Obfuscation Task | Checksum: 1f3a2533c

Time (s): cpu = 00:00:00 ; elapsed = 00:00:00.020 . Memory (MB): peak = 2012.801 ; gain = 0.000
INFO: [Common 17-83] Releasing license: Implementation
68 Infos, 5 Warnings, 10 Critical Warnings and 0 Errors encountered.
opt_design completed successfully
opt_design: Time (s): cpu = 00:00:51 ; elapsed = 00:03:05 . Memory (MB): peak = 2012.801 ; gain = 375.102
INFO: [Timing 38-35] Done setting XDC timing constraints.
INFO: [Timing 38-480] Writing timing data to binary archive.
Writing placer database...
Writing XDEF routing.
Writing XDEF routing logical nets.
Writing XDEF routing special nets.
Write XDEF Complete: Time (s): cpu = 00:00:01 ; elapsed = 00:00:00.121 . Memory (MB): peak = 2012.801 ; gain = 0.000
INFO: [Common 17-1381] The checkpoint 'C:/Users/Gabriela Rivera/OneDrive/Escritorio/Proyecto1/electric_hook/electric_hook.runs/impl_1/Electric_hook_bd_wrapper_opt.dcp' has been generated.
write_checkpoint: Time (s): cpu = 00:00:12 ; elapsed = 00:00:09 . Memory (MB): peak = 2012.801 ; gain = 0.000
INFO: [runtcl-4] Executing : report_drc -file Electric_hook_bd_wrapper_drc_opted.rpt -pb Electric_hook_bd_wrapper_drc_opted.pb -rpx Electric_hook_bd_wrapper_drc_opted.rpx
Command: report_drc -file Electric_hook_bd_wrapper_drc_opted.rpt -pb Electric_hook_bd_wrapper_drc_opted.pb -rpx Electric_hook_bd_wrapper_drc_opted.rpx
INFO: [IP_Flow 19-1839] IP Catalog is up to date.
INFO: [DRC 23-27] Running DRC with 2 threads
INFO: [Coretcl 2-168] The results of DRC are in file C:/Users/Gabriela Rivera/OneDrive/Escritorio/Proyecto1/electric_hook/electric_hook.runs/impl_1/Electric_hook_bd_wrapper_drc_opted.rpt.
report_drc completed successfully
INFO: [Chipscope 16-240] Debug cores have already been implemented
Command: place_design
Attempting to get a license for feature 'Implementation' and/or device 'xc7z010'
INFO: [Common 17-349] Got license for feature 'Implementation' and/or device 'xc7z010'
INFO: [DRC 23-27] Running DRC with 2 threads
INFO: [Vivado_Tcl 4-198] DRC finished with 0 Errors
INFO: [Vivado_Tcl 4-199] Please refer to the DRC report (report_drc) for more information.
Running DRC as a precondition to command place_design
INFO: [DRC 23-27] Running DRC with 2 threads
INFO: [Vivado_Tcl 4-198] DRC finished with 0 Errors
INFO: [Vivado_Tcl 4-199] Please refer to the DRC report (report_drc) for more information.

Starting Placer Task
INFO: [Place 30-611] Multithreading enabled for place_design using a maximum of 2 CPUs

Phase 1 Placer Initialization

Phase 1.1 Placer Initialization Netlist Sorting
Netlist sorting complete. Time (s): cpu = 00:00:00 ; elapsed = 00:00:00.024 . Memory (MB): peak = 2012.801 ; gain = 0.000
Phase 1.1 Placer Initialization Netlist Sorting | Checksum: 160b8c179

Time (s): cpu = 00:00:00 ; elapsed = 00:00:00.068 . Memory (MB): peak = 2012.801 ; gain = 0.000
Netlist sorting complete. Time (s): cpu = 00:00:00 ; elapsed = 00:00:00.023 . Memory (MB): peak = 2012.801 ; gain = 0.000

Phase 1.2 IO Placement/ Clock Placement/ Build Placer Device
Phase 1.2 IO Placement/ Clock Placement/ Build Placer Device | Checksum: fbc86879

Time (s): cpu = 00:00:05 ; elapsed = 00:00:03 . Memory (MB): peak = 2012.801 ; gain = 0.000

Phase 1.3 Build Placer Netlist Model
Phase 1.3 Build Placer Netlist Model | Checksum: 22841dd49

Time (s): cpu = 00:00:15 ; elapsed = 00:00:11 . Memory (MB): peak = 2012.801 ; gain = 0.000

Phase 1.4 Constrain Clocks/Macros
Phase 1.4 Constrain Clocks/Macros | Checksum: 22841dd49

Time (s): cpu = 00:00:15 ; elapsed = 00:00:11 . Memory (MB): peak = 2012.801 ; gain = 0.000
Phase 1 Placer Initialization | Checksum: 22841dd49

Time (s): cpu = 00:00:15 ; elapsed = 00:00:11 . Memory (MB): peak = 2012.801 ; gain = 0.000

Phase 2 Global Placement

Phase 2.1 Floorplanning
Phase 2.1 Floorplanning | Checksum: 21d41d8f9

Time (s): cpu = 00:00:18 ; elapsed = 00:00:12 . Memory (MB): peak = 2012.801 ; gain = 0.000

Phase 2.2 Global Placement Core

Phase 2.2.1 Physical Synthesis In Placer
INFO: [Physopt 32-1035] Found 0 LUTNM shape to break, 464 LUT instances to create LUTNM shape
INFO: [Physopt 32-1044] Break lutnm for timing: one critical 0, two critical 0, total 0, new lutff created 0
INFO: [Physopt 32-775] End 1 Pass. Optimized 184 nets or cells. Created 0 new cell, deleted 184 existing cells and moved 0 existing cell
INFO: [Physopt 32-65] No nets found for high-fanout optimization.
INFO: [Physopt 32-232] Optimized 0 net. Created 0 new instance.
INFO: [Physopt 32-775] End 1 Pass. Optimized 0 net or cell. Created 0 new cell, deleted 0 existing cell and moved 0 existing cell
INFO: [Physopt 32-670] No setup violation found.  DSP Register Optimization was not performed.
INFO: [Physopt 32-670] No setup violation found.  Shift Register to Pipeline Optimization was not performed.
INFO: [Physopt 32-670] No setup violation found.  Shift Register Optimization was not performed.
INFO: [Physopt 32-670] No setup violation found.  BRAM Register Optimization was not performed.
INFO: [Physopt 32-670] No setup violation found.  URAM Register Optimization was not performed.
INFO: [Physopt 32-949] No candidate nets found for HD net replication
INFO: [Physopt 32-775] End 1 Pass. Optimized 0 net or cell. Created 0 new cell, deleted 0 existing cell and moved 0 existing cell
Netlist sorting complete. Time (s): cpu = 00:00:00 ; elapsed = 00:00:00.020 . Memory (MB): peak = 2012.801 ; gain = 0.000

Summary of Physical Synthesis Optimizations
============================================


-----------------------------------------------------------------------------------------------------------------------------------------------------------
|  Optimization                                     |  Added Cells  |  Removed Cells  |  Optimized Cells/Nets  |  Dont Touch  |  Iterations  |  Elapsed   |
-----------------------------------------------------------------------------------------------------------------------------------------------------------
|  LUT Combining                                    |            0  |            184  |                   184  |           0  |           1  |  00:00:01  |
|  Very High Fanout                                 |            0  |              0  |                     0  |           0  |           1  |  00:00:00  |
|  DSP Register                                     |            0  |              0  |                     0  |           0  |           0  |  00:00:00  |
|  Shift Register to Pipeline                       |            0  |              0  |                     0  |           0  |           0  |  00:00:00  |
|  Shift Register                                   |            0  |              0  |                     0  |           0  |           0  |  00:00:00  |
|  BRAM Register                                    |            0  |              0  |                     0  |           0  |           0  |  00:00:00  |
|  URAM Register                                    |            0  |              0  |                     0  |           0  |           0  |  00:00:00  |
|  Dynamic/Static Region Interface Net Replication  |            0  |              0  |                     0  |           0  |           1  |  00:00:00  |
|  Total                                            |            0  |            184  |                   184  |           0  |           3  |  00:00:01  |
-----------------------------------------------------------------------------------------------------------------------------------------------------------


Phase 2.2.1 Physical Synthesis In Placer | Checksum: 1fe5fb270

Time (s): cpu = 00:00:48 ; elapsed = 00:00:31 . Memory (MB): peak = 2012.801 ; gain = 0.000
Phase 2.2 Global Placement Core | Checksum: 1a0194ea5

Time (s): cpu = 00:00:49 ; elapsed = 00:00:32 . Memory (MB): peak = 2012.801 ; gain = 0.000
Phase 2 Global Placement | Checksum: 1a0194ea5

Time (s): cpu = 00:00:49 ; elapsed = 00:00:32 . Memory (MB): peak = 2012.801 ; gain = 0.000

Phase 3 Detail Placement

Phase 3.1 Commit Multi Column Macros
Phase 3.1 Commit Multi Column Macros | Checksum: 1ea437e5c

Time (s): cpu = 00:00:51 ; elapsed = 00:00:33 . Memory (MB): peak = 2012.801 ; gain = 0.000

Phase 3.2 Commit Most Macros & LUTRAMs
Phase 3.2 Commit Most Macros & LUTRAMs | Checksum: 1784b16c6

Time (s): cpu = 00:00:56 ; elapsed = 00:00:37 . Memory (MB): peak = 2012.801 ; gain = 0.000

Phase 3.3 Area Swap Optimization
Phase 3.3 Area Swap Optimization | Checksum: 17a30fae1

Time (s): cpu = 00:00:57 ; elapsed = 00:00:37 . Memory (MB): peak = 2012.801 ; gain = 0.000

Phase 3.4 Pipeline Register Optimization
Phase 3.4 Pipeline Register Optimization | Checksum: 1e4e0ccda

Time (s): cpu = 00:00:57 ; elapsed = 00:00:37 . Memory (MB): peak = 2012.801 ; gain = 0.000

Phase 3.5 Small Shape Detail Placement
Phase 3.5 Small Shape Detail Placement | Checksum: 17a11d5f1

Time (s): cpu = 00:01:05 ; elapsed = 00:00:46 . Memory (MB): peak = 2012.801 ; gain = 0.000

Phase 3.6 Re-assign LUT pins
Phase 3.6 Re-assign LUT pins | Checksum: 19dc3012f

Time (s): cpu = 00:01:07 ; elapsed = 00:00:48 . Memory (MB): peak = 2012.801 ; gain = 0.000

Phase 3.7 Pipeline Register Optimization
Phase 3.7 Pipeline Register Optimization | Checksum: 20781345c

Time (s): cpu = 00:01:07 ; elapsed = 00:00:48 . Memory (MB): peak = 2012.801 ; gain = 0.000
Phase 3 Detail Placement | Checksum: 20781345c

Time (s): cpu = 00:01:07 ; elapsed = 00:00:48 . Memory (MB): peak = 2012.801 ; gain = 0.000

Phase 4 Post Placement Optimization and Clean-Up

Phase 4.1 Post Commit Optimization
INFO: [Timing 38-35] Done setting XDC timing constraints.

Phase 4.1.1 Post Placement Optimization
Post Placement Optimization Initialization | Checksum: 23c16d521

Phase 4.1.1.1 BUFG Insertion

Starting Physical Synthesis Task

Phase 1 Physical Synthesis Initialization
INFO: [Physopt 32-721] Multithreading enabled for phys_opt_design using a maximum of 2 CPUs
INFO: [Physopt 32-619] Estimated Timing Summary | WNS=0.679 | TNS=0.000 |
Phase 1 Physical Synthesis Initialization | Checksum: 20e29a111

Time (s): cpu = 00:00:02 ; elapsed = 00:00:01 . Memory (MB): peak = 2012.801 ; gain = 0.000
INFO: [Place 46-56] BUFG insertion identified 0 candidate nets. Inserted BUFG: 0, Replicated BUFG Driver: 0, Skipped due to Placement/Routing Conflicts: 0, Skipped due to Timing Degradation: 0, Skipped due to Illegal Netlist: 0.
Ending Physical Synthesis Task | Checksum: 234f126a5

Time (s): cpu = 00:00:02 ; elapsed = 00:00:02 . Memory (MB): peak = 2012.801 ; gain = 0.000
Phase 4.1.1.1 BUFG Insertion | Checksum: 23c16d521

Time (s): cpu = 00:01:19 ; elapsed = 00:00:57 . Memory (MB): peak = 2012.801 ; gain = 0.000
INFO: [Place 30-746] Post Placement Timing Summary WNS=0.679. For the most accurate timing information please run report_timing.
Phase 4.1.1 Post Placement Optimization | Checksum: 1bc07da82

Time (s): cpu = 00:01:20 ; elapsed = 00:00:57 . Memory (MB): peak = 2012.801 ; gain = 0.000
Phase 4.1 Post Commit Optimization | Checksum: 1bc07da82

Time (s): cpu = 00:01:20 ; elapsed = 00:00:57 . Memory (MB): peak = 2012.801 ; gain = 0.000

Phase 4.2 Post Placement Cleanup
Phase 4.2 Post Placement Cleanup | Checksum: 1bc07da82

Time (s): cpu = 00:01:20 ; elapsed = 00:00:58 . Memory (MB): peak = 2012.801 ; gain = 0.000

Phase 4.3 Placer Reporting
Phase 4.3 Placer Reporting | Checksum: 1bc07da82

Time (s): cpu = 00:01:21 ; elapsed = 00:00:58 . Memory (MB): peak = 2012.801 ; gain = 0.000

Phase 4.4 Final Placement Cleanup
Netlist sorting complete. Time (s): cpu = 00:00:00 ; elapsed = 00:00:00.023 . Memory (MB): peak = 2012.801 ; gain = 0.000
Phase 4.4 Final Placement Cleanup | Checksum: 145485cd2

Time (s): cpu = 00:01:21 ; elapsed = 00:00:58 . Memory (MB): peak = 2012.801 ; gain = 0.000
Phase 4 Post Placement Optimization and Clean-Up | Checksum: 145485cd2

Time (s): cpu = 00:01:21 ; elapsed = 00:00:58 . Memory (MB): peak = 2012.801 ; gain = 0.000
Ending Placer Task | Checksum: 12b481732

Time (s): cpu = 00:01:21 ; elapsed = 00:00:58 . Memory (MB): peak = 2012.801 ; gain = 0.000
INFO: [Common 17-83] Releasing license: Implementation
103 Infos, 5 Warnings, 10 Critical Warnings and 0 Errors encountered.
place_design completed successfully
place_design: Time (s): cpu = 00:01:25 ; elapsed = 00:01:01 . Memory (MB): peak = 2012.801 ; gain = 0.000
INFO: [Timing 38-480] Writing timing data to binary archive.
Writing placer database...
Writing XDEF routing.
Writing XDEF routing logical nets.
Writing XDEF routing special nets.
Write XDEF Complete: Time (s): cpu = 00:00:06 ; elapsed = 00:00:02 . Memory (MB): peak = 2012.801 ; gain = 0.000
INFO: [Common 17-1381] The checkpoint 'C:/Users/Gabriela Rivera/OneDrive/Escritorio/Proyecto1/electric_hook/electric_hook.runs/impl_1/Electric_hook_bd_wrapper_placed.dcp' has been generated.
write_checkpoint: Time (s): cpu = 00:00:14 ; elapsed = 00:00:09 . Memory (MB): peak = 2012.801 ; gain = 0.000
INFO: [runtcl-4] Executing : report_io -file Electric_hook_bd_wrapper_io_placed.rpt
report_io: Time (s): cpu = 00:00:00 ; elapsed = 00:00:00.080 . Memory (MB): peak = 2012.801 ; gain = 0.000
INFO: [runtcl-4] Executing : report_utilization -file Electric_hook_bd_wrapper_utilization_placed.rpt -pb Electric_hook_bd_wrapper_utilization_placed.pb
INFO: [runtcl-4] Executing : report_control_sets -verbose -file Electric_hook_bd_wrapper_control_sets_placed.rpt
report_control_sets: Time (s): cpu = 00:00:01 ; elapsed = 00:00:00.133 . Memory (MB): peak = 2012.801 ; gain = 0.000
Command: phys_opt_design
Attempting to get a license for feature 'Implementation' and/or device 'xc7z010'
INFO: [Common 17-349] Got license for feature 'Implementation' and/or device 'xc7z010'
INFO: [Vivado_Tcl 4-383] Design worst setup slack (WNS) is greater than or equal to 0.000 ns. Skipping all physical synthesis optimizations.
INFO: [Vivado_Tcl 4-232] No setup violation found. The netlist was not modified.
INFO: [Common 17-83] Releasing license: Implementation
112 Infos, 5 Warnings, 10 Critical Warnings and 0 Errors encountered.
phys_opt_design completed successfully
INFO: [Timing 38-480] Writing timing data to binary archive.
Writing placer database...
Writing XDEF routing.
Writing XDEF routing logical nets.
Writing XDEF routing special nets.
Write XDEF Complete: Time (s): cpu = 00:00:08 ; elapsed = 00:00:03 . Memory (MB): peak = 2012.801 ; gain = 0.000
INFO: [Common 17-1381] The checkpoint 'C:/Users/Gabriela Rivera/OneDrive/Escritorio/Proyecto1/electric_hook/electric_hook.runs/impl_1/Electric_hook_bd_wrapper_physopt.dcp' has been generated.
write_checkpoint: Time (s): cpu = 00:00:14 ; elapsed = 00:00:09 . Memory (MB): peak = 2012.801 ; gain = 0.000
Command: route_design
Attempting to get a license for feature 'Implementation' and/or device 'xc7z010'
INFO: [Common 17-349] Got license for feature 'Implementation' and/or device 'xc7z010'
Running DRC as a precondition to command route_design
INFO: [DRC 23-27] Running DRC with 2 threads
INFO: [Vivado_Tcl 4-198] DRC finished with 0 Errors
INFO: [Vivado_Tcl 4-199] Please refer to the DRC report (report_drc) for more information.


Starting Routing Task
INFO: [Route 35-254] Multithreading enabled for route_design using a maximum of 2 CPUs
Checksum: PlaceDB: c0d6c5d3 ConstDB: 0 ShapeSum: 6a71515f RouteDB: 0

Phase 1 Build RT Design
Phase 1 Build RT Design | Checksum: 9323b411

Time (s): cpu = 00:00:44 ; elapsed = 00:00:30 . Memory (MB): peak = 2035.836 ; gain = 23.035
Post Restoration Checksum: NetGraph: 8ce55a59 NumContArr: 63e59b8 Constraints: 0 Timing: 0

Phase 2 Router Initialization

Phase 2.1 Create Timer
Phase 2.1 Create Timer | Checksum: 9323b411

Time (s): cpu = 00:00:45 ; elapsed = 00:00:31 . Memory (MB): peak = 2035.836 ; gain = 23.035

Phase 2.2 Fix Topology Constraints
Phase 2.2 Fix Topology Constraints | Checksum: 9323b411

Time (s): cpu = 00:00:45 ; elapsed = 00:00:31 . Memory (MB): peak = 2043.195 ; gain = 30.395

Phase 2.3 Pre Route Cleanup
Phase 2.3 Pre Route Cleanup | Checksum: 9323b411

Time (s): cpu = 00:00:45 ; elapsed = 00:00:31 . Memory (MB): peak = 2043.195 ; gain = 30.395
 Number of Nodes with overlaps = 0

Phase 2.4 Update Timing
Phase 2.4 Update Timing | Checksum: 19d17f2b9

Time (s): cpu = 00:00:57 ; elapsed = 00:00:39 . Memory (MB): peak = 2068.625 ; gain = 55.824
INFO: [Route 35-416] Intermediate Timing Summary | WNS=0.758  | TNS=0.000  | WHS=-0.211 | THS=-319.059|

Phase 2 Router Initialization | Checksum: 21f31c3cb

Time (s): cpu = 00:01:05 ; elapsed = 00:00:44 . Memory (MB): peak = 2080.945 ; gain = 68.145

Router Utilization Summary
  Global Vertical Routing Utilization    = 0.000703829 %
  Global Horizontal Routing Utilization  = 0.00252757 %
  Routable Net Status*
  *Does not include unroutable nets such as driverless and loadless.
  Run report_route_status for detailed report.
  Number of Failed Nets               = 14850
    (Failed Nets is the sum of unrouted and partially routed nets)
  Number of Unrouted Nets             = 14850
  Number of Partially Routed Nets     = 0
  Number of Node Overlaps             = 0


Phase 3 Initial Routing
Phase 3 Initial Routing | Checksum: 14fdd67b3

Time (s): cpu = 00:01:10 ; elapsed = 00:00:47 . Memory (MB): peak = 2080.945 ; gain = 68.145

Phase 4 Rip-up And Reroute

Phase 4.1 Global Iteration 0
 Number of Nodes with overlaps = 1696
 Number of Nodes with overlaps = 177
 Number of Nodes with overlaps = 42
 Number of Nodes with overlaps = 20
 Number of Nodes with overlaps = 8
 Number of Nodes with overlaps = 2
 Number of Nodes with overlaps = 0
INFO: [Route 35-416] Intermediate Timing Summary | WNS=0.405  | TNS=0.000  | WHS=N/A    | THS=N/A    |

Phase 4.1 Global Iteration 0 | Checksum: 11b5c30b8

Time (s): cpu = 00:01:30 ; elapsed = 00:01:01 . Memory (MB): peak = 2080.945 ; gain = 68.145

Phase 4.2 Global Iteration 1
 Number of Nodes with overlaps = 0
INFO: [Route 35-416] Intermediate Timing Summary | WNS=0.405  | TNS=0.000  | WHS=N/A    | THS=N/A    |

Phase 4.2 Global Iteration 1 | Checksum: 1ccb5e7e0

Time (s): cpu = 00:01:31 ; elapsed = 00:01:01 . Memory (MB): peak = 2080.945 ; gain = 68.145
Phase 4 Rip-up And Reroute | Checksum: 1ccb5e7e0

Time (s): cpu = 00:01:31 ; elapsed = 00:01:02 . Memory (MB): peak = 2080.945 ; gain = 68.145

Phase 5 Delay and Skew Optimization

Phase 5.1 Delay CleanUp

Phase 5.1.1 Update Timing
Phase 5.1.1 Update Timing | Checksum: 25826ab17

Time (s): cpu = 00:01:33 ; elapsed = 00:01:03 . Memory (MB): peak = 2080.945 ; gain = 68.145
INFO: [Route 35-416] Intermediate Timing Summary | WNS=0.418  | TNS=0.000  | WHS=N/A    | THS=N/A    |

Phase 5.1 Delay CleanUp | Checksum: 25826ab17

Time (s): cpu = 00:01:33 ; elapsed = 00:01:03 . Memory (MB): peak = 2080.945 ; gain = 68.145

Phase 5.2 Clock Skew Optimization
Phase 5.2 Clock Skew Optimization | Checksum: 25826ab17

Time (s): cpu = 00:01:33 ; elapsed = 00:01:03 . Memory (MB): peak = 2080.945 ; gain = 68.145
Phase 5 Delay and Skew Optimization | Checksum: 25826ab17

Time (s): cpu = 00:01:33 ; elapsed = 00:01:03 . Memory (MB): peak = 2080.945 ; gain = 68.145

Phase 6 Post Hold Fix

Phase 6.1 Hold Fix Iter

Phase 6.1.1 Update Timing
Phase 6.1.1 Update Timing | Checksum: 230a73965

Time (s): cpu = 00:01:37 ; elapsed = 00:01:06 . Memory (MB): peak = 2080.945 ; gain = 68.145
INFO: [Route 35-416] Intermediate Timing Summary | WNS=0.418  | TNS=0.000  | WHS=0.032  | THS=0.000  |

Phase 6.1 Hold Fix Iter | Checksum: 21c59a933

Time (s): cpu = 00:01:37 ; elapsed = 00:01:06 . Memory (MB): peak = 2080.945 ; gain = 68.145
Phase 6 Post Hold Fix | Checksum: 21c59a933

Time (s): cpu = 00:01:37 ; elapsed = 00:01:06 . Memory (MB): peak = 2080.945 ; gain = 68.145

Phase 7 Route finalize

Router Utilization Summary
  Global Vertical Routing Utilization    = 7.36796 %
  Global Horizontal Routing Utilization  = 10.2587 %
  Routable Net Status*
  *Does not include unroutable nets such as driverless and loadless.
  Run report_route_status for detailed report.
  Number of Failed Nets               = 0
    (Failed Nets is the sum of unrouted and partially routed nets)
  Number of Unrouted Nets             = 0
  Number of Partially Routed Nets     = 0
  Number of Node Overlaps             = 0

Phase 7 Route finalize | Checksum: 18859708b

Time (s): cpu = 00:01:37 ; elapsed = 00:01:06 . Memory (MB): peak = 2080.945 ; gain = 68.145

Phase 8 Verifying routed nets

 Verification completed successfully
Phase 8 Verifying routed nets | Checksum: 18859708b

Time (s): cpu = 00:01:37 ; elapsed = 00:01:06 . Memory (MB): peak = 2080.945 ; gain = 68.145

Phase 9 Depositing Routes
Phase 9 Depositing Routes | Checksum: 1ab3ff22f

Time (s): cpu = 00:01:40 ; elapsed = 00:01:09 . Memory (MB): peak = 2080.945 ; gain = 68.145

Phase 10 Post Router Timing
INFO: [Route 35-57] Estimated Timing Summary | WNS=0.418  | TNS=0.000  | WHS=0.032  | THS=0.000  |

INFO: [Route 35-327] The final timing numbers are based on the router estimated timing analysis. For a complete and accurate timing signoff, please run report_timing_summary.
Phase 10 Post Router Timing | Checksum: 1ab3ff22f

Time (s): cpu = 00:01:40 ; elapsed = 00:01:09 . Memory (MB): peak = 2080.945 ; gain = 68.145
INFO: [Route 35-16] Router Completed Successfully

Time (s): cpu = 00:01:40 ; elapsed = 00:01:09 . Memory (MB): peak = 2080.945 ; gain = 68.145

Routing Is Done.
INFO: [Common 17-83] Releasing license: Implementation
128 Infos, 5 Warnings, 10 Critical Warnings and 0 Errors encountered.
route_design completed successfully
route_design: Time (s): cpu = 00:01:45 ; elapsed = 00:01:12 . Memory (MB): peak = 2080.945 ; gain = 68.145
INFO: [Timing 38-480] Writing timing data to binary archive.
Writing placer database...
Writing XDEF routing.
Writing XDEF routing logical nets.
Writing XDEF routing special nets.
Write XDEF Complete: Time (s): cpu = 00:00:09 ; elapsed = 00:00:03 . Memory (MB): peak = 2095.066 ; gain = 14.121
INFO: [Common 17-1381] The checkpoint 'C:/Users/Gabriela Rivera/OneDrive/Escritorio/Proyecto1/electric_hook/electric_hook.runs/impl_1/Electric_hook_bd_wrapper_routed.dcp' has been generated.
write_checkpoint: Time (s): cpu = 00:00:16 ; elapsed = 00:00:09 . Memory (MB): peak = 2095.066 ; gain = 14.121
INFO: [runtcl-4] Executing : report_drc -file Electric_hook_bd_wrapper_drc_routed.rpt -pb Electric_hook_bd_wrapper_drc_routed.pb -rpx Electric_hook_bd_wrapper_drc_routed.rpx
Command: report_drc -file Electric_hook_bd_wrapper_drc_routed.rpt -pb Electric_hook_bd_wrapper_drc_routed.pb -rpx Electric_hook_bd_wrapper_drc_routed.rpx
INFO: [IP_Flow 19-1839] IP Catalog is up to date.
INFO: [DRC 23-27] Running DRC with 2 threads
INFO: [Coretcl 2-168] The results of DRC are in file C:/Users/Gabriela Rivera/OneDrive/Escritorio/Proyecto1/electric_hook/electric_hook.runs/impl_1/Electric_hook_bd_wrapper_drc_routed.rpt.
report_drc completed successfully
report_drc: Time (s): cpu = 00:00:10 ; elapsed = 00:00:06 . Memory (MB): peak = 2100.711 ; gain = 5.645
INFO: [runtcl-4] Executing : report_methodology -file Electric_hook_bd_wrapper_methodology_drc_routed.rpt -pb Electric_hook_bd_wrapper_methodology_drc_routed.pb -rpx Electric_hook_bd_wrapper_methodology_drc_routed.rpx
Command: report_methodology -file Electric_hook_bd_wrapper_methodology_drc_routed.rpt -pb Electric_hook_bd_wrapper_methodology_drc_routed.pb -rpx Electric_hook_bd_wrapper_methodology_drc_routed.rpx
INFO: [Timing 38-35] Done setting XDC timing constraints.
INFO: [DRC 23-133] Running Methodology with 2 threads
INFO: [Coretcl 2-1520] The results of Report Methodology are in file C:/Users/Gabriela Rivera/OneDrive/Escritorio/Proyecto1/electric_hook/electric_hook.runs/impl_1/Electric_hook_bd_wrapper_methodology_drc_routed.rpt.
report_methodology completed successfully
report_methodology: Time (s): cpu = 00:00:21 ; elapsed = 00:00:12 . Memory (MB): peak = 2173.273 ; gain = 72.562
INFO: [runtcl-4] Executing : report_power -file Electric_hook_bd_wrapper_power_routed.rpt -pb Electric_hook_bd_wrapper_power_summary_routed.pb -rpx Electric_hook_bd_wrapper_power_routed.rpx
Command: report_power -file Electric_hook_bd_wrapper_power_routed.rpt -pb Electric_hook_bd_wrapper_power_summary_routed.pb -rpx Electric_hook_bd_wrapper_power_routed.rpx
INFO: [Timing 38-35] Done setting XDC timing constraints.
Running Vector-less Activity Propagation...

Finished Running Vector-less Activity Propagation
140 Infos, 5 Warnings, 10 Critical Warnings and 0 Errors encountered.
report_power completed successfully
report_power: Time (s): cpu = 00:00:18 ; elapsed = 00:00:11 . Memory (MB): peak = 2173.539 ; gain = 0.266
INFO: [runtcl-4] Executing : report_route_status -file Electric_hook_bd_wrapper_route_status.rpt -pb Electric_hook_bd_wrapper_route_status.pb
INFO: [runtcl-4] Executing : report_timing_summary -max_paths 10 -file Electric_hook_bd_wrapper_timing_summary_routed.rpt -pb Electric_hook_bd_wrapper_timing_summary_routed.pb -rpx Electric_hook_bd_wrapper_timing_summary_routed.rpx -warn_on_violation 
INFO: [Timing 38-91] UpdateTimingParams: Speed grade: -1, Delay Type: min_max.
INFO: [Timing 38-191] Multithreading enabled for timing update using a maximum of 2 CPUs
INFO: [runtcl-4] Executing : report_incremental_reuse -file Electric_hook_bd_wrapper_incremental_reuse_routed.rpt
INFO: [Vivado_Tcl 4-1062] Incremental flow is disabled. No incremental reuse Info to report.
INFO: [runtcl-4] Executing : report_clock_utilization -file Electric_hook_bd_wrapper_clock_utilization_routed.rpt
INFO: [runtcl-4] Executing : report_bus_skew -warn_on_violation -file Electric_hook_bd_wrapper_bus_skew_routed.rpt -pb Electric_hook_bd_wrapper_bus_skew_routed.pb -rpx Electric_hook_bd_wrapper_bus_skew_routed.rpx
INFO: [Timing 38-91] UpdateTimingParams: Speed grade: -1, Delay Type: min_max.
INFO: [Timing 38-191] Multithreading enabled for timing update using a maximum of 2 CPUs
INFO: [Memdata 28-167] Found XPM memory block Electric_hook_bd_i/axi_traffic_gen_2/inst/ATG_MODE_SYSTEM_INIT_TEST.systeminit_top/systeminit_dmg_data/xpm_memory_spram_inst/xpm_memory_base_inst with a P_MEMORY_PRIMITIVE property set to distributed. A value of block is required. You will not be able to use the updatemem program to update the bitstream with new data for the Electric_hook_bd_i/axi_traffic_gen_2/inst/ATG_MODE_SYSTEM_INIT_TEST.systeminit_top/systeminit_dmg_data/xpm_memory_spram_inst/xpm_memory_base_inst block.
INFO: [Memdata 28-167] Found XPM memory block Electric_hook_bd_i/axi_traffic_gen_2/inst/ATG_MODE_SYSTEM_INIT_TEST.systeminit_top/systeminit_dmg_addr/xpm_memory_spram_inst/xpm_memory_base_inst with a P_MEMORY_PRIMITIVE property set to distributed. A value of block is required. You will not be able to use the updatemem program to update the bitstream with new data for the Electric_hook_bd_i/axi_traffic_gen_2/inst/ATG_MODE_SYSTEM_INIT_TEST.systeminit_top/systeminit_dmg_addr/xpm_memory_spram_inst/xpm_memory_base_inst block.
INFO: [Memdata 28-167] Found XPM memory block Electric_hook_bd_i/axi_traffic_gen_2/inst/ATG_MODE_SYSTEM_INIT_TEST.systeminit_top/ATG_SYSINIT_DMG.systeminit_dmg_mask/xpm_memory_spram_inst/xpm_memory_base_inst with a P_MEMORY_PRIMITIVE property set to distributed. A value of block is required. You will not be able to use the updatemem program to update the bitstream with new data for the Electric_hook_bd_i/axi_traffic_gen_2/inst/ATG_MODE_SYSTEM_INIT_TEST.systeminit_top/ATG_SYSINIT_DMG.systeminit_dmg_mask/xpm_memory_spram_inst/xpm_memory_base_inst block.
INFO: [Memdata 28-167] Found XPM memory block Electric_hook_bd_i/axi_traffic_gen_2/inst/ATG_MODE_SYSTEM_INIT_TEST.systeminit_top/ATG_SYSINIT_DMG.systeminit_dmg_ctrl/xpm_memory_spram_inst/xpm_memory_base_inst with a P_MEMORY_PRIMITIVE property set to distributed. A value of block is required. You will not be able to use the updatemem program to update the bitstream with new data for the Electric_hook_bd_i/axi_traffic_gen_2/inst/ATG_MODE_SYSTEM_INIT_TEST.systeminit_top/ATG_SYSINIT_DMG.systeminit_dmg_ctrl/xpm_memory_spram_inst/xpm_memory_base_inst block.
INFO: [Memdata 28-208] The XPM instance: <Electric_hook_bd_i/axi_traffic_gen_1/inst/ATG_MODE_AXI_BASIC_FULL.basic_n_full_top/sharedram_blk/sharedram/ram0/MEM_INFER_BLK_MEM.inst/proc_bmg/xpm_mem.xpm_tdpram_mem.xpm_memory_tdpram_inst/xpm_memory_base_inst> is part of IP: <Electric_hook_bd_i/axi_traffic_gen_1>. This XPM instance will be excluded from the .mmi because updatemem is prohibited from making changes to an XPM that is part of an IP.
INFO: [Memdata 28-208] The XPM instance: <Electric_hook_bd_i/axi_traffic_gen_1/inst/ATG_MODE_AXI_BASIC_FULL.basic_n_full_top/cmd_blk/Cmdram/cmd_ram0_3/MEM_INFER_BLK_MEM.inst/proc_bmg/xpm_mem.xpm_tdpram_mem.xpm_memory_tdpram_inst/xpm_memory_base_inst> is part of IP: <Electric_hook_bd_i/axi_traffic_gen_1>. This XPM instance will be excluded from the .mmi because updatemem is prohibited from making changes to an XPM that is part of an IP.
INFO: [Memdata 28-208] The XPM instance: <Electric_hook_bd_i/axi_traffic_gen_1/inst/ATG_MODE_AXI_BASIC_FULL.basic_n_full_top/ATG_PARARAM_INST_YES.paramram_blk/PARAMRAM_ON_1.paramram/ram0/MEM_INFER_BLK_MEM.inst/proc_bmg/xpm_mem.xpm_tdpram_mem.xpm_memory_tdpram_inst/xpm_memory_base_inst> is part of IP: <Electric_hook_bd_i/axi_traffic_gen_1>. This XPM instance will be excluded from the .mmi because updatemem is prohibited from making changes to an XPM that is part of an IP.
INFO: [Memdata 28-167] Found XPM memory block Electric_hook_bd_i/axi_traffic_gen_0/inst/ATG_MODE_SYSTEM_INIT_TEST.systeminit_top/systeminit_dmg_data/xpm_memory_spram_inst/xpm_memory_base_inst with a P_MEMORY_PRIMITIVE property set to distributed. A value of block is required. You will not be able to use the updatemem program to update the bitstream with new data for the Electric_hook_bd_i/axi_traffic_gen_0/inst/ATG_MODE_SYSTEM_INIT_TEST.systeminit_top/systeminit_dmg_data/xpm_memory_spram_inst/xpm_memory_base_inst block.
INFO: [Memdata 28-167] Found XPM memory block Electric_hook_bd_i/axi_traffic_gen_0/inst/ATG_MODE_SYSTEM_INIT_TEST.systeminit_top/systeminit_dmg_addr/xpm_memory_spram_inst/xpm_memory_base_inst with a P_MEMORY_PRIMITIVE property set to distributed. A value of block is required. You will not be able to use the updatemem program to update the bitstream with new data for the Electric_hook_bd_i/axi_traffic_gen_0/inst/ATG_MODE_SYSTEM_INIT_TEST.systeminit_top/systeminit_dmg_addr/xpm_memory_spram_inst/xpm_memory_base_inst block.
INFO: [Memdata 28-167] Found XPM memory block Electric_hook_bd_i/axi_traffic_gen_0/inst/ATG_MODE_SYSTEM_INIT_TEST.systeminit_top/ATG_SYSINIT_DMG.systeminit_dmg_mask/xpm_memory_spram_inst/xpm_memory_base_inst with a P_MEMORY_PRIMITIVE property set to distributed. A value of block is required. You will not be able to use the updatemem program to update the bitstream with new data for the Electric_hook_bd_i/axi_traffic_gen_0/inst/ATG_MODE_SYSTEM_INIT_TEST.systeminit_top/ATG_SYSINIT_DMG.systeminit_dmg_mask/xpm_memory_spram_inst/xpm_memory_base_inst block.
INFO: [Memdata 28-167] Found XPM memory block Electric_hook_bd_i/axi_traffic_gen_0/inst/ATG_MODE_SYSTEM_INIT_TEST.systeminit_top/ATG_SYSINIT_DMG.systeminit_dmg_ctrl/xpm_memory_spram_inst/xpm_memory_base_inst with a P_MEMORY_PRIMITIVE property set to distributed. A value of block is required. You will not be able to use the updatemem program to update the bitstream with new data for the Electric_hook_bd_i/axi_traffic_gen_0/inst/ATG_MODE_SYSTEM_INIT_TEST.systeminit_top/ATG_SYSINIT_DMG.systeminit_dmg_ctrl/xpm_memory_spram_inst/xpm_memory_base_inst block.
INFO: [Memdata 28-167] Found XPM memory block Electric_hook_bd_i/axi_smc_1/inst/s00_nodes/s00_w_node/inst/inst_mi_handler/gen_normal_area.inst_fifo_node_payld/gen_xpm_memory_fifo.inst_fifo/gen_mem_rep[0].inst_xpm_memory/xpm_memory_base_inst with a P_MEMORY_PRIMITIVE property set to distributed. A value of block is required. You will not be able to use the updatemem program to update the bitstream with new data for the Electric_hook_bd_i/axi_smc_1/inst/s00_nodes/s00_w_node/inst/inst_mi_handler/gen_normal_area.inst_fifo_node_payld/gen_xpm_memory_fifo.inst_fifo/gen_mem_rep[0].inst_xpm_memory/xpm_memory_base_inst block.
INFO: [Memdata 28-167] Found XPM memory block Electric_hook_bd_i/axi_smc_1/inst/s00_nodes/s00_r_node/inst/inst_mi_handler/gen_normal_area.inst_fifo_node_payld/gen_xpm_memory_fifo.inst_fifo/gen_mem_rep[0].inst_xpm_memory/xpm_memory_base_inst with a P_MEMORY_PRIMITIVE property set to distributed. A value of block is required. You will not be able to use the updatemem program to update the bitstream with new data for the Electric_hook_bd_i/axi_smc_1/inst/s00_nodes/s00_r_node/inst/inst_mi_handler/gen_normal_area.inst_fifo_node_payld/gen_xpm_memory_fifo.inst_fifo/gen_mem_rep[0].inst_xpm_memory/xpm_memory_base_inst block.
INFO: [Memdata 28-167] Found XPM memory block Electric_hook_bd_i/axi_smc_1/inst/s00_nodes/s00_b_node/inst/inst_mi_handler/gen_normal_area.inst_fifo_node_payld/gen_xpm_memory_fifo.inst_fifo/gen_mem_rep[0].inst_xpm_memory/xpm_memory_base_inst with a P_MEMORY_PRIMITIVE property set to distributed. A value of block is required. You will not be able to use the updatemem program to update the bitstream with new data for the Electric_hook_bd_i/axi_smc_1/inst/s00_nodes/s00_b_node/inst/inst_mi_handler/gen_normal_area.inst_fifo_node_payld/gen_xpm_memory_fifo.inst_fifo/gen_mem_rep[0].inst_xpm_memory/xpm_memory_base_inst block.
INFO: [Memdata 28-167] Found XPM memory block Electric_hook_bd_i/axi_smc_1/inst/s00_nodes/s00_aw_node/inst/inst_mi_handler/gen_normal_area.inst_fifo_node_payld/gen_xpm_memory_fifo.inst_fifo/gen_mem_rep[0].inst_xpm_memory/xpm_memory_base_inst with a P_MEMORY_PRIMITIVE property set to distributed. A value of block is required. You will not be able to use the updatemem program to update the bitstream with new data for the Electric_hook_bd_i/axi_smc_1/inst/s00_nodes/s00_aw_node/inst/inst_mi_handler/gen_normal_area.inst_fifo_node_payld/gen_xpm_memory_fifo.inst_fifo/gen_mem_rep[0].inst_xpm_memory/xpm_memory_base_inst block.
INFO: [Memdata 28-167] Found XPM memory block Electric_hook_bd_i/axi_smc_1/inst/s00_nodes/s00_ar_node/inst/inst_mi_handler/gen_normal_area.inst_fifo_node_payld/gen_xpm_memory_fifo.inst_fifo/gen_mem_rep[0].inst_xpm_memory/xpm_memory_base_inst with a P_MEMORY_PRIMITIVE property set to distributed. A value of block is required. You will not be able to use the updatemem program to update the bitstream with new data for the Electric_hook_bd_i/axi_smc_1/inst/s00_nodes/s00_ar_node/inst/inst_mi_handler/gen_normal_area.inst_fifo_node_payld/gen_xpm_memory_fifo.inst_fifo/gen_mem_rep[0].inst_xpm_memory/xpm_memory_base_inst block.
INFO: [Memdata 28-167] Found XPM memory block Electric_hook_bd_i/axi_smc/inst/s00_nodes/s00_w_node/inst/inst_mi_handler/gen_normal_area.inst_fifo_node_payld/gen_xpm_memory_fifo.inst_fifo/gen_mem_rep[0].inst_xpm_memory/xpm_memory_base_inst with a P_MEMORY_PRIMITIVE property set to distributed. A value of block is required. You will not be able to use the updatemem program to update the bitstream with new data for the Electric_hook_bd_i/axi_smc/inst/s00_nodes/s00_w_node/inst/inst_mi_handler/gen_normal_area.inst_fifo_node_payld/gen_xpm_memory_fifo.inst_fifo/gen_mem_rep[0].inst_xpm_memory/xpm_memory_base_inst block.
INFO: [Memdata 28-167] Found XPM memory block Electric_hook_bd_i/axi_smc/inst/s00_nodes/s00_r_node/inst/inst_mi_handler/gen_normal_area.inst_fifo_node_payld/gen_xpm_memory_fifo.inst_fifo/gen_mem_rep[0].inst_xpm_memory/xpm_memory_base_inst with a P_MEMORY_PRIMITIVE property set to distributed. A value of block is required. You will not be able to use the updatemem program to update the bitstream with new data for the Electric_hook_bd_i/axi_smc/inst/s00_nodes/s00_r_node/inst/inst_mi_handler/gen_normal_area.inst_fifo_node_payld/gen_xpm_memory_fifo.inst_fifo/gen_mem_rep[0].inst_xpm_memory/xpm_memory_base_inst block.
INFO: [Memdata 28-167] Found XPM memory block Electric_hook_bd_i/axi_smc/inst/s00_nodes/s00_b_node/inst/inst_mi_handler/gen_normal_area.inst_fifo_node_payld/gen_xpm_memory_fifo.inst_fifo/gen_mem_rep[0].inst_xpm_memory/xpm_memory_base_inst with a P_MEMORY_PRIMITIVE property set to distributed. A value of block is required. You will not be able to use the updatemem program to update the bitstream with new data for the Electric_hook_bd_i/axi_smc/inst/s00_nodes/s00_b_node/inst/inst_mi_handler/gen_normal_area.inst_fifo_node_payld/gen_xpm_memory_fifo.inst_fifo/gen_mem_rep[0].inst_xpm_memory/xpm_memory_base_inst block.
INFO: [Memdata 28-167] Found XPM memory block Electric_hook_bd_i/axi_smc/inst/s00_nodes/s00_aw_node/inst/inst_mi_handler/gen_normal_area.inst_fifo_node_payld/gen_xpm_memory_fifo.inst_fifo/gen_mem_rep[0].inst_xpm_memory/xpm_memory_base_inst with a P_MEMORY_PRIMITIVE property set to distributed. A value of block is required. You will not be able to use the updatemem program to update the bitstream with new data for the Electric_hook_bd_i/axi_smc/inst/s00_nodes/s00_aw_node/inst/inst_mi_handler/gen_normal_area.inst_fifo_node_payld/gen_xpm_memory_fifo.inst_fifo/gen_mem_rep[0].inst_xpm_memory/xpm_memory_base_inst block.
INFO: [Memdata 28-167] Found XPM memory block Electric_hook_bd_i/axi_smc/inst/s00_nodes/s00_ar_node/inst/inst_mi_handler/gen_normal_area.inst_fifo_node_payld/gen_xpm_memory_fifo.inst_fifo/gen_mem_rep[0].inst_xpm_memory/xpm_memory_base_inst with a P_MEMORY_PRIMITIVE property set to distributed. A value of block is required. You will not be able to use the updatemem program to update the bitstream with new data for the Electric_hook_bd_i/axi_smc/inst/s00_nodes/s00_ar_node/inst/inst_mi_handler/gen_normal_area.inst_fifo_node_payld/gen_xpm_memory_fifo.inst_fifo/gen_mem_rep[0].inst_xpm_memory/xpm_memory_base_inst block.
Command: write_bitstream -force Electric_hook_bd_wrapper.bit
Attempting to get a license for feature 'Implementation' and/or device 'xc7z010'
INFO: [Common 17-349] Got license for feature 'Implementation' and/or device 'xc7z010'
Running DRC as a precondition to command write_bitstream
INFO: [IP_Flow 19-1839] IP Catalog is up to date.
INFO: [DRC 23-27] Running DRC with 2 threads
WARNING: [DRC RTSTAT-10] No routable loads: 29 net(s) have no routable loads. The problem bus(es) and/or net(s) are dbg_hub/inst/BSCANID.u_xsdbm_id/CORE_XSDB.UUT_MASTER/U_ICON_INTERFACE/U_CMD6_RD/U_RD_FIFO/SUBCORE_FIFO.xsdbm_v3_0_0_rdfifo_inst/inst_fifo_gen/gconvfifo.rf/grf.rf/gntv_or_sync_fifo.gl0.rd/gr1.gr1_int.rfwft/aempty_fwft_i, dbg_hub/inst/BSCANID.u_xsdbm_id/CORE_XSDB.UUT_MASTER/U_ICON_INTERFACE/U_CMD7_CTL/ctl_reg[2:0], dbg_hub/inst/BSCANID.u_xsdbm_id/CORE_XSDB.UUT_MASTER/U_ICON_INTERFACE/U_CMD1/ctl_reg_en_2[1], dbg_hub/inst/BSCANID.u_xsdbm_id/CORE_XSDB.UUT_MASTER/U_ICON_INTERFACE/U_CMD7_CTL/ctl_reg_en_2[1], dbg_hub/inst/BSCANID.u_xsdbm_id/SWITCH_N_EXT_BSCAN.bscan_switch/m_bscan_capture[0], dbg_hub/inst/BSCANID.u_xsdbm_id/SWITCH_N_EXT_BSCAN.bscan_switch/m_bscan_drck[0], dbg_hub/inst/BSCANID.u_xsdbm_id/SWITCH_N_EXT_BSCAN.bscan_switch/m_bscan_runtest[0], dbg_hub/inst/BSCANID.u_xsdbm_id/CORE_XSDB.UUT_MASTER/U_ICON_INTERFACE/U_CMD6_WR/U_WR_FIFO/SUBCORE_FIFO.xsdbm_v3_0_0_wrfifo_inst/inst_fifo_gen/gconvfifo.rf/grf.rf/gntv_or_sync_fifo.gl0.wr/gwhf.whf/overflow, dbg_hub/inst/BSCANID.u_xsdbm_id/CORE_XSDB.UUT_MASTER/U_ICON_INTERFACE/U_CMD6_RD/U_RD_FIFO/SUBCORE_FIFO.xsdbm_v3_0_0_rdfifo_inst/inst_fifo_gen/gconvfifo.rf/grf.rf/gntv_or_sync_fifo.gl0.wr/gwhf.whf/overflow, Electric_hook_bd_i/axi_traffic_gen_0/inst/ext_sync_flop_1/q, Electric_hook_bd_i/axi_traffic_gen_0/inst/ext_st_sync_flop_1/q, Electric_hook_bd_i/axi_traffic_gen_2/inst/ext_st_sync_flop_1/q, Electric_hook_bd_i/axi_traffic_gen_2/inst/ext_sync_flop_1/q, dbg_hub/inst/BSCANID.u_xsdbm_id/CORE_XSDB.UUT_MASTER/U_ICON_INTERFACE/U_CMD6_RD/U_RD_FIFO/SUBCORE_FIFO.xsdbm_v3_0_0_rdfifo_inst/inst_fifo_gen/gconvfifo.rf/grf.rf/gntv_or_sync_fifo.gl0.rd/gras.rsts/ram_empty_i, dbg_hub/inst/BSCANID.u_xsdbm_id/CORE_XSDB.UUT_MASTER/U_ICON_INTERFACE/U_CMD6_WR/U_WR_FIFO/SUBCORE_FIFO.xsdbm_v3_0_0_wrfifo_inst/inst_fifo_gen/gconvfifo.rf/grf.rf/gntv_or_sync_fifo.gl0.wr/gwas.wsts/ram_full_i... and (the first 15 of 27 listed).
WARNING: [DRC ZPS7-1] PS7 block required: The PS7 cell must be used in this Zynq design in order to enable correct default configuration.
INFO: [Vivado 12-3199] DRC finished with 0 Errors, 2 Warnings
INFO: [Vivado 12-3200] Please refer to the DRC report (report_drc) for more information.
INFO: [Designutils 20-2272] Running write_bitstream with 2 threads.
Loading data files...
Loading site data...
Loading route data...
Processing options...
Creating bitmap...
Creating bitstream...
Writing bitstream ./Electric_hook_bd_wrapper.bit...
INFO: [Vivado 12-1842] Bitgen Completed Successfully.
INFO: [Project 1-120] WebTalk data collection is mandatory when using a WebPACK part without a full Vivado license. To see the specific WebTalk data collected for your design, open the usage_statistics_webtalk.html or usage_statistics_webtalk.xml file in the implementation directory.
Acceso denegado.
Acceso denegado.
INFO: [Common 17-83] Releasing license: Implementation
180 Infos, 7 Warnings, 10 Critical Warnings and 0 Errors encountered.
write_bitstream completed successfully
write_bitstream: Time (s): cpu = 00:00:39 ; elapsed = 00:00:34 . Memory (MB): peak = 2592.258 ; gain = 417.129
INFO: [Common 17-206] Exiting Vivado at Tue Oct 14 17:59:01 2025...
