
*** Running vivado
    with args -log Electric_hook_bd_puntaje_0_0.vds -m64 -product Vivado -mode batch -messageDb vivado.pb -notrace -source Electric_hook_bd_puntaje_0_0.tcl



****** Vivado v2020.1 (64-bit)
  **** SW Build 2902540 on Wed May 27 19:54:49 MDT 2020
  **** IP Build 2902112 on Wed May 27 22:43:36 MDT 2020
    ** Copyright 1986-2020 Xilinx, Inc. All Rights Reserved.

source Electric_hook_bd_puntaje_0_0.tcl -notrace
create_project: Time (s): cpu = 00:00:05 ; elapsed = 00:00:07 . Memory (MB): peak = 1046.258 ; gain = 0.000
INFO: [IP_Flow 19-234] Refreshing IP repositories
INFO: [IP_Flow 19-1700] Loaded user IP repository 'c:/Users/Gabriela Rivera/OneDrive/Escritorio/Proyecto1/ip_repo/puntaje_1.0'.
INFO: [IP_Flow 19-1700] Loaded user IP repository 'c:/Users/Gabriela Rivera/OneDrive/Escritorio/Proyecto1/Ip_cores'.
INFO: [IP_Flow 19-2313] Loaded Vivado IP repository 'C:/Xilinx/Vivado/2020.1/data/ip'.
WARNING: [IP_Flow 19-4995] The host OS only allows 260 characters in a normal path. The IP cache path is more than 80 characters. If you experience issues with IP caching, please consider changing the IP cache to a location with a shorter path. Alternately consider using the OS subst command to map part of the path to a drive letter. 
Current IP cache path is c:/Users/Gabriela Rivera/OneDrive/Escritorio/Proyecto1/electric_hook/electric_hook.cache/ip 
Command: synth_design -top Electric_hook_bd_puntaje_0_0 -part xc7z010clg400-1 -mode out_of_context
Starting synth_design
Attempting to get a license for feature 'Synthesis' and/or device 'xc7z010'
INFO: [Common 17-349] Got license for feature 'Synthesis' and/or device 'xc7z010'
INFO: [Device 21-403] Loading part xc7z010clg400-1
INFO: [Synth 8-7079] Multithreading enabled for synth_design using a maximum of 2 processes.
INFO: [Synth 8-7078] Launching helper process for spawning children vivado processes
INFO: [Synth 8-7075] Helper process launched with PID 19076
---------------------------------------------------------------------------------
Starting RTL Elaboration : Time (s): cpu = 00:00:12 ; elapsed = 00:00:36 . Memory (MB): peak = 1046.258 ; gain = 0.000
---------------------------------------------------------------------------------
INFO: [Synth 8-638] synthesizing module 'Electric_hook_bd_puntaje_0_0' [c:/Users/Gabriela Rivera/OneDrive/Escritorio/Proyecto1/electric_hook/electric_hook.srcs/sources_1/bd/Electric_hook_bd/ip/Electric_hook_bd_puntaje_0_0/synth/Electric_hook_bd_puntaje_0_0.vhd:88]
	Parameter C_S00_AXI_DATA_WIDTH bound to: 32 - type: integer 
	Parameter C_S00_AXI_ADDR_WIDTH bound to: 4 - type: integer 
INFO: [Synth 8-3491] module 'Puntajes_v1_0' declared at 'c:/Users/Gabriela Rivera/OneDrive/Escritorio/Proyecto1/electric_hook/electric_hook.srcs/sources_1/bd/Electric_hook_bd/ipshared/9e7a/hdl/puntaje_v1_0.vhd:5' bound to instance 'U0' of component 'Puntajes_v1_0' [c:/Users/Gabriela Rivera/OneDrive/Escritorio/Proyecto1/electric_hook/electric_hook.srcs/sources_1/bd/Electric_hook_bd/ip/Electric_hook_bd_puntaje_0_0/synth/Electric_hook_bd_puntaje_0_0.vhd:162]
INFO: [Synth 8-638] synthesizing module 'Puntajes_v1_0' [c:/Users/Gabriela Rivera/OneDrive/Escritorio/Proyecto1/electric_hook/electric_hook.srcs/sources_1/bd/Electric_hook_bd/ipshared/9e7a/hdl/puntaje_v1_0.vhd:55]
	Parameter C_S00_AXI_DATA_WIDTH bound to: 32 - type: integer 
	Parameter C_S00_AXI_ADDR_WIDTH bound to: 4 - type: integer 
	Parameter C_S_AXI_DATA_WIDTH bound to: 32 - type: integer 
	Parameter C_S_AXI_ADDR_WIDTH bound to: 4 - type: integer 
INFO: [Synth 8-3491] module 'Puntajes_v1_0_S00_AXI' declared at 'c:/Users/Gabriela Rivera/OneDrive/Escritorio/Proyecto1/electric_hook/electric_hook.srcs/sources_1/bd/Electric_hook_bd/ipshared/9e7a/hdl/puntaje_v1_0_S00_AXI.vhd:5' bound to instance 'Puntajes_v1_0_S00_AXI_inst' of component 'Puntajes_v1_0_S00_AXI' [c:/Users/Gabriela Rivera/OneDrive/Escritorio/Proyecto1/electric_hook/electric_hook.srcs/sources_1/bd/Electric_hook_bd/ipshared/9e7a/hdl/puntaje_v1_0.vhd:98]
INFO: [Synth 8-638] synthesizing module 'Puntajes_v1_0_S00_AXI' [c:/Users/Gabriela Rivera/OneDrive/Escritorio/Proyecto1/electric_hook/electric_hook.srcs/sources_1/bd/Electric_hook_bd/ipshared/9e7a/hdl/puntaje_v1_0_S00_AXI.vhd:41]
	Parameter C_S_AXI_DATA_WIDTH bound to: 32 - type: integer 
	Parameter C_S_AXI_ADDR_WIDTH bound to: 4 - type: integer 
INFO: [Synth 8-226] default block is never used [c:/Users/Gabriela Rivera/OneDrive/Escritorio/Proyecto1/electric_hook/electric_hook.srcs/sources_1/bd/Electric_hook_bd/ipshared/9e7a/hdl/puntaje_v1_0_S00_AXI.vhd:142]
INFO: [Synth 8-226] default block is never used [c:/Users/Gabriela Rivera/OneDrive/Escritorio/Proyecto1/electric_hook/electric_hook.srcs/sources_1/bd/Electric_hook_bd/ipshared/9e7a/hdl/puntaje_v1_0_S00_AXI.vhd:235]
INFO: [Synth 8-256] done synthesizing module 'Puntajes_v1_0_S00_AXI' (1#1) [c:/Users/Gabriela Rivera/OneDrive/Escritorio/Proyecto1/electric_hook/electric_hook.srcs/sources_1/bd/Electric_hook_bd/ipshared/9e7a/hdl/puntaje_v1_0_S00_AXI.vhd:41]
INFO: [Synth 8-256] done synthesizing module 'Puntajes_v1_0' (2#1) [c:/Users/Gabriela Rivera/OneDrive/Escritorio/Proyecto1/electric_hook/electric_hook.srcs/sources_1/bd/Electric_hook_bd/ipshared/9e7a/hdl/puntaje_v1_0.vhd:55]
INFO: [Synth 8-256] done synthesizing module 'Electric_hook_bd_puntaje_0_0' (3#1) [c:/Users/Gabriela Rivera/OneDrive/Escritorio/Proyecto1/electric_hook/electric_hook.srcs/sources_1/bd/Electric_hook_bd/ip/Electric_hook_bd_puntaje_0_0/synth/Electric_hook_bd_puntaje_0_0.vhd:88]
---------------------------------------------------------------------------------
Finished RTL Elaboration : Time (s): cpu = 00:00:15 ; elapsed = 00:00:44 . Memory (MB): peak = 1046.258 ; gain = 0.000
---------------------------------------------------------------------------------
---------------------------------------------------------------------------------
Start Handling Custom Attributes
---------------------------------------------------------------------------------
---------------------------------------------------------------------------------
Finished Handling Custom Attributes : Time (s): cpu = 00:00:16 ; elapsed = 00:00:49 . Memory (MB): peak = 1046.258 ; gain = 0.000
---------------------------------------------------------------------------------
---------------------------------------------------------------------------------
Finished RTL Optimization Phase 1 : Time (s): cpu = 00:00:16 ; elapsed = 00:00:49 . Memory (MB): peak = 1046.258 ; gain = 0.000
---------------------------------------------------------------------------------
Netlist sorting complete. Time (s): cpu = 00:00:00 ; elapsed = 00:00:00.031 . Memory (MB): peak = 1046.258 ; gain = 0.000
INFO: [Project 1-570] Preparing netlist for logic optimization

Processing XDC Constraints
Initializing timing engine
Completed Processing XDC Constraints

Netlist sorting complete. Time (s): cpu = 00:00:00 ; elapsed = 00:00:00.002 . Memory (MB): peak = 1141.777 ; gain = 0.000
INFO: [Project 1-111] Unisim Transformation Summary:
No Unisim elements were transformed.

Constraint Validation Runtime : Time (s): cpu = 00:00:00 ; elapsed = 00:00:00.365 . Memory (MB): peak = 1141.777 ; gain = 0.000
---------------------------------------------------------------------------------
Finished Constraint Validation : Time (s): cpu = 00:00:34 ; elapsed = 00:01:37 . Memory (MB): peak = 1141.777 ; gain = 95.520
---------------------------------------------------------------------------------
---------------------------------------------------------------------------------
Start Loading Part and Timing Information
---------------------------------------------------------------------------------
Loading part: xc7z010clg400-1
---------------------------------------------------------------------------------
Finished Loading Part and Timing Information : Time (s): cpu = 00:00:34 ; elapsed = 00:01:38 . Memory (MB): peak = 1141.777 ; gain = 95.520
---------------------------------------------------------------------------------
---------------------------------------------------------------------------------
Start Applying 'set_property' XDC Constraints
---------------------------------------------------------------------------------
---------------------------------------------------------------------------------
Finished applying 'set_property' XDC Constraints : Time (s): cpu = 00:00:34 ; elapsed = 00:01:38 . Memory (MB): peak = 1141.777 ; gain = 95.520
---------------------------------------------------------------------------------
INFO: [Synth 8-802] inferred FSM for state register 'estado_reg' in module 'Puntajes_v1_0_S00_AXI'
---------------------------------------------------------------------------------------------------
                   State |                     New Encoding |                Previous Encoding 
---------------------------------------------------------------------------------------------------
                 iSTATE1 |                               00 |                               00
                  iSTATE |                               01 |                               01
                 iSTATE0 |                               10 |                               10
                 iSTATE2 |                               11 |                               11
*
---------------------------------------------------------------------------------------------------
INFO: [Synth 8-3354] encoded FSM with state register 'estado_reg' using encoding 'sequential' in module 'Puntajes_v1_0_S00_AXI'
---------------------------------------------------------------------------------
Finished RTL Optimization Phase 2 : Time (s): cpu = 00:00:35 ; elapsed = 00:01:40 . Memory (MB): peak = 1141.777 ; gain = 95.520
---------------------------------------------------------------------------------
---------------------------------------------------------------------------------
Start RTL Component Statistics 
---------------------------------------------------------------------------------
Detailed RTL Component Info : 
+---Adders : 
	   2 Input   31 Bit       Adders := 1     
	   2 Input   27 Bit       Adders := 1     
+---Registers : 
	               32 Bit    Registers := 5     
	               27 Bit    Registers := 1     
	                4 Bit    Registers := 4     
	                2 Bit    Registers := 2     
	                1 Bit    Registers := 7     
+---Muxes : 
	   2 Input   32 Bit        Muxes := 4     
	   4 Input   32 Bit        Muxes := 5     
	   5 Input   31 Bit        Muxes := 1     
	   2 Input   27 Bit        Muxes := 2     
	   2 Input    4 Bit        Muxes := 2     
	   3 Input    4 Bit        Muxes := 1     
	   5 Input    3 Bit        Muxes := 1     
	   4 Input    2 Bit        Muxes := 1     
	   2 Input    2 Bit        Muxes := 1     
	   2 Input    1 Bit        Muxes := 7     
	   4 Input    1 Bit        Muxes := 2     
	   5 Input    1 Bit        Muxes := 1     
---------------------------------------------------------------------------------
Finished RTL Component Statistics 
---------------------------------------------------------------------------------
---------------------------------------------------------------------------------
Start Part Resource Summary
---------------------------------------------------------------------------------
Part Resources:
DSPs: 80 (col length:40)
BRAMs: 120 (col length: RAMB18 40 RAMB36 20)
---------------------------------------------------------------------------------
Finished Part Resource Summary
---------------------------------------------------------------------------------
---------------------------------------------------------------------------------
Start Cross Boundary and Area Optimization
---------------------------------------------------------------------------------
---------------------------------------------------------------------------------
Finished Cross Boundary and Area Optimization : Time (s): cpu = 00:00:41 ; elapsed = 00:01:51 . Memory (MB): peak = 1141.777 ; gain = 95.520
---------------------------------------------------------------------------------
---------------------------------------------------------------------------------
Start Applying XDC Timing Constraints
---------------------------------------------------------------------------------
---------------------------------------------------------------------------------
Finished Applying XDC Timing Constraints : Time (s): cpu = 00:01:07 ; elapsed = 00:02:27 . Memory (MB): peak = 1141.777 ; gain = 95.520
---------------------------------------------------------------------------------
---------------------------------------------------------------------------------
Start Timing Optimization
---------------------------------------------------------------------------------
---------------------------------------------------------------------------------
Finished Timing Optimization : Time (s): cpu = 00:01:08 ; elapsed = 00:02:27 . Memory (MB): peak = 1141.777 ; gain = 95.520
---------------------------------------------------------------------------------
---------------------------------------------------------------------------------
Start Technology Mapping
---------------------------------------------------------------------------------
---------------------------------------------------------------------------------
Finished Technology Mapping : Time (s): cpu = 00:01:08 ; elapsed = 00:02:27 . Memory (MB): peak = 1152.801 ; gain = 106.543
---------------------------------------------------------------------------------
---------------------------------------------------------------------------------
Start IO Insertion
---------------------------------------------------------------------------------
---------------------------------------------------------------------------------
Start Flattening Before IO Insertion
---------------------------------------------------------------------------------
---------------------------------------------------------------------------------
Finished Flattening Before IO Insertion
---------------------------------------------------------------------------------
---------------------------------------------------------------------------------
Start Final Netlist Cleanup
---------------------------------------------------------------------------------
---------------------------------------------------------------------------------
Finished Final Netlist Cleanup
---------------------------------------------------------------------------------
---------------------------------------------------------------------------------
Finished IO Insertion : Time (s): cpu = 00:01:20 ; elapsed = 00:02:50 . Memory (MB): peak = 1158.621 ; gain = 112.363
---------------------------------------------------------------------------------
---------------------------------------------------------------------------------
Start Renaming Generated Instances
---------------------------------------------------------------------------------
---------------------------------------------------------------------------------
Finished Renaming Generated Instances : Time (s): cpu = 00:01:20 ; elapsed = 00:02:50 . Memory (MB): peak = 1158.621 ; gain = 112.363
---------------------------------------------------------------------------------
---------------------------------------------------------------------------------
Start Rebuilding User Hierarchy
---------------------------------------------------------------------------------
---------------------------------------------------------------------------------
Finished Rebuilding User Hierarchy : Time (s): cpu = 00:01:20 ; elapsed = 00:02:50 . Memory (MB): peak = 1158.621 ; gain = 112.363
---------------------------------------------------------------------------------
---------------------------------------------------------------------------------
Start Renaming Generated Ports
---------------------------------------------------------------------------------
---------------------------------------------------------------------------------
Finished Renaming Generated Ports : Time (s): cpu = 00:01:20 ; elapsed = 00:02:50 . Memory (MB): peak = 1158.621 ; gain = 112.363
---------------------------------------------------------------------------------
---------------------------------------------------------------------------------
Start Handling Custom Attributes
---------------------------------------------------------------------------------
---------------------------------------------------------------------------------
Finished Handling Custom Attributes : Time (s): cpu = 00:01:20 ; elapsed = 00:02:50 . Memory (MB): peak = 1158.621 ; gain = 112.363
---------------------------------------------------------------------------------
---------------------------------------------------------------------------------
Start Renaming Generated Nets
---------------------------------------------------------------------------------
---------------------------------------------------------------------------------
Finished Renaming Generated Nets : Time (s): cpu = 00:01:20 ; elapsed = 00:02:50 . Memory (MB): peak = 1158.621 ; gain = 112.363
---------------------------------------------------------------------------------
---------------------------------------------------------------------------------
Start Writing Synthesis Report
---------------------------------------------------------------------------------

Report BlackBoxes: 
+-+--------------+----------+
| |BlackBox name |Instances |
+-+--------------+----------+
+-+--------------+----------+

Report Cell Usage: 
+------+-------+------+
|      |Cell   |Count |
+------+-------+------+
|1     |CARRY4 |    22|
|2     |LUT1   |     5|
|3     |LUT2   |    45|
|4     |LUT3   |     2|
|5     |LUT4   |    52|
|6     |LUT5   |    29|
|7     |LUT6   |    75|
|8     |FDRE   |   205|
|9     |FDSE   |     3|
+------+-------+------+
---------------------------------------------------------------------------------
Finished Writing Synthesis Report : Time (s): cpu = 00:01:20 ; elapsed = 00:02:50 . Memory (MB): peak = 1158.621 ; gain = 112.363
---------------------------------------------------------------------------------
Synthesis finished with 0 errors, 0 critical warnings and 0 warnings.
Synthesis Optimization Runtime : Time (s): cpu = 00:01:00 ; elapsed = 00:02:30 . Memory (MB): peak = 1158.621 ; gain = 16.844
Synthesis Optimization Complete : Time (s): cpu = 00:01:21 ; elapsed = 00:02:50 . Memory (MB): peak = 1158.621 ; gain = 112.363
INFO: [Project 1-571] Translating synthesized netlist
Netlist sorting complete. Time (s): cpu = 00:00:00 ; elapsed = 00:00:00.016 . Memory (MB): peak = 1169.598 ; gain = 0.000
INFO: [Netlist 29-17] Analyzing 22 Unisim elements for replacement
INFO: [Netlist 29-28] Unisim Transformation completed in 0 CPU seconds
INFO: [Project 1-570] Preparing netlist for logic optimization
INFO: [Opt 31-138] Pushed 0 inverter(s) to 0 load pin(s).
Netlist sorting complete. Time (s): cpu = 00:00:00 ; elapsed = 00:00:00 . Memory (MB): peak = 1173.133 ; gain = 0.000
INFO: [Project 1-111] Unisim Transformation Summary:
No Unisim elements were transformed.

INFO: [Common 17-83] Releasing license: Synthesis
30 Infos, 1 Warnings, 0 Critical Warnings and 0 Errors encountered.
synth_design completed successfully
synth_design: Time (s): cpu = 00:01:37 ; elapsed = 00:03:29 . Memory (MB): peak = 1173.133 ; gain = 126.875
INFO: [Common 17-1381] The checkpoint 'C:/Users/Gabriela Rivera/OneDrive/Escritorio/Proyecto1/electric_hook/electric_hook.runs/Electric_hook_bd_puntaje_0_0_synth_1/Electric_hook_bd_puntaje_0_0.dcp' has been generated.
WARNING: [Common 17-576] 'use_project_ipc' is deprecated. This option is deprecated and no longer used.
INFO: [Coretcl 2-1648] Added synthesis output to IP cache for IP Electric_hook_bd_puntaje_0_0, cache-ID = 75cec4e4f742d7aa
INFO: [Coretcl 2-1174] Renamed 2 cell refs.
INFO: [Common 17-1381] The checkpoint 'C:/Users/Gabriela Rivera/OneDrive/Escritorio/Proyecto1/electric_hook/electric_hook.runs/Electric_hook_bd_puntaje_0_0_synth_1/Electric_hook_bd_puntaje_0_0.dcp' has been generated.
INFO: [runtcl-4] Executing : report_utilization -file Electric_hook_bd_puntaje_0_0_utilization_synth.rpt -pb Electric_hook_bd_puntaje_0_0_utilization_synth.pb
INFO: [Common 17-206] Exiting Vivado at Tue Oct 14 16:57:52 2025...
