
*** Running vivado
    with args -log Electric_hook_bd_catch_fish_0_0.vds -m64 -product Vivado -mode batch -messageDb vivado.pb -notrace -source Electric_hook_bd_catch_fish_0_0.tcl



****** Vivado v2020.1 (64-bit)
  **** SW Build 2902540 on Wed May 27 19:54:49 MDT 2020
  **** IP Build 2902112 on Wed May 27 22:43:36 MDT 2020
    ** Copyright 1986-2020 Xilinx, Inc. All Rights Reserved.

source Electric_hook_bd_catch_fish_0_0.tcl -notrace
INFO: [IP_Flow 19-234] Refreshing IP repositories
INFO: [IP_Flow 19-1700] Loaded user IP repository 'c:/Users/byane/OneDrive/Escritorio/Proyecto1/Ip_cores'.
INFO: [IP_Flow 19-2313] Loaded Vivado IP repository 'C:/Xilinx/Vivado/2020.1/data/ip'.
WARNING: [IP_Flow 19-4995] The host OS only allows 260 characters in a normal path. The IP cache path is more than 80 characters. If you experience issues with IP caching, please consider changing the IP cache to a location with a shorter path. Alternately consider using the OS subst command to map part of the path to a drive letter. 
Current IP cache path is c:/Users/byane/OneDrive/Escritorio/Proyecto1/Electric_Hook/Electric_Hook.cache/ip 
Command: synth_design -top Electric_hook_bd_catch_fish_0_0 -part xc7z010clg400-1 -mode out_of_context
Starting synth_design
Attempting to get a license for feature 'Synthesis' and/or device 'xc7z010'
INFO: [Common 17-349] Got license for feature 'Synthesis' and/or device 'xc7z010'
INFO: [Device 21-403] Loading part xc7z010clg400-1
CRITICAL WARNING: [filemgmt 20-1741] File 'catch_fish.vhd' is used by one or more modules, but with different contents, and may lead to unpredictable results:
* Electric_hook_bd_catch_fish_0_0 (c:/Users/byane/OneDrive/Escritorio/Proyecto1/Electric_Hook/Electric_Hook.srcs/sources_1/bd/Electric_hook_bd/ipshared/9ed6/src/catch_fish.vhd)
* Electric_hook_bd_catch_fish_0_0 (c:/Users/byane/OneDrive/Escritorio/Proyecto1/Electric_Hook/Electric_Hook.srcs/sources_1/bd/Electric_hook_bd/catch_fish/catch_fish.srcs/sources_1/new/catch_fish.vhd)
Please reset and regenerate these modules to resolve the differences, or synthesize them independently.
INFO: [Synth 8-7079] Multithreading enabled for synth_design using a maximum of 2 processes.
INFO: [Synth 8-7078] Launching helper process for spawning children vivado processes
INFO: [Synth 8-7075] Helper process launched with PID 9732
---------------------------------------------------------------------------------
Starting RTL Elaboration : Time (s): cpu = 00:00:05 ; elapsed = 00:00:09 . Memory (MB): peak = 1062.508 ; gain = 0.000
---------------------------------------------------------------------------------
INFO: [Synth 8-638] synthesizing module 'Electric_hook_bd_catch_fish_0_0' [c:/Users/byane/OneDrive/Escritorio/Proyecto1/Electric_Hook/Electric_Hook.srcs/sources_1/bd/Electric_hook_bd/ip/Electric_hook_bd_catch_fish_0_0/synth/Electric_hook_bd_catch_fish_0_0.vhd:68]
INFO: [Synth 8-3491] module 'catch_fish' declared at 'c:/Users/byane/OneDrive/Escritorio/Proyecto1/Electric_Hook/Electric_Hook.srcs/sources_1/bd/Electric_hook_bd/ipshared/9ed6/src/catch_fish.vhd:6' bound to instance 'U0' of component 'catch_fish' [c:/Users/byane/OneDrive/Escritorio/Proyecto1/Electric_Hook/Electric_Hook.srcs/sources_1/bd/Electric_hook_bd/ip/Electric_hook_bd_catch_fish_0_0/synth/Electric_hook_bd_catch_fish_0_0.vhd:91]
INFO: [Synth 8-638] synthesizing module 'catch_fish' [c:/Users/byane/OneDrive/Escritorio/Proyecto1/Electric_Hook/Electric_Hook.srcs/sources_1/bd/Electric_hook_bd/ipshared/9ed6/src/catch_fish.vhd:20]
WARNING: [Synth 8-614] signal 'enable' is read in the process but is not in the sensitivity list [c:/Users/byane/OneDrive/Escritorio/Proyecto1/Electric_Hook/Electric_Hook.srcs/sources_1/bd/Electric_hook_bd/ipshared/9ed6/src/catch_fish.vhd:23]
INFO: [Synth 8-256] done synthesizing module 'catch_fish' (1#1) [c:/Users/byane/OneDrive/Escritorio/Proyecto1/Electric_Hook/Electric_Hook.srcs/sources_1/bd/Electric_hook_bd/ipshared/9ed6/src/catch_fish.vhd:20]
INFO: [Synth 8-256] done synthesizing module 'Electric_hook_bd_catch_fish_0_0' (2#1) [c:/Users/byane/OneDrive/Escritorio/Proyecto1/Electric_Hook/Electric_Hook.srcs/sources_1/bd/Electric_hook_bd/ip/Electric_hook_bd_catch_fish_0_0/synth/Electric_hook_bd_catch_fish_0_0.vhd:68]
---------------------------------------------------------------------------------
Finished RTL Elaboration : Time (s): cpu = 00:00:07 ; elapsed = 00:00:11 . Memory (MB): peak = 1062.508 ; gain = 0.000
---------------------------------------------------------------------------------
---------------------------------------------------------------------------------
Start Handling Custom Attributes
---------------------------------------------------------------------------------
---------------------------------------------------------------------------------
Finished Handling Custom Attributes : Time (s): cpu = 00:00:07 ; elapsed = 00:00:12 . Memory (MB): peak = 1062.508 ; gain = 0.000
---------------------------------------------------------------------------------
---------------------------------------------------------------------------------
Finished RTL Optimization Phase 1 : Time (s): cpu = 00:00:07 ; elapsed = 00:00:12 . Memory (MB): peak = 1062.508 ; gain = 0.000
---------------------------------------------------------------------------------
Netlist sorting complete. Time (s): cpu = 00:00:00 ; elapsed = 00:00:00.003 . Memory (MB): peak = 1062.508 ; gain = 0.000
INFO: [Project 1-570] Preparing netlist for logic optimization

Processing XDC Constraints
Initializing timing engine
Completed Processing XDC Constraints

Netlist sorting complete. Time (s): cpu = 00:00:00 ; elapsed = 00:00:00 . Memory (MB): peak = 1127.109 ; gain = 0.000
INFO: [Project 1-111] Unisim Transformation Summary:
No Unisim elements were transformed.

Constraint Validation Runtime : Time (s): cpu = 00:00:00 ; elapsed = 00:00:00.082 . Memory (MB): peak = 1128.137 ; gain = 1.027
CRITICAL WARNING: [filemgmt 20-1741] File 'catch_fish.vhd' is used by one or more modules, but with different contents, and may lead to unpredictable results:
* Electric_hook_bd_catch_fish_0_0 (c:/Users/byane/OneDrive/Escritorio/Proyecto1/Electric_Hook/Electric_Hook.srcs/sources_1/bd/Electric_hook_bd/ipshared/9ed6/src/catch_fish.vhd)
* Electric_hook_bd_catch_fish_0_0 (c:/Users/byane/OneDrive/Escritorio/Proyecto1/Electric_Hook/Electric_Hook.srcs/sources_1/bd/Electric_hook_bd/catch_fish/catch_fish.srcs/sources_1/new/catch_fish.vhd)
Please reset and regenerate these modules to resolve the differences, or synthesize them independently.
---------------------------------------------------------------------------------
Finished Constraint Validation : Time (s): cpu = 00:00:14 ; elapsed = 00:00:22 . Memory (MB): peak = 1128.137 ; gain = 65.629
---------------------------------------------------------------------------------
---------------------------------------------------------------------------------
Start Loading Part and Timing Information
---------------------------------------------------------------------------------
Loading part: xc7z010clg400-1
---------------------------------------------------------------------------------
Finished Loading Part and Timing Information : Time (s): cpu = 00:00:14 ; elapsed = 00:00:22 . Memory (MB): peak = 1128.137 ; gain = 65.629
---------------------------------------------------------------------------------
---------------------------------------------------------------------------------
Start Applying 'set_property' XDC Constraints
---------------------------------------------------------------------------------
---------------------------------------------------------------------------------
Finished applying 'set_property' XDC Constraints : Time (s): cpu = 00:00:14 ; elapsed = 00:00:22 . Memory (MB): peak = 1128.137 ; gain = 65.629
---------------------------------------------------------------------------------
INFO: [Synth 8-802] inferred FSM for state register 'estado_reg' in module 'catch_fish'
---------------------------------------------------------------------------------------------------
                   State |                     New Encoding |                Previous Encoding 
---------------------------------------------------------------------------------------------------
                 iSTATE0 |                           000001 | 00000000000000000000000000000000
                 iSTATE1 |                           000010 | 00000000000000000000000000000001
                 iSTATE2 |                           000100 | 00000000000000000000000000000010
                 iSTATE3 |                           001000 | 00000000000000000000000000000011
                 iSTATE4 |                           010000 | 00000000000000000000000000000100
                  iSTATE |                           100000 | 00000000000000000000000000000101
*
---------------------------------------------------------------------------------------------------
INFO: [Synth 8-3354] encoded FSM with state register 'estado_reg' using encoding 'one-hot' in module 'catch_fish'
---------------------------------------------------------------------------------
Finished RTL Optimization Phase 2 : Time (s): cpu = 00:00:14 ; elapsed = 00:00:22 . Memory (MB): peak = 1128.137 ; gain = 65.629
---------------------------------------------------------------------------------
---------------------------------------------------------------------------------
Start RTL Component Statistics 
---------------------------------------------------------------------------------
Detailed RTL Component Info : 
+---Registers : 
	                4 Bit    Registers := 1     
	                1 Bit    Registers := 1     
+---Muxes : 
	   6 Input    6 Bit        Muxes := 1     
	   6 Input    4 Bit        Muxes := 1     
	   7 Input    1 Bit        Muxes := 1     
---------------------------------------------------------------------------------
Finished RTL Component Statistics 
---------------------------------------------------------------------------------
---------------------------------------------------------------------------------
Start Part Resource Summary
---------------------------------------------------------------------------------
Part Resources:
DSPs: 80 (col length:40)
BRAMs: 120 (col length: RAMB18 40 RAMB36 20)
---------------------------------------------------------------------------------
Finished Part Resource Summary
---------------------------------------------------------------------------------
---------------------------------------------------------------------------------
Start Cross Boundary and Area Optimization
---------------------------------------------------------------------------------
---------------------------------------------------------------------------------
Finished Cross Boundary and Area Optimization : Time (s): cpu = 00:00:15 ; elapsed = 00:00:23 . Memory (MB): peak = 1128.137 ; gain = 65.629
---------------------------------------------------------------------------------
---------------------------------------------------------------------------------
Start Applying XDC Timing Constraints
---------------------------------------------------------------------------------
---------------------------------------------------------------------------------
Finished Applying XDC Timing Constraints : Time (s): cpu = 00:00:23 ; elapsed = 00:00:32 . Memory (MB): peak = 1128.137 ; gain = 65.629
---------------------------------------------------------------------------------
---------------------------------------------------------------------------------
Start Timing Optimization
---------------------------------------------------------------------------------
---------------------------------------------------------------------------------
Finished Timing Optimization : Time (s): cpu = 00:00:23 ; elapsed = 00:00:32 . Memory (MB): peak = 1128.137 ; gain = 65.629
---------------------------------------------------------------------------------
---------------------------------------------------------------------------------
Start Technology Mapping
---------------------------------------------------------------------------------
---------------------------------------------------------------------------------
Finished Technology Mapping : Time (s): cpu = 00:00:23 ; elapsed = 00:00:32 . Memory (MB): peak = 1153.582 ; gain = 91.074
---------------------------------------------------------------------------------
---------------------------------------------------------------------------------
Start IO Insertion
---------------------------------------------------------------------------------
---------------------------------------------------------------------------------
Start Flattening Before IO Insertion
---------------------------------------------------------------------------------
---------------------------------------------------------------------------------
Finished Flattening Before IO Insertion
---------------------------------------------------------------------------------
---------------------------------------------------------------------------------
Start Final Netlist Cleanup
---------------------------------------------------------------------------------
---------------------------------------------------------------------------------
Finished Final Netlist Cleanup
---------------------------------------------------------------------------------
---------------------------------------------------------------------------------
Finished IO Insertion : Time (s): cpu = 00:00:27 ; elapsed = 00:00:35 . Memory (MB): peak = 1153.582 ; gain = 91.074
---------------------------------------------------------------------------------
---------------------------------------------------------------------------------
Start Renaming Generated Instances
---------------------------------------------------------------------------------
---------------------------------------------------------------------------------
Finished Renaming Generated Instances : Time (s): cpu = 00:00:27 ; elapsed = 00:00:35 . Memory (MB): peak = 1153.582 ; gain = 91.074
---------------------------------------------------------------------------------
---------------------------------------------------------------------------------
Start Rebuilding User Hierarchy
---------------------------------------------------------------------------------
---------------------------------------------------------------------------------
Finished Rebuilding User Hierarchy : Time (s): cpu = 00:00:27 ; elapsed = 00:00:35 . Memory (MB): peak = 1153.582 ; gain = 91.074
---------------------------------------------------------------------------------
---------------------------------------------------------------------------------
Start Renaming Generated Ports
---------------------------------------------------------------------------------
---------------------------------------------------------------------------------
Finished Renaming Generated Ports : Time (s): cpu = 00:00:27 ; elapsed = 00:00:35 . Memory (MB): peak = 1153.582 ; gain = 91.074
---------------------------------------------------------------------------------
---------------------------------------------------------------------------------
Start Handling Custom Attributes
---------------------------------------------------------------------------------
---------------------------------------------------------------------------------
Finished Handling Custom Attributes : Time (s): cpu = 00:00:27 ; elapsed = 00:00:35 . Memory (MB): peak = 1153.582 ; gain = 91.074
---------------------------------------------------------------------------------
---------------------------------------------------------------------------------
Start Renaming Generated Nets
---------------------------------------------------------------------------------
---------------------------------------------------------------------------------
Finished Renaming Generated Nets : Time (s): cpu = 00:00:27 ; elapsed = 00:00:35 . Memory (MB): peak = 1153.582 ; gain = 91.074
---------------------------------------------------------------------------------
---------------------------------------------------------------------------------
Start Writing Synthesis Report
---------------------------------------------------------------------------------

Report BlackBoxes: 
+-+--------------+----------+
| |BlackBox name |Instances |
+-+--------------+----------+
+-+--------------+----------+

Report Cell Usage: 
+------+-----+------+
|      |Cell |Count |
+------+-----+------+
|1     |LUT2 |     2|
|2     |LUT4 |     1|
|3     |LUT5 |     2|
|4     |LUT6 |     3|
|5     |FDRE |    10|
+------+-----+------+
---------------------------------------------------------------------------------
Finished Writing Synthesis Report : Time (s): cpu = 00:00:27 ; elapsed = 00:00:35 . Memory (MB): peak = 1153.582 ; gain = 91.074
---------------------------------------------------------------------------------
Synthesis finished with 0 errors, 0 critical warnings and 0 warnings.
Synthesis Optimization Runtime : Time (s): cpu = 00:00:17 ; elapsed = 00:00:30 . Memory (MB): peak = 1153.582 ; gain = 25.445
Synthesis Optimization Complete : Time (s): cpu = 00:00:27 ; elapsed = 00:00:35 . Memory (MB): peak = 1153.582 ; gain = 91.074
INFO: [Project 1-571] Translating synthesized netlist
Netlist sorting complete. Time (s): cpu = 00:00:00 ; elapsed = 00:00:00 . Memory (MB): peak = 1161.879 ; gain = 0.000
INFO: [Project 1-570] Preparing netlist for logic optimization
INFO: [Opt 31-138] Pushed 0 inverter(s) to 0 load pin(s).
Netlist sorting complete. Time (s): cpu = 00:00:00 ; elapsed = 00:00:00 . Memory (MB): peak = 1169.469 ; gain = 0.000
INFO: [Project 1-111] Unisim Transformation Summary:
No Unisim elements were transformed.

INFO: [Common 17-83] Releasing license: Synthesis
22 Infos, 2 Warnings, 2 Critical Warnings and 0 Errors encountered.
synth_design completed successfully
synth_design: Time (s): cpu = 00:00:34 ; elapsed = 00:00:45 . Memory (MB): peak = 1169.469 ; gain = 106.961
INFO: [Common 17-1381] The checkpoint 'C:/Users/byane/OneDrive/Escritorio/Proyecto1/Electric_Hook/Electric_Hook.runs/Electric_hook_bd_catch_fish_0_0_synth_1/Electric_hook_bd_catch_fish_0_0.dcp' has been generated.
INFO: [Common 17-1381] The checkpoint 'C:/Users/byane/OneDrive/Escritorio/Proyecto1/Electric_Hook/Electric_Hook.runs/Electric_hook_bd_catch_fish_0_0_synth_1/Electric_hook_bd_catch_fish_0_0.dcp' has been generated.
INFO: [runtcl-4] Executing : report_utilization -file Electric_hook_bd_catch_fish_0_0_utilization_synth.rpt -pb Electric_hook_bd_catch_fish_0_0_utilization_synth.pb
INFO: [Common 17-206] Exiting Vivado at Tue Oct 14 14:56:56 2025...
