
*** Running vivado
    with args -log temporal_main.vdi -applog -m64 -product Vivado -messageDb vivado.pb -mode batch -source temporal_main.tcl -notrace



****** Vivado v2020.1 (64-bit)
  **** SW Build 2902540 on Wed May 27 19:54:49 MDT 2020
  **** IP Build 2902112 on Wed May 27 22:43:36 MDT 2020
    ** Copyright 1986-2020 Xilinx, Inc. All Rights Reserved.

source temporal_main.tcl -notrace
Command: link_design -top temporal_main -part xc7z010clg400-1
Design is defaulting to srcset: sources_1
Design is defaulting to constrset: constrs_1
INFO: [Device 21-403] Loading part xc7z010clg400-1
Netlist sorting complete. Time (s): cpu = 00:00:00 ; elapsed = 00:00:00.011 . Memory (MB): peak = 1063.781 ; gain = 0.000
INFO: [Netlist 29-17] Analyzing 143 Unisim elements for replacement
INFO: [Netlist 29-28] Unisim Transformation completed in 0 CPU seconds
INFO: [Project 1-479] Netlist was created with Vivado 2020.1
INFO: [Project 1-570] Preparing netlist for logic optimization
Parsing XDC File [C:/Users/Gabriela Rivera/OneDrive/Escritorio/SEP/pull_fish/pull_fish.srcs/constrs_1/new/Zybo-Z7-Master.xdc]
Finished Parsing XDC File [C:/Users/Gabriela Rivera/OneDrive/Escritorio/SEP/pull_fish/pull_fish.srcs/constrs_1/new/Zybo-Z7-Master.xdc]
INFO: [Opt 31-138] Pushed 0 inverter(s) to 0 load pin(s).
Netlist sorting complete. Time (s): cpu = 00:00:00 ; elapsed = 00:00:00.001 . Memory (MB): peak = 1063.781 ; gain = 0.000
INFO: [Project 1-111] Unisim Transformation Summary:
No Unisim elements were transformed.

7 Infos, 0 Warnings, 0 Critical Warnings and 0 Errors encountered.
link_design completed successfully
link_design: Time (s): cpu = 00:00:08 ; elapsed = 00:00:10 . Memory (MB): peak = 1063.781 ; gain = 0.000
Command: opt_design
Attempting to get a license for feature 'Implementation' and/or device 'xc7z010'
INFO: [Common 17-349] Got license for feature 'Implementation' and/or device 'xc7z010'
Running DRC as a precondition to command opt_design

Starting DRC Task
INFO: [DRC 23-27] Running DRC with 2 threads
INFO: [Project 1-461] DRC finished with 0 Errors
INFO: [Project 1-462] Please refer to the DRC report (report_drc) for more information.

Time (s): cpu = 00:00:02 ; elapsed = 00:00:01 . Memory (MB): peak = 1063.781 ; gain = 0.000

Starting Cache Timing Information Task
INFO: [Timing 38-35] Done setting XDC timing constraints.
Ending Cache Timing Information Task | Checksum: 2365a8a3e

Time (s): cpu = 00:00:11 ; elapsed = 00:00:12 . Memory (MB): peak = 1415.949 ; gain = 352.168

Starting Logic Optimization Task

Phase 1 Retarget
INFO: [Opt 31-138] Pushed 0 inverter(s) to 0 load pin(s).
INFO: [Opt 31-49] Retargeted 0 cell(s).
Phase 1 Retarget | Checksum: 2365a8a3e

Time (s): cpu = 00:00:00 ; elapsed = 00:00:00.078 . Memory (MB): peak = 1617.805 ; gain = 0.000
INFO: [Opt 31-389] Phase Retarget created 0 cells and removed 0 cells

Phase 2 Constant propagation
INFO: [Opt 31-138] Pushed 0 inverter(s) to 0 load pin(s).
Phase 2 Constant propagation | Checksum: 1f848dab8

Time (s): cpu = 00:00:00 ; elapsed = 00:00:00.097 . Memory (MB): peak = 1617.805 ; gain = 0.000
INFO: [Opt 31-389] Phase Constant propagation created 0 cells and removed 0 cells

Phase 3 Sweep
Phase 3 Sweep | Checksum: 26bdcbec9

Time (s): cpu = 00:00:00 ; elapsed = 00:00:00.143 . Memory (MB): peak = 1617.805 ; gain = 0.000
INFO: [Opt 31-389] Phase Sweep created 0 cells and removed 0 cells

Phase 4 BUFG optimization
Phase 4 BUFG optimization | Checksum: 26bdcbec9

Time (s): cpu = 00:00:00 ; elapsed = 00:00:00.193 . Memory (MB): peak = 1617.805 ; gain = 0.000
INFO: [Opt 31-662] Phase BUFG optimization created 0 cells of which 0 are BUFGs and removed 0 cells.

Phase 5 Shift Register Optimization
INFO: [Opt 31-1064] SRL Remap converted 0 SRLs to 0 registers and converted 0 registers of register chains to 0 SRLs
Phase 5 Shift Register Optimization | Checksum: 26bdcbec9

Time (s): cpu = 00:00:00 ; elapsed = 00:00:00.213 . Memory (MB): peak = 1617.805 ; gain = 0.000
INFO: [Opt 31-389] Phase Shift Register Optimization created 0 cells and removed 0 cells

Phase 6 Post Processing Netlist
Phase 6 Post Processing Netlist | Checksum: 26bdcbec9

Time (s): cpu = 00:00:00 ; elapsed = 00:00:00.222 . Memory (MB): peak = 1617.805 ; gain = 0.000
INFO: [Opt 31-389] Phase Post Processing Netlist created 0 cells and removed 0 cells
Opt_design Change Summary
=========================


-------------------------------------------------------------------------------------------------------------------------
|  Phase                        |  #Cells created  |  #Cells Removed  |  #Constrained objects preventing optimizations  |
-------------------------------------------------------------------------------------------------------------------------
|  Retarget                     |               0  |               0  |                                              0  |
|  Constant propagation         |               0  |               0  |                                              0  |
|  Sweep                        |               0  |               0  |                                              0  |
|  BUFG optimization            |               0  |               0  |                                              0  |
|  Shift Register Optimization  |               0  |               0  |                                              0  |
|  Post Processing Netlist      |               0  |               0  |                                              0  |
-------------------------------------------------------------------------------------------------------------------------



Starting Connectivity Check Task

Time (s): cpu = 00:00:00 ; elapsed = 00:00:00.002 . Memory (MB): peak = 1617.805 ; gain = 0.000
Ending Logic Optimization Task | Checksum: 221ade350

Time (s): cpu = 00:00:00 ; elapsed = 00:00:00.304 . Memory (MB): peak = 1617.805 ; gain = 0.000

Starting Power Optimization Task
INFO: [Pwropt 34-132] Skipping clock gating for clocks with a period < 2.00 ns.
Ending Power Optimization Task | Checksum: 221ade350

Time (s): cpu = 00:00:00 ; elapsed = 00:00:00.016 . Memory (MB): peak = 1617.805 ; gain = 0.000

Starting Final Cleanup Task
Ending Final Cleanup Task | Checksum: 221ade350

Time (s): cpu = 00:00:00 ; elapsed = 00:00:00 . Memory (MB): peak = 1617.805 ; gain = 0.000

Starting Netlist Obfuscation Task
Netlist sorting complete. Time (s): cpu = 00:00:00 ; elapsed = 00:00:00 . Memory (MB): peak = 1617.805 ; gain = 0.000
Ending Netlist Obfuscation Task | Checksum: 221ade350

Time (s): cpu = 00:00:00 ; elapsed = 00:00:00 . Memory (MB): peak = 1617.805 ; gain = 0.000
INFO: [Common 17-83] Releasing license: Implementation
24 Infos, 0 Warnings, 0 Critical Warnings and 0 Errors encountered.
opt_design completed successfully
opt_design: Time (s): cpu = 00:00:16 ; elapsed = 00:00:17 . Memory (MB): peak = 1617.805 ; gain = 554.023
INFO: [Timing 38-480] Writing timing data to binary archive.
Writing placer database...
Writing XDEF routing.
Writing XDEF routing logical nets.
Writing XDEF routing special nets.
Write XDEF Complete: Time (s): cpu = 00:00:00 ; elapsed = 00:00:00.064 . Memory (MB): peak = 1617.805 ; gain = 0.000
INFO: [Common 17-1381] The checkpoint 'C:/Users/Gabriela Rivera/OneDrive/Escritorio/SEP/pull_fish/pull_fish.runs/impl_1/temporal_main_opt.dcp' has been generated.
INFO: [runtcl-4] Executing : report_drc -file temporal_main_drc_opted.rpt -pb temporal_main_drc_opted.pb -rpx temporal_main_drc_opted.rpx
Command: report_drc -file temporal_main_drc_opted.rpt -pb temporal_main_drc_opted.pb -rpx temporal_main_drc_opted.rpx
INFO: [IP_Flow 19-234] Refreshing IP repositories
INFO: [IP_Flow 19-1704] No user IP repositories specified
INFO: [IP_Flow 19-2313] Loaded Vivado IP repository 'C:/Xilinx/Vivado/2020.1/data/ip'.
INFO: [DRC 23-27] Running DRC with 2 threads
INFO: [Coretcl 2-168] The results of DRC are in file C:/Users/Gabriela Rivera/OneDrive/Escritorio/SEP/pull_fish/pull_fish.runs/impl_1/temporal_main_drc_opted.rpt.
report_drc completed successfully
Command: place_design
Attempting to get a license for feature 'Implementation' and/or device 'xc7z010'
INFO: [Common 17-349] Got license for feature 'Implementation' and/or device 'xc7z010'
INFO: [DRC 23-27] Running DRC with 2 threads
INFO: [Vivado_Tcl 4-198] DRC finished with 0 Errors
INFO: [Vivado_Tcl 4-199] Please refer to the DRC report (report_drc) for more information.
Running DRC as a precondition to command place_design
INFO: [DRC 23-27] Running DRC with 2 threads
INFO: [Vivado_Tcl 4-198] DRC finished with 0 Errors
INFO: [Vivado_Tcl 4-199] Please refer to the DRC report (report_drc) for more information.

Starting Placer Task
INFO: [Place 30-611] Multithreading enabled for place_design using a maximum of 2 CPUs

Phase 1 Placer Initialization

Phase 1.1 Placer Initialization Netlist Sorting
Netlist sorting complete. Time (s): cpu = 00:00:00 ; elapsed = 00:00:00 . Memory (MB): peak = 1617.805 ; gain = 0.000
Phase 1.1 Placer Initialization Netlist Sorting | Checksum: 186f4ab0c

Time (s): cpu = 00:00:00 ; elapsed = 00:00:00.014 . Memory (MB): peak = 1617.805 ; gain = 0.000
Netlist sorting complete. Time (s): cpu = 00:00:00 ; elapsed = 00:00:00.001 . Memory (MB): peak = 1617.805 ; gain = 0.000

Phase 1.2 IO Placement/ Clock Placement/ Build Placer Device
INFO: [Timing 38-35] Done setting XDC timing constraints.
Phase 1.2 IO Placement/ Clock Placement/ Build Placer Device | Checksum: 40618f6c

Time (s): cpu = 00:00:00 ; elapsed = 00:00:00.502 . Memory (MB): peak = 1617.805 ; gain = 0.000

Phase 1.3 Build Placer Netlist Model
Phase 1.3 Build Placer Netlist Model | Checksum: f4c37a19

Time (s): cpu = 00:00:01 ; elapsed = 00:00:00.877 . Memory (MB): peak = 1617.805 ; gain = 0.000

Phase 1.4 Constrain Clocks/Macros
Phase 1.4 Constrain Clocks/Macros | Checksum: f4c37a19

Time (s): cpu = 00:00:01 ; elapsed = 00:00:00.880 . Memory (MB): peak = 1617.805 ; gain = 0.000
Phase 1 Placer Initialization | Checksum: f4c37a19

Time (s): cpu = 00:00:01 ; elapsed = 00:00:00.893 . Memory (MB): peak = 1617.805 ; gain = 0.000

Phase 2 Global Placement

Phase 2.1 Floorplanning
Phase 2.1 Floorplanning | Checksum: 99e7aee7

Time (s): cpu = 00:00:01 ; elapsed = 00:00:01 . Memory (MB): peak = 1617.805 ; gain = 0.000

Phase 2.2 Global Placement Core

Phase 2.2.1 Physical Synthesis In Placer
INFO: [Physopt 32-1035] Found 0 LUTNM shape to break, 4 LUT instances to create LUTNM shape
INFO: [Physopt 32-1044] Break lutnm for timing: one critical 0, two critical 0, total 0, new lutff created 0
INFO: [Physopt 32-775] End 1 Pass. Optimized 1 net or cell. Created 0 new cell, deleted 1 existing cell and moved 0 existing cell
INFO: [Physopt 32-65] No nets found for high-fanout optimization.
INFO: [Physopt 32-232] Optimized 0 net. Created 0 new instance.
INFO: [Physopt 32-775] End 1 Pass. Optimized 0 net or cell. Created 0 new cell, deleted 0 existing cell and moved 0 existing cell
INFO: [Physopt 32-456] No candidate cells for DSP register optimization found in the design.
INFO: [Physopt 32-775] End 2 Pass. Optimized 0 net or cell. Created 0 new cell, deleted 0 existing cell and moved 0 existing cell
INFO: [Physopt 32-1123] No candidate cells found for Shift Register to Pipeline optimization
INFO: [Physopt 32-775] End 1 Pass. Optimized 0 net or cell. Created 0 new cell, deleted 0 existing cell and moved 0 existing cell
INFO: [Physopt 32-677] No candidate cells for Shift Register optimization found in the design
INFO: [Physopt 32-775] End 1 Pass. Optimized 0 net or cell. Created 0 new cell, deleted 0 existing cell and moved 0 existing cell
INFO: [Physopt 32-526] No candidate cells for BRAM register optimization found in the design
INFO: [Physopt 32-775] End 1 Pass. Optimized 0 net or cell. Created 0 new cell, deleted 0 existing cell and moved 0 existing cell
INFO: [Physopt 32-846] No candidate cells for URAM register optimization found in the design
INFO: [Physopt 32-775] End 2 Pass. Optimized 0 net or cell. Created 0 new cell, deleted 0 existing cell and moved 0 existing cell
INFO: [Physopt 32-949] No candidate nets found for HD net replication
INFO: [Physopt 32-775] End 1 Pass. Optimized 0 net or cell. Created 0 new cell, deleted 0 existing cell and moved 0 existing cell
Netlist sorting complete. Time (s): cpu = 00:00:00 ; elapsed = 00:00:00 . Memory (MB): peak = 1617.805 ; gain = 0.000

Summary of Physical Synthesis Optimizations
============================================


-----------------------------------------------------------------------------------------------------------------------------------------------------------
|  Optimization                                     |  Added Cells  |  Removed Cells  |  Optimized Cells/Nets  |  Dont Touch  |  Iterations  |  Elapsed   |
-----------------------------------------------------------------------------------------------------------------------------------------------------------
|  LUT Combining                                    |            0  |              1  |                     1  |           0  |           1  |  00:00:00  |
|  Very High Fanout                                 |            0  |              0  |                     0  |           0  |           1  |  00:00:00  |
|  DSP Register                                     |            0  |              0  |                     0  |           0  |           1  |  00:00:00  |
|  Shift Register to Pipeline                       |            0  |              0  |                     0  |           0  |           1  |  00:00:00  |
|  Shift Register                                   |            0  |              0  |                     0  |           0  |           1  |  00:00:00  |
|  BRAM Register                                    |            0  |              0  |                     0  |           0  |           1  |  00:00:00  |
|  URAM Register                                    |            0  |              0  |                     0  |           0  |           1  |  00:00:00  |
|  Dynamic/Static Region Interface Net Replication  |            0  |              0  |                     0  |           0  |           1  |  00:00:00  |
|  Total                                            |            0  |              1  |                     1  |           0  |           8  |  00:00:00  |
-----------------------------------------------------------------------------------------------------------------------------------------------------------


Phase 2.2.1 Physical Synthesis In Placer | Checksum: 18852b67d

Time (s): cpu = 00:00:05 ; elapsed = 00:00:04 . Memory (MB): peak = 1617.805 ; gain = 0.000
Phase 2.2 Global Placement Core | Checksum: cd832227

Time (s): cpu = 00:00:05 ; elapsed = 00:00:04 . Memory (MB): peak = 1617.805 ; gain = 0.000
Phase 2 Global Placement | Checksum: cd832227

Time (s): cpu = 00:00:05 ; elapsed = 00:00:04 . Memory (MB): peak = 1617.805 ; gain = 0.000

Phase 3 Detail Placement

Phase 3.1 Commit Multi Column Macros
Phase 3.1 Commit Multi Column Macros | Checksum: 148ca2252

Time (s): cpu = 00:00:06 ; elapsed = 00:00:04 . Memory (MB): peak = 1617.805 ; gain = 0.000

Phase 3.2 Commit Most Macros & LUTRAMs
Phase 3.2 Commit Most Macros & LUTRAMs | Checksum: 262be5f2f

Time (s): cpu = 00:00:06 ; elapsed = 00:00:04 . Memory (MB): peak = 1617.805 ; gain = 0.000

Phase 3.3 Area Swap Optimization
Phase 3.3 Area Swap Optimization | Checksum: 23b0c0694

Time (s): cpu = 00:00:06 ; elapsed = 00:00:05 . Memory (MB): peak = 1617.805 ; gain = 0.000

Phase 3.4 Pipeline Register Optimization
Phase 3.4 Pipeline Register Optimization | Checksum: 26d59624c

Time (s): cpu = 00:00:06 ; elapsed = 00:00:05 . Memory (MB): peak = 1617.805 ; gain = 0.000

Phase 3.5 Fast Optimization
Phase 3.5 Fast Optimization | Checksum: 1d9cef098

Time (s): cpu = 00:00:07 ; elapsed = 00:00:06 . Memory (MB): peak = 1617.805 ; gain = 0.000

Phase 3.6 Small Shape Detail Placement
Phase 3.6 Small Shape Detail Placement | Checksum: 20b796d89

Time (s): cpu = 00:00:07 ; elapsed = 00:00:07 . Memory (MB): peak = 1617.805 ; gain = 0.000

Phase 3.7 Re-assign LUT pins
Phase 3.7 Re-assign LUT pins | Checksum: 21eee4a34

Time (s): cpu = 00:00:07 ; elapsed = 00:00:07 . Memory (MB): peak = 1617.805 ; gain = 0.000

Phase 3.8 Pipeline Register Optimization
Phase 3.8 Pipeline Register Optimization | Checksum: 188e939c3

Time (s): cpu = 00:00:07 ; elapsed = 00:00:07 . Memory (MB): peak = 1617.805 ; gain = 0.000

Phase 3.9 Fast Optimization
Phase 3.9 Fast Optimization | Checksum: 2004306f0

Time (s): cpu = 00:00:09 ; elapsed = 00:00:09 . Memory (MB): peak = 1617.805 ; gain = 0.000
Phase 3 Detail Placement | Checksum: 2004306f0

Time (s): cpu = 00:00:09 ; elapsed = 00:00:09 . Memory (MB): peak = 1617.805 ; gain = 0.000

Phase 4 Post Placement Optimization and Clean-Up

Phase 4.1 Post Commit Optimization
INFO: [Timing 38-35] Done setting XDC timing constraints.

Phase 4.1.1 Post Placement Optimization
Post Placement Optimization Initialization | Checksum: 1aad3d631

Phase 4.1.1.1 BUFG Insertion

Starting Physical Synthesis Task

Phase 1 Physical Synthesis Initialization
INFO: [Physopt 32-721] Multithreading enabled for phys_opt_design using a maximum of 2 CPUs
INFO: [Physopt 32-619] Estimated Timing Summary | WNS=-11.382 | TNS=-726.353 |
Phase 1 Physical Synthesis Initialization | Checksum: 1c20e5681

Time (s): cpu = 00:00:00 ; elapsed = 00:00:00.042 . Memory (MB): peak = 1623.680 ; gain = 0.000
INFO: [Place 46-56] BUFG insertion identified 0 candidate nets. Inserted BUFG: 0, Replicated BUFG Driver: 0, Skipped due to Placement/Routing Conflicts: 0, Skipped due to Timing Degradation: 0, Skipped due to Illegal Netlist: 0.
Ending Physical Synthesis Task | Checksum: 153849b7d

Time (s): cpu = 00:00:00 ; elapsed = 00:00:00.047 . Memory (MB): peak = 1623.680 ; gain = 0.000
Phase 4.1.1.1 BUFG Insertion | Checksum: 1aad3d631

Time (s): cpu = 00:00:09 ; elapsed = 00:00:09 . Memory (MB): peak = 1623.680 ; gain = 5.875
INFO: [Place 30-746] Post Placement Timing Summary WNS=-10.560. For the most accurate timing information please run report_timing.
Phase 4.1.1 Post Placement Optimization | Checksum: 157e1bc4f

Time (s): cpu = 00:00:23 ; elapsed = 00:00:23 . Memory (MB): peak = 1623.680 ; gain = 5.875
Phase 4.1 Post Commit Optimization | Checksum: 157e1bc4f

Time (s): cpu = 00:00:23 ; elapsed = 00:00:23 . Memory (MB): peak = 1623.680 ; gain = 5.875

Phase 4.2 Post Placement Cleanup
Phase 4.2 Post Placement Cleanup | Checksum: 157e1bc4f

Time (s): cpu = 00:00:23 ; elapsed = 00:00:23 . Memory (MB): peak = 1623.680 ; gain = 5.875

Phase 4.3 Placer Reporting
Phase 4.3 Placer Reporting | Checksum: 157e1bc4f

Time (s): cpu = 00:00:23 ; elapsed = 00:00:23 . Memory (MB): peak = 1623.680 ; gain = 5.875

Phase 4.4 Final Placement Cleanup
Netlist sorting complete. Time (s): cpu = 00:00:00 ; elapsed = 00:00:00.001 . Memory (MB): peak = 1623.680 ; gain = 0.000
Phase 4.4 Final Placement Cleanup | Checksum: 19b4a5285

Time (s): cpu = 00:00:23 ; elapsed = 00:00:23 . Memory (MB): peak = 1623.680 ; gain = 5.875
Phase 4 Post Placement Optimization and Clean-Up | Checksum: 19b4a5285

Time (s): cpu = 00:00:23 ; elapsed = 00:00:23 . Memory (MB): peak = 1623.680 ; gain = 5.875
Ending Placer Task | Checksum: b4eedc69

Time (s): cpu = 00:00:23 ; elapsed = 00:00:23 . Memory (MB): peak = 1623.680 ; gain = 5.875
INFO: [Common 17-83] Releasing license: Implementation
65 Infos, 0 Warnings, 0 Critical Warnings and 0 Errors encountered.
place_design completed successfully
place_design: Time (s): cpu = 00:00:25 ; elapsed = 00:00:24 . Memory (MB): peak = 1623.680 ; gain = 5.875
INFO: [Timing 38-480] Writing timing data to binary archive.
Writing placer database...
Writing XDEF routing.
Writing XDEF routing logical nets.
Writing XDEF routing special nets.
Write XDEF Complete: Time (s): cpu = 00:00:01 ; elapsed = 00:00:00.139 . Memory (MB): peak = 1623.680 ; gain = 0.000
INFO: [Common 17-1381] The checkpoint 'C:/Users/Gabriela Rivera/OneDrive/Escritorio/SEP/pull_fish/pull_fish.runs/impl_1/temporal_main_placed.dcp' has been generated.
INFO: [runtcl-4] Executing : report_io -file temporal_main_io_placed.rpt
report_io: Time (s): cpu = 00:00:00 ; elapsed = 00:00:00.065 . Memory (MB): peak = 1623.680 ; gain = 0.000
INFO: [runtcl-4] Executing : report_utilization -file temporal_main_utilization_placed.rpt -pb temporal_main_utilization_placed.pb
INFO: [runtcl-4] Executing : report_control_sets -verbose -file temporal_main_control_sets_placed.rpt
report_control_sets: Time (s): cpu = 00:00:00 ; elapsed = 00:00:00.003 . Memory (MB): peak = 1623.680 ; gain = 0.000
Command: phys_opt_design
Attempting to get a license for feature 'Implementation' and/or device 'xc7z010'
INFO: [Common 17-349] Got license for feature 'Implementation' and/or device 'xc7z010'
Netlist sorting complete. Time (s): cpu = 00:00:00 ; elapsed = 00:00:00 . Memory (MB): peak = 1641.121 ; gain = 0.000

Starting Physical Synthesis Task

Phase 1 Physical Synthesis Initialization
INFO: [Physopt 32-721] Multithreading enabled for phys_opt_design using a maximum of 2 CPUs
INFO: [Physopt 32-619] Estimated Timing Summary | WNS=-10.560 | TNS=-666.079 |
Phase 1 Physical Synthesis Initialization | Checksum: 1837ed772

Time (s): cpu = 00:00:01 ; elapsed = 00:00:00.759 . Memory (MB): peak = 1641.121 ; gain = 0.000
INFO: [Physopt 32-619] Estimated Timing Summary | WNS=-10.560 | TNS=-666.079 |

Phase 2 DSP Register Optimization
INFO: [Physopt 32-456] No candidate cells for DSP register optimization found in the design.
INFO: [Physopt 32-775] End 2 Pass. Optimized 0 net or cell. Created 0 new cell, deleted 0 existing cell and moved 0 existing cell
Phase 2 DSP Register Optimization | Checksum: 1837ed772

Time (s): cpu = 00:00:01 ; elapsed = 00:00:00.769 . Memory (MB): peak = 1641.121 ; gain = 0.000

Phase 3 Critical Path Optimization
INFO: [Physopt 32-619] Estimated Timing Summary | WNS=-10.560 | TNS=-666.079 |
INFO: [Physopt 32-663] Processed net contador_reg[0].  Re-placed instance contador_reg[0]
INFO: [Physopt 32-735] Processed net contador_reg[0]. Optimization improves timing on the net.
INFO: [Physopt 32-619] Estimated Timing Summary | WNS=-10.560 | TNS=-665.788 |
INFO: [Physopt 32-663] Processed net contador_reg[1].  Re-placed instance contador_reg[1]
INFO: [Physopt 32-735] Processed net contador_reg[1]. Optimization improves timing on the net.
INFO: [Physopt 32-619] Estimated Timing Summary | WNS=-10.560 | TNS=-665.497 |
INFO: [Physopt 32-663] Processed net contador_reg[2].  Re-placed instance contador_reg[2]
INFO: [Physopt 32-735] Processed net contador_reg[2]. Optimization improves timing on the net.
INFO: [Physopt 32-619] Estimated Timing Summary | WNS=-10.560 | TNS=-665.206 |
INFO: [Physopt 32-663] Processed net contador_reg[3].  Re-placed instance contador_reg[3]
INFO: [Physopt 32-735] Processed net contador_reg[3]. Optimization improves timing on the net.
INFO: [Physopt 32-619] Estimated Timing Summary | WNS=-10.555 | TNS=-664.915 |
INFO: [Physopt 32-663] Processed net contador_reg[28].  Re-placed instance contador_reg[28]
INFO: [Physopt 32-735] Processed net contador_reg[28]. Optimization improves timing on the net.
INFO: [Physopt 32-619] Estimated Timing Summary | WNS=-10.555 | TNS=-664.637 |
INFO: [Physopt 32-663] Processed net contador_reg[29].  Re-placed instance contador_reg[29]
INFO: [Physopt 32-735] Processed net contador_reg[29]. Optimization improves timing on the net.
INFO: [Physopt 32-619] Estimated Timing Summary | WNS=-10.555 | TNS=-664.359 |
INFO: [Physopt 32-663] Processed net contador_reg[30].  Re-placed instance contador_reg[30]
INFO: [Physopt 32-735] Processed net contador_reg[30]. Optimization improves timing on the net.
INFO: [Physopt 32-619] Estimated Timing Summary | WNS=-10.419 | TNS=-664.081 |
INFO: [Physopt 32-662] Processed net contador_reg[4].  Did not re-place instance contador_reg[4]
INFO: [Physopt 32-702] Processed net contador_reg[4]. Optimizations did not improve timing on the net.
INFO: [Physopt 32-81] Processed net Random_Gen/lfsr[1]. Replicated 3 times.
INFO: [Physopt 32-735] Processed net Random_Gen/lfsr[1]. Optimization improves timing on the net.
INFO: [Physopt 32-619] Estimated Timing Summary | WNS=-10.411 | TNS=-663.553 |
INFO: [Physopt 32-81] Processed net Random_Gen/lfsr_state_reg[0]_rep_n_0. Replicated 2 times.
INFO: [Physopt 32-735] Processed net Random_Gen/lfsr_state_reg[0]_rep_n_0. Optimization improves timing on the net.
INFO: [Physopt 32-619] Estimated Timing Summary | WNS=-10.399 | TNS=-662.761 |
INFO: [Physopt 32-81] Processed net Random_Gen/lfsr_state_reg[0]_rep_n_0. Replicated 1 times.
INFO: [Physopt 32-735] Processed net Random_Gen/lfsr_state_reg[0]_rep_n_0. Optimization improves timing on the net.
INFO: [Physopt 32-619] Estimated Timing Summary | WNS=-10.398 | TNS=-662.694 |
INFO: [Physopt 32-81] Processed net Random_Gen/lfsr[1]_repN. Replicated 1 times.
INFO: [Physopt 32-735] Processed net Random_Gen/lfsr[1]_repN. Optimization improves timing on the net.
INFO: [Physopt 32-619] Estimated Timing Summary | WNS=-10.396 | TNS=-662.562 |
INFO: [Physopt 32-572] Net Random_Gen/lfsr[1]_repN was not replicated.
Resolution: phys_opt_design can be forced to replicate a net driver using the option -force_replication_on_nets <list of net objects>.
INFO: [Physopt 32-662] Processed net Random_Gen/lfsr[1]_repN.  Did not re-place instance Random_Gen/lfsr_state_reg[1]_replica
INFO: [Physopt 32-702] Processed net Random_Gen/lfsr[1]_repN. Optimizations did not improve timing on the net.
INFO: [Physopt 32-702] Processed net contador[0]_i_6_n_0. Optimizations did not improve timing on the net.
INFO: [Physopt 32-702] Processed net contador2[27]. Optimizations did not improve timing on the net.
INFO: [Physopt 32-702] Processed net contador_reg[0]_i_16_n_0. Optimizations did not improve timing on the net.
INFO: [Physopt 32-702] Processed net contador[0]_i_35_n_0. Optimizations did not improve timing on the net.
INFO: [Physopt 32-702] Processed net Random_Gen/contador3[22]. Optimizations did not improve timing on the net.
INFO: [Physopt 32-702] Processed net Random_Gen/contador_reg[0]_i_40_n_0. Optimizations did not improve timing on the net.
INFO: [Physopt 32-702] Processed net Random_Gen/contador_reg[0]_i_45_n_0. Optimizations did not improve timing on the net.
INFO: [Physopt 32-702] Processed net Random_Gen/contador_reg[0]_i_50_n_0. Optimizations did not improve timing on the net.
INFO: [Physopt 32-702] Processed net Random_Gen/contador_reg[0]_i_77_n_0. Optimizations did not improve timing on the net.
INFO: [Physopt 32-702] Processed net Random_Gen/contador_reg[0]_i_39_n_0. Optimizations did not improve timing on the net.
INFO: [Physopt 32-702] Processed net Random_Gen/contador[0]_i_90_n_0. Optimizations did not improve timing on the net.
INFO: [Physopt 32-572] Net Random_Gen/lfsr_state_reg[0]_rep__1_2 was not replicated.
Resolution: phys_opt_design can be forced to replicate a net driver using the option -force_replication_on_nets <list of net objects>.
INFO: [Physopt 32-662] Processed net Random_Gen/lfsr_state_reg[0]_rep__1_2.  Did not re-place instance Random_Gen/estado_color2_carry_i_11
INFO: [Physopt 32-710] Processed net Random_Gen/contador[0]_i_90_n_0. Critical path length was reduced through logic transformation on cell Random_Gen/contador[0]_i_90_comp.
INFO: [Physopt 32-735] Processed net Random_Gen/lfsr_state_reg[0]_rep__1_2. Optimization improves timing on the net.
INFO: [Physopt 32-619] Estimated Timing Summary | WNS=-10.392 | TNS=-662.809 |
INFO: [Physopt 32-702] Processed net Random_Gen/contador[0]_i_91_n_0. Optimizations did not improve timing on the net.
INFO: [Physopt 32-572] Net Random_Gen/lfsr_state_reg[0]_rep__1_2 was not replicated.
Resolution: phys_opt_design can be forced to replicate a net driver using the option -force_replication_on_nets <list of net objects>.
INFO: [Physopt 32-662] Processed net Random_Gen/lfsr_state_reg[0]_rep__1_2.  Did not re-place instance Random_Gen/estado_color2_carry_i_11
INFO: [Physopt 32-710] Processed net Random_Gen/contador[0]_i_91_n_0. Critical path length was reduced through logic transformation on cell Random_Gen/contador[0]_i_91_comp.
INFO: [Physopt 32-735] Processed net Random_Gen/lfsr_state_reg[0]_rep__1_2. Optimization improves timing on the net.
INFO: [Physopt 32-619] Estimated Timing Summary | WNS=-10.309 | TNS=-660.356 |
INFO: [Physopt 32-702] Processed net Random_Gen/contador[0]_i_114_n_0. Optimizations did not improve timing on the net.
INFO: [Physopt 32-572] Net Random_Gen/lfsr_state_reg[0]_rep__1_2 was not replicated.
Resolution: phys_opt_design can be forced to replicate a net driver using the option -force_replication_on_nets <list of net objects>.
INFO: [Physopt 32-662] Processed net Random_Gen/lfsr_state_reg[0]_rep__1_2.  Did not re-place instance Random_Gen/estado_color2_carry_i_11
INFO: [Physopt 32-134] Processed net Random_Gen/lfsr_state_reg[0]_rep__1_2. Rewiring did not optimize the net.
INFO: [Physopt 32-702] Processed net Random_Gen/lfsr_state_reg[0]_rep__1_2. Optimizations did not improve timing on the net.
INFO: [Physopt 32-702] Processed net Random_Gen/estado_color2_carry_i_24_n_3. Optimizations did not improve timing on the net.
INFO: [Physopt 32-702] Processed net Random_Gen/estado_color2_carry_i_49_n_0. Optimizations did not improve timing on the net.
INFO: [Physopt 32-702] Processed net Random_Gen/estado_color2_carry_i_95_n_0. Optimizations did not improve timing on the net.
INFO: [Physopt 32-702] Processed net Random_Gen/estado_color2_carry_i_154_n_0. Optimizations did not improve timing on the net.
INFO: [Physopt 32-702] Processed net Random_Gen/estado_color2_carry_i_241_n_0. Optimizations did not improve timing on the net.
INFO: [Physopt 32-702] Processed net Random_Gen/estado_color2_carry_i_298_n_0. Optimizations did not improve timing on the net.
INFO: [Physopt 32-662] Processed net Random_Gen/estado_color2_carry_i_330_n_0.  Did not re-place instance Random_Gen/estado_color2_carry_i_330
INFO: [Physopt 32-702] Processed net Random_Gen/estado_color2_carry_i_330_n_0. Optimizations did not improve timing on the net.
INFO: [Physopt 32-702] Processed net estado_color2_carry_i_307_n_6. Optimizations did not improve timing on the net.
INFO: [Physopt 32-702] Processed net estado_color2_carry_i_336_n_0. Optimizations did not improve timing on the net.
INFO: [Physopt 32-702] Processed net estado_color2_carry_i_356_n_0. Optimizations did not improve timing on the net.
INFO: [Physopt 32-702] Processed net Random_Gen/estado_color2_carry__0_i_18[0]. Optimizations did not improve timing on the net.
INFO: [Physopt 32-702] Processed net Random_Gen/estado_color2_carry_i_13_n_0. Optimizations did not improve timing on the net.
INFO: [Physopt 32-662] Processed net estado_color2_carry_i_28_n_0.  Did not re-place instance estado_color2_carry_i_28
INFO: [Physopt 32-702] Processed net estado_color2_carry_i_28_n_0. Optimizations did not improve timing on the net.
INFO: [Physopt 32-702] Processed net Random_Gen/estado_color2_carry_i_114[1]. Optimizations did not improve timing on the net.
INFO: [Physopt 32-702] Processed net Random_Gen/estado_color2_carry_i_43_n_0. Optimizations did not improve timing on the net.
INFO: [Physopt 32-662] Processed net estado_color2_carry_i_62_n_0.  Did not re-place instance estado_color2_carry_i_62
INFO: [Physopt 32-702] Processed net estado_color2_carry_i_62_n_0. Optimizations did not improve timing on the net.
INFO: [Physopt 32-702] Processed net Random_Gen/lfsr_state_reg[3]_rep_2[2]. Optimizations did not improve timing on the net.
INFO: [Physopt 32-702] Processed net Random_Gen/estado_color2_carry_i_152_n_0. Optimizations did not improve timing on the net.
INFO: [Physopt 32-702] Processed net Random_Gen/estado_color2_carry_i_178_n_0. Optimizations did not improve timing on the net.
INFO: [Physopt 32-702] Processed net Random_Gen/estado_color2_carry_i_277_n_0. Optimizations did not improve timing on the net.
INFO: [Physopt 32-702] Processed net Random_Gen/estado_color2_carry_i_312_n_0. Optimizations did not improve timing on the net.
INFO: [Physopt 32-702] Processed net Random_Gen/estado_color2_carry_i_347_n_0. Optimizations did not improve timing on the net.
INFO: [Physopt 32-702] Processed net sel. Optimizations did not improve timing on the net.
INFO: [Physopt 32-702] Processed net clk_IBUF. Optimizations did not improve timing on the net.
INFO: [Physopt 32-702] Processed net clk. Optimizations did not improve timing on the net.
INFO: [Physopt 32-662] Processed net contador_reg[4].  Did not re-place instance contador_reg[4]
INFO: [Physopt 32-702] Processed net contador_reg[4]. Optimizations did not improve timing on the net.
INFO: [Physopt 32-662] Processed net Random_Gen/lfsr[1]_repN.  Did not re-place instance Random_Gen/lfsr_state_reg[1]_replica
INFO: [Physopt 32-702] Processed net Random_Gen/lfsr[1]_repN. Optimizations did not improve timing on the net.
INFO: [Physopt 32-702] Processed net contador[0]_i_6_n_0. Optimizations did not improve timing on the net.
INFO: [Physopt 32-702] Processed net contador2[27]. Optimizations did not improve timing on the net.
INFO: [Physopt 32-702] Processed net contador[0]_i_35_n_0. Optimizations did not improve timing on the net.
INFO: [Physopt 32-702] Processed net Random_Gen/contador3[22]. Optimizations did not improve timing on the net.
INFO: [Physopt 32-702] Processed net Random_Gen/contador[0]_i_114_n_0. Optimizations did not improve timing on the net.
INFO: [Physopt 32-662] Processed net Random_Gen/lfsr_state_reg[0]_rep__1_2.  Did not re-place instance Random_Gen/estado_color2_carry_i_11
INFO: [Physopt 32-702] Processed net Random_Gen/lfsr_state_reg[0]_rep__1_2. Optimizations did not improve timing on the net.
INFO: [Physopt 32-702] Processed net Random_Gen/estado_color2_carry_i_24_n_3. Optimizations did not improve timing on the net.
INFO: [Physopt 32-662] Processed net Random_Gen/estado_color2_carry_i_330_n_0.  Did not re-place instance Random_Gen/estado_color2_carry_i_330
INFO: [Physopt 32-702] Processed net Random_Gen/estado_color2_carry_i_330_n_0. Optimizations did not improve timing on the net.
INFO: [Physopt 32-702] Processed net estado_color2_carry_i_307_n_6. Optimizations did not improve timing on the net.
INFO: [Physopt 32-702] Processed net estado_color2_carry_i_356_n_0. Optimizations did not improve timing on the net.
INFO: [Physopt 32-702] Processed net Random_Gen/estado_color2_carry__0_i_18[0]. Optimizations did not improve timing on the net.
INFO: [Physopt 32-662] Processed net estado_color2_carry_i_28_n_0.  Did not re-place instance estado_color2_carry_i_28
INFO: [Physopt 32-702] Processed net estado_color2_carry_i_28_n_0. Optimizations did not improve timing on the net.
INFO: [Physopt 32-702] Processed net Random_Gen/estado_color2_carry_i_114[1]. Optimizations did not improve timing on the net.
INFO: [Physopt 32-662] Processed net estado_color2_carry_i_62_n_0.  Did not re-place instance estado_color2_carry_i_62
INFO: [Physopt 32-702] Processed net estado_color2_carry_i_62_n_0. Optimizations did not improve timing on the net.
INFO: [Physopt 32-702] Processed net Random_Gen/lfsr_state_reg[3]_rep_2[2]. Optimizations did not improve timing on the net.
INFO: [Physopt 32-702] Processed net Random_Gen/estado_color2_carry_i_347_n_0. Optimizations did not improve timing on the net.
INFO: [Physopt 32-702] Processed net sel. Optimizations did not improve timing on the net.
INFO: [Physopt 32-702] Processed net clk_IBUF. Optimizations did not improve timing on the net.
INFO: [Physopt 32-702] Processed net clk. Optimizations did not improve timing on the net.
INFO: [Physopt 32-619] Estimated Timing Summary | WNS=-10.309 | TNS=-660.356 |
Phase 3 Critical Path Optimization | Checksum: 1837ed772

Time (s): cpu = 00:00:10 ; elapsed = 00:00:06 . Memory (MB): peak = 1650.188 ; gain = 9.066

Phase 4 Critical Path Optimization
INFO: [Physopt 32-619] Estimated Timing Summary | WNS=-10.309 | TNS=-660.356 |
INFO: [Physopt 32-662] Processed net contador_reg[4].  Did not re-place instance contador_reg[4]
INFO: [Physopt 32-702] Processed net contador_reg[4]. Optimizations did not improve timing on the net.
INFO: [Physopt 32-572] Net Random_Gen/lfsr[1]_repN was not replicated.
Resolution: phys_opt_design can be forced to replicate a net driver using the option -force_replication_on_nets <list of net objects>.
INFO: [Physopt 32-662] Processed net Random_Gen/lfsr[1]_repN.  Did not re-place instance Random_Gen/lfsr_state_reg[1]_replica
INFO: [Physopt 32-702] Processed net Random_Gen/lfsr[1]_repN. Optimizations did not improve timing on the net.
INFO: [Physopt 32-702] Processed net contador[0]_i_6_n_0. Optimizations did not improve timing on the net.
INFO: [Physopt 32-702] Processed net contador2[27]. Optimizations did not improve timing on the net.
INFO: [Physopt 32-702] Processed net contador_reg[0]_i_16_n_0. Optimizations did not improve timing on the net.
INFO: [Physopt 32-702] Processed net contador[0]_i_35_n_0. Optimizations did not improve timing on the net.
INFO: [Physopt 32-702] Processed net Random_Gen/contador3[22]. Optimizations did not improve timing on the net.
INFO: [Physopt 32-702] Processed net Random_Gen/contador_reg[0]_i_40_n_0. Optimizations did not improve timing on the net.
INFO: [Physopt 32-702] Processed net Random_Gen/contador_reg[0]_i_45_n_0. Optimizations did not improve timing on the net.
INFO: [Physopt 32-702] Processed net Random_Gen/contador_reg[0]_i_50_n_0. Optimizations did not improve timing on the net.
INFO: [Physopt 32-702] Processed net Random_Gen/contador[0]_i_114_n_0. Optimizations did not improve timing on the net.
INFO: [Physopt 32-572] Net Random_Gen/lfsr_state_reg[0]_rep__1_2 was not replicated.
Resolution: phys_opt_design can be forced to replicate a net driver using the option -force_replication_on_nets <list of net objects>.
INFO: [Physopt 32-662] Processed net Random_Gen/lfsr_state_reg[0]_rep__1_2.  Did not re-place instance Random_Gen/estado_color2_carry_i_11
INFO: [Physopt 32-134] Processed net Random_Gen/lfsr_state_reg[0]_rep__1_2. Rewiring did not optimize the net.
INFO: [Physopt 32-702] Processed net Random_Gen/lfsr_state_reg[0]_rep__1_2. Optimizations did not improve timing on the net.
INFO: [Physopt 32-702] Processed net Random_Gen/estado_color2_carry_i_24_n_3. Optimizations did not improve timing on the net.
INFO: [Physopt 32-702] Processed net Random_Gen/estado_color2_carry_i_49_n_0. Optimizations did not improve timing on the net.
INFO: [Physopt 32-702] Processed net Random_Gen/estado_color2_carry_i_95_n_0. Optimizations did not improve timing on the net.
INFO: [Physopt 32-702] Processed net Random_Gen/estado_color2_carry_i_154_n_0. Optimizations did not improve timing on the net.
INFO: [Physopt 32-702] Processed net Random_Gen/estado_color2_carry_i_241_n_0. Optimizations did not improve timing on the net.
INFO: [Physopt 32-702] Processed net Random_Gen/estado_color2_carry_i_298_n_0. Optimizations did not improve timing on the net.
INFO: [Physopt 32-662] Processed net Random_Gen/estado_color2_carry_i_330_n_0.  Did not re-place instance Random_Gen/estado_color2_carry_i_330
INFO: [Physopt 32-702] Processed net Random_Gen/estado_color2_carry_i_330_n_0. Optimizations did not improve timing on the net.
INFO: [Physopt 32-702] Processed net estado_color2_carry_i_307_n_6. Optimizations did not improve timing on the net.
INFO: [Physopt 32-702] Processed net estado_color2_carry_i_336_n_0. Optimizations did not improve timing on the net.
INFO: [Physopt 32-702] Processed net estado_color2_carry_i_356_n_0. Optimizations did not improve timing on the net.
INFO: [Physopt 32-702] Processed net Random_Gen/estado_color2_carry__0_i_18[0]. Optimizations did not improve timing on the net.
INFO: [Physopt 32-702] Processed net Random_Gen/estado_color2_carry_i_13_n_0. Optimizations did not improve timing on the net.
INFO: [Physopt 32-662] Processed net estado_color2_carry_i_28_n_0.  Did not re-place instance estado_color2_carry_i_28
INFO: [Physopt 32-702] Processed net estado_color2_carry_i_28_n_0. Optimizations did not improve timing on the net.
INFO: [Physopt 32-702] Processed net Random_Gen/estado_color2_carry_i_114[1]. Optimizations did not improve timing on the net.
INFO: [Physopt 32-702] Processed net Random_Gen/estado_color2_carry_i_43_n_0. Optimizations did not improve timing on the net.
INFO: [Physopt 32-662] Processed net estado_color2_carry_i_62_n_0.  Did not re-place instance estado_color2_carry_i_62
INFO: [Physopt 32-702] Processed net estado_color2_carry_i_62_n_0. Optimizations did not improve timing on the net.
INFO: [Physopt 32-702] Processed net Random_Gen/lfsr_state_reg[3]_rep_2[2]. Optimizations did not improve timing on the net.
INFO: [Physopt 32-702] Processed net Random_Gen/estado_color2_carry_i_152_n_0. Optimizations did not improve timing on the net.
INFO: [Physopt 32-702] Processed net Random_Gen/estado_color2_carry_i_178_n_0. Optimizations did not improve timing on the net.
INFO: [Physopt 32-702] Processed net Random_Gen/estado_color2_carry_i_277_n_0. Optimizations did not improve timing on the net.
INFO: [Physopt 32-702] Processed net Random_Gen/estado_color2_carry_i_312_n_0. Optimizations did not improve timing on the net.
INFO: [Physopt 32-702] Processed net Random_Gen/estado_color2_carry_i_347_n_0. Optimizations did not improve timing on the net.
INFO: [Physopt 32-702] Processed net sel. Optimizations did not improve timing on the net.
INFO: [Physopt 32-702] Processed net clk_IBUF. Optimizations did not improve timing on the net.
INFO: [Physopt 32-702] Processed net clk. Optimizations did not improve timing on the net.
INFO: [Physopt 32-662] Processed net contador_reg[4].  Did not re-place instance contador_reg[4]
INFO: [Physopt 32-702] Processed net contador_reg[4]. Optimizations did not improve timing on the net.
INFO: [Physopt 32-662] Processed net Random_Gen/lfsr[1]_repN.  Did not re-place instance Random_Gen/lfsr_state_reg[1]_replica
INFO: [Physopt 32-702] Processed net Random_Gen/lfsr[1]_repN. Optimizations did not improve timing on the net.
INFO: [Physopt 32-702] Processed net contador[0]_i_6_n_0. Optimizations did not improve timing on the net.
INFO: [Physopt 32-702] Processed net contador2[27]. Optimizations did not improve timing on the net.
INFO: [Physopt 32-702] Processed net contador[0]_i_35_n_0. Optimizations did not improve timing on the net.
INFO: [Physopt 32-702] Processed net Random_Gen/contador3[22]. Optimizations did not improve timing on the net.
INFO: [Physopt 32-702] Processed net Random_Gen/contador[0]_i_114_n_0. Optimizations did not improve timing on the net.
INFO: [Physopt 32-662] Processed net Random_Gen/lfsr_state_reg[0]_rep__1_2.  Did not re-place instance Random_Gen/estado_color2_carry_i_11
INFO: [Physopt 32-702] Processed net Random_Gen/lfsr_state_reg[0]_rep__1_2. Optimizations did not improve timing on the net.
INFO: [Physopt 32-702] Processed net Random_Gen/estado_color2_carry_i_24_n_3. Optimizations did not improve timing on the net.
INFO: [Physopt 32-662] Processed net Random_Gen/estado_color2_carry_i_330_n_0.  Did not re-place instance Random_Gen/estado_color2_carry_i_330
INFO: [Physopt 32-702] Processed net Random_Gen/estado_color2_carry_i_330_n_0. Optimizations did not improve timing on the net.
INFO: [Physopt 32-702] Processed net estado_color2_carry_i_307_n_6. Optimizations did not improve timing on the net.
INFO: [Physopt 32-702] Processed net estado_color2_carry_i_356_n_0. Optimizations did not improve timing on the net.
INFO: [Physopt 32-702] Processed net Random_Gen/estado_color2_carry__0_i_18[0]. Optimizations did not improve timing on the net.
INFO: [Physopt 32-662] Processed net estado_color2_carry_i_28_n_0.  Did not re-place instance estado_color2_carry_i_28
INFO: [Physopt 32-702] Processed net estado_color2_carry_i_28_n_0. Optimizations did not improve timing on the net.
INFO: [Physopt 32-702] Processed net Random_Gen/estado_color2_carry_i_114[1]. Optimizations did not improve timing on the net.
INFO: [Physopt 32-662] Processed net estado_color2_carry_i_62_n_0.  Did not re-place instance estado_color2_carry_i_62
INFO: [Physopt 32-702] Processed net estado_color2_carry_i_62_n_0. Optimizations did not improve timing on the net.
INFO: [Physopt 32-702] Processed net Random_Gen/lfsr_state_reg[3]_rep_2[2]. Optimizations did not improve timing on the net.
INFO: [Physopt 32-702] Processed net Random_Gen/estado_color2_carry_i_347_n_0. Optimizations did not improve timing on the net.
INFO: [Physopt 32-702] Processed net sel. Optimizations did not improve timing on the net.
INFO: [Physopt 32-702] Processed net clk_IBUF. Optimizations did not improve timing on the net.
INFO: [Physopt 32-702] Processed net clk. Optimizations did not improve timing on the net.
INFO: [Physopt 32-619] Estimated Timing Summary | WNS=-10.309 | TNS=-660.356 |
Phase 4 Critical Path Optimization | Checksum: 1837ed772

Time (s): cpu = 00:00:13 ; elapsed = 00:00:08 . Memory (MB): peak = 1650.188 ; gain = 9.066
Netlist sorting complete. Time (s): cpu = 00:00:00 ; elapsed = 00:00:00.007 . Memory (MB): peak = 1650.188 ; gain = 0.000
INFO: [Physopt 32-603] Post Physical Optimization Timing Summary | WNS=-10.309 | TNS=-660.356 |

Summary of Physical Synthesis Optimizations
============================================


-------------------------------------------------------------------------------------------------------------------------------------------------------------
|  Optimization   |  WNS Gain (ns)  |  TNS Gain (ns)  |  Added Cells  |  Removed Cells  |  Optimized Cells/Nets  |  Dont Touch  |  Iterations  |  Elapsed   |
-------------------------------------------------------------------------------------------------------------------------------------------------------------
|  DSP Register   |          0.000  |          0.000  |            0  |              0  |                     0  |           0  |           1  |  00:00:00  |
|  Critical Path  |          0.251  |          5.722  |            7  |              0  |                    13  |           0  |           2  |  00:00:07  |
|  Total          |          0.251  |          5.722  |            7  |              0  |                    13  |           0  |           3  |  00:00:07  |
-------------------------------------------------------------------------------------------------------------------------------------------------------------


Netlist sorting complete. Time (s): cpu = 00:00:00 ; elapsed = 00:00:00 . Memory (MB): peak = 1650.188 ; gain = 0.000
Ending Physical Synthesis Task | Checksum: 22920677c

Time (s): cpu = 00:00:13 ; elapsed = 00:00:08 . Memory (MB): peak = 1650.188 ; gain = 9.066
INFO: [Common 17-83] Releasing license: Implementation
275 Infos, 0 Warnings, 0 Critical Warnings and 0 Errors encountered.
phys_opt_design completed successfully
phys_opt_design: Time (s): cpu = 00:00:13 ; elapsed = 00:00:08 . Memory (MB): peak = 1650.188 ; gain = 26.508
INFO: [Timing 38-480] Writing timing data to binary archive.
Writing placer database...
Writing XDEF routing.
Writing XDEF routing logical nets.
Writing XDEF routing special nets.
Write XDEF Complete: Time (s): cpu = 00:00:00 ; elapsed = 00:00:00.141 . Memory (MB): peak = 1658.973 ; gain = 8.785
INFO: [Common 17-1381] The checkpoint 'C:/Users/Gabriela Rivera/OneDrive/Escritorio/SEP/pull_fish/pull_fish.runs/impl_1/temporal_main_physopt.dcp' has been generated.
Command: route_design
Attempting to get a license for feature 'Implementation' and/or device 'xc7z010'
INFO: [Common 17-349] Got license for feature 'Implementation' and/or device 'xc7z010'
INFO: [DRC 23-27] Running DRC with 2 threads
INFO: [Vivado_Tcl 4-198] DRC finished with 0 Errors
INFO: [Vivado_Tcl 4-199] Please refer to the DRC report (report_drc) for more information.
Running DRC as a precondition to command route_design
INFO: [DRC 23-27] Running DRC with 2 threads
INFO: [Vivado_Tcl 4-198] DRC finished with 0 Errors
INFO: [Vivado_Tcl 4-199] Please refer to the DRC report (report_drc) for more information.


Starting Routing Task
INFO: [Route 35-254] Multithreading enabled for route_design using a maximum of 2 CPUs
Checksum: PlaceDB: d9228471 ConstDB: 0 ShapeSum: 8f8a8923 RouteDB: 0

Phase 1 Build RT Design
Phase 1 Build RT Design | Checksum: b9d8e0cb

Time (s): cpu = 00:00:16 ; elapsed = 00:00:14 . Memory (MB): peak = 1706.223 ; gain = 34.160
Post Restoration Checksum: NetGraph: 27d40fbb NumContArr: 9204d110 Constraints: 0 Timing: 0

Phase 2 Router Initialization

Phase 2.1 Create Timer
Phase 2.1 Create Timer | Checksum: b9d8e0cb

Time (s): cpu = 00:00:16 ; elapsed = 00:00:14 . Memory (MB): peak = 1706.230 ; gain = 34.168

Phase 2.2 Fix Topology Constraints
Phase 2.2 Fix Topology Constraints | Checksum: b9d8e0cb

Time (s): cpu = 00:00:16 ; elapsed = 00:00:14 . Memory (MB): peak = 1712.258 ; gain = 40.195

Phase 2.3 Pre Route Cleanup
Phase 2.3 Pre Route Cleanup | Checksum: b9d8e0cb

Time (s): cpu = 00:00:16 ; elapsed = 00:00:14 . Memory (MB): peak = 1712.258 ; gain = 40.195
 Number of Nodes with overlaps = 0

Phase 2.4 Update Timing
Phase 2.4 Update Timing | Checksum: 183d2b57c

Time (s): cpu = 00:00:16 ; elapsed = 00:00:14 . Memory (MB): peak = 1716.746 ; gain = 44.684
INFO: [Route 35-416] Intermediate Timing Summary | WNS=-9.985 | TNS=-638.538| WHS=-0.108 | THS=-2.043 |

Phase 2 Router Initialization | Checksum: 12a021cf8

Time (s): cpu = 00:00:17 ; elapsed = 00:00:14 . Memory (MB): peak = 1716.746 ; gain = 44.684

Router Utilization Summary
  Global Vertical Routing Utilization    = 0.000422297 %
  Global Horizontal Routing Utilization  = 0.000459559 %
  Routable Net Status*
  *Does not include unroutable nets such as driverless and loadless.
  Run report_route_status for detailed report.
  Number of Failed Nets               = 756
    (Failed Nets is the sum of unrouted and partially routed nets)
  Number of Unrouted Nets             = 756
  Number of Partially Routed Nets     = 0
  Number of Node Overlaps             = 0


Phase 3 Initial Routing
Phase 3 Initial Routing | Checksum: 18186c2d3

Time (s): cpu = 00:00:17 ; elapsed = 00:00:15 . Memory (MB): peak = 1716.746 ; gain = 44.684
INFO: [Route 35-580] Design has 2 pins with tight setup and hold constraints.

The top 5 pins with tight setup and hold constraints:

+--------------------------+--------------------------+----------------------------------------------------------------------------------------------------------+
|       Launch Clock       |      Capture Clock       |                                                 Pin                                                      |
+--------------------------+--------------------------+----------------------------------------------------------------------------------------------------------+
|              sys_clk_pin |              sys_clk_pin |                                                          RGB_Control/FSM_sequential_estado_color_reg[0]/D|
|              sys_clk_pin |              sys_clk_pin |                                                          RGB_Control/FSM_sequential_estado_color_reg[1]/D|
+--------------------------+--------------------------+----------------------------------------------------------------------------------------------------------+

File with complete list of pins: tight_setup_hold_pins.txt


Phase 4 Rip-up And Reroute

Phase 4.1 Global Iteration 0
 Number of Nodes with overlaps = 398
 Number of Nodes with overlaps = 206
 Number of Nodes with overlaps = 96
 Number of Nodes with overlaps = 50
 Number of Nodes with overlaps = 15
 Number of Nodes with overlaps = 14
 Number of Nodes with overlaps = 8
 Number of Nodes with overlaps = 5
 Number of Nodes with overlaps = 2
 Number of Nodes with overlaps = 0
INFO: [Route 35-416] Intermediate Timing Summary | WNS=-10.910| TNS=-696.043| WHS=N/A    | THS=N/A    |

Phase 4.1 Global Iteration 0 | Checksum: b4cf2bc5

Time (s): cpu = 00:00:22 ; elapsed = 00:00:18 . Memory (MB): peak = 1716.746 ; gain = 44.684

Phase 4.2 Global Iteration 1
 Number of Nodes with overlaps = 263
 Number of Nodes with overlaps = 153
 Number of Nodes with overlaps = 80
 Number of Nodes with overlaps = 41
 Number of Nodes with overlaps = 21
 Number of Nodes with overlaps = 18
 Number of Nodes with overlaps = 8
 Number of Nodes with overlaps = 6
 Number of Nodes with overlaps = 4
 Number of Nodes with overlaps = 0
INFO: [Route 35-416] Intermediate Timing Summary | WNS=-10.710| TNS=-683.767| WHS=N/A    | THS=N/A    |

Phase 4.2 Global Iteration 1 | Checksum: 1bab8769d

Time (s): cpu = 00:00:27 ; elapsed = 00:00:21 . Memory (MB): peak = 1716.746 ; gain = 44.684

Phase 4.3 Global Iteration 2
 Number of Nodes with overlaps = 264
 Number of Nodes with overlaps = 125
 Number of Nodes with overlaps = 57
 Number of Nodes with overlaps = 33
 Number of Nodes with overlaps = 23
 Number of Nodes with overlaps = 15
 Number of Nodes with overlaps = 15
 Number of Nodes with overlaps = 7
 Number of Nodes with overlaps = 5
 Number of Nodes with overlaps = 1
 Number of Nodes with overlaps = 0
INFO: [Route 35-416] Intermediate Timing Summary | WNS=-10.738| TNS=-676.801| WHS=N/A    | THS=N/A    |

Phase 4.3 Global Iteration 2 | Checksum: 9cd78424

Time (s): cpu = 00:00:32 ; elapsed = 00:00:25 . Memory (MB): peak = 1716.746 ; gain = 44.684
Phase 4 Rip-up And Reroute | Checksum: 9cd78424

Time (s): cpu = 00:00:32 ; elapsed = 00:00:25 . Memory (MB): peak = 1716.746 ; gain = 44.684

Phase 5 Delay and Skew Optimization

Phase 5.1 Delay CleanUp

Phase 5.1.1 Update Timing
Phase 5.1.1 Update Timing | Checksum: d4a3c178

Time (s): cpu = 00:00:32 ; elapsed = 00:00:25 . Memory (MB): peak = 1716.746 ; gain = 44.684
INFO: [Route 35-416] Intermediate Timing Summary | WNS=-10.710| TNS=-683.767| WHS=N/A    | THS=N/A    |

 Number of Nodes with overlaps = 0
Phase 5.1 Delay CleanUp | Checksum: 27097b075

Time (s): cpu = 00:00:32 ; elapsed = 00:00:25 . Memory (MB): peak = 1716.746 ; gain = 44.684

Phase 5.2 Clock Skew Optimization
Phase 5.2 Clock Skew Optimization | Checksum: 27097b075

Time (s): cpu = 00:00:32 ; elapsed = 00:00:25 . Memory (MB): peak = 1716.746 ; gain = 44.684
Phase 5 Delay and Skew Optimization | Checksum: 27097b075

Time (s): cpu = 00:00:32 ; elapsed = 00:00:25 . Memory (MB): peak = 1716.746 ; gain = 44.684

Phase 6 Post Hold Fix

Phase 6.1 Hold Fix Iter

Phase 6.1.1 Update Timing
Phase 6.1.1 Update Timing | Checksum: 21be075a1

Time (s): cpu = 00:00:32 ; elapsed = 00:00:25 . Memory (MB): peak = 1716.746 ; gain = 44.684
INFO: [Route 35-416] Intermediate Timing Summary | WNS=-10.653| TNS=-680.655| WHS=0.109  | THS=0.000  |

Phase 6.1 Hold Fix Iter | Checksum: 21be075a1

Time (s): cpu = 00:00:32 ; elapsed = 00:00:25 . Memory (MB): peak = 1716.746 ; gain = 44.684
Phase 6 Post Hold Fix | Checksum: 21be075a1

Time (s): cpu = 00:00:32 ; elapsed = 00:00:25 . Memory (MB): peak = 1716.746 ; gain = 44.684

Phase 7 Route finalize

Router Utilization Summary
  Global Vertical Routing Utilization    = 0.396959 %
  Global Horizontal Routing Utilization  = 0.441406 %
  Routable Net Status*
  *Does not include unroutable nets such as driverless and loadless.
  Run report_route_status for detailed report.
  Number of Failed Nets               = 0
    (Failed Nets is the sum of unrouted and partially routed nets)
  Number of Unrouted Nets             = 0
  Number of Partially Routed Nets     = 0
  Number of Node Overlaps             = 0

Congestion Report
North Dir 1x1 Area, Max Cong = 19.8198%, No Congested Regions.
South Dir 1x1 Area, Max Cong = 46.8468%, No Congested Regions.
East Dir 1x1 Area, Max Cong = 38.2353%, No Congested Regions.
West Dir 1x1 Area, Max Cong = 30.8824%, No Congested Regions.

------------------------------
Reporting congestion hotspots
------------------------------
Direction: North
----------------
Congested clusters found at Level 0
Effective congestion level: 0 Aspect Ratio: 1 Sparse Ratio: 0
Direction: South
----------------
Congested clusters found at Level 0
Effective congestion level: 0 Aspect Ratio: 1 Sparse Ratio: 0
Direction: East
----------------
Congested clusters found at Level 0
Effective congestion level: 0 Aspect Ratio: 1 Sparse Ratio: 0
Direction: West
----------------
Congested clusters found at Level 0
Effective congestion level: 0 Aspect Ratio: 1 Sparse Ratio: 0

Phase 7 Route finalize | Checksum: 1e5af306e

Time (s): cpu = 00:00:32 ; elapsed = 00:00:25 . Memory (MB): peak = 1716.746 ; gain = 44.684

Phase 8 Verifying routed nets

 Verification completed successfully
Phase 8 Verifying routed nets | Checksum: 1e5af306e

Time (s): cpu = 00:00:32 ; elapsed = 00:00:25 . Memory (MB): peak = 1717.961 ; gain = 45.898

Phase 9 Depositing Routes
Phase 9 Depositing Routes | Checksum: 10af95def

Time (s): cpu = 00:00:32 ; elapsed = 00:00:25 . Memory (MB): peak = 1717.961 ; gain = 45.898

Phase 10 Post Router Timing
INFO: [Route 35-57] Estimated Timing Summary | WNS=-10.653| TNS=-680.655| WHS=0.109  | THS=0.000  |

WARNING: [Route 35-328] Router estimated timing not met.
Resolution: For a complete and accurate timing signoff, report_timing_summary must be run after route_design. Alternatively, route_design can be run with the -timing_summary option to enable a complete timing signoff at the end of route_design.
Phase 10 Post Router Timing | Checksum: 10af95def

Time (s): cpu = 00:00:32 ; elapsed = 00:00:25 . Memory (MB): peak = 1717.961 ; gain = 45.898
INFO: [Route 35-16] Router Completed Successfully

Time (s): cpu = 00:00:32 ; elapsed = 00:00:25 . Memory (MB): peak = 1717.961 ; gain = 45.898

Routing Is Done.
INFO: [Common 17-83] Releasing license: Implementation
295 Infos, 1 Warnings, 0 Critical Warnings and 0 Errors encountered.
route_design completed successfully
route_design: Time (s): cpu = 00:00:34 ; elapsed = 00:00:26 . Memory (MB): peak = 1717.961 ; gain = 58.988
INFO: [Timing 38-480] Writing timing data to binary archive.
Writing placer database...
Writing XDEF routing.
Writing XDEF routing logical nets.
Writing XDEF routing special nets.
Write XDEF Complete: Time (s): cpu = 00:00:01 ; elapsed = 00:00:00.171 . Memory (MB): peak = 1727.855 ; gain = 9.895
INFO: [Common 17-1381] The checkpoint 'C:/Users/Gabriela Rivera/OneDrive/Escritorio/SEP/pull_fish/pull_fish.runs/impl_1/temporal_main_routed.dcp' has been generated.
INFO: [runtcl-4] Executing : report_drc -file temporal_main_drc_routed.rpt -pb temporal_main_drc_routed.pb -rpx temporal_main_drc_routed.rpx
Command: report_drc -file temporal_main_drc_routed.rpt -pb temporal_main_drc_routed.pb -rpx temporal_main_drc_routed.rpx
INFO: [IP_Flow 19-1839] IP Catalog is up to date.
INFO: [DRC 23-27] Running DRC with 2 threads
INFO: [Coretcl 2-168] The results of DRC are in file C:/Users/Gabriela Rivera/OneDrive/Escritorio/SEP/pull_fish/pull_fish.runs/impl_1/temporal_main_drc_routed.rpt.
report_drc completed successfully
INFO: [runtcl-4] Executing : report_methodology -file temporal_main_methodology_drc_routed.rpt -pb temporal_main_methodology_drc_routed.pb -rpx temporal_main_methodology_drc_routed.rpx
Command: report_methodology -file temporal_main_methodology_drc_routed.rpt -pb temporal_main_methodology_drc_routed.pb -rpx temporal_main_methodology_drc_routed.rpx
INFO: [Timing 38-35] Done setting XDC timing constraints.
INFO: [DRC 23-133] Running Methodology with 2 threads
INFO: [Coretcl 2-1520] The results of Report Methodology are in file C:/Users/Gabriela Rivera/OneDrive/Escritorio/SEP/pull_fish/pull_fish.runs/impl_1/temporal_main_methodology_drc_routed.rpt.
report_methodology completed successfully
INFO: [runtcl-4] Executing : report_power -file temporal_main_power_routed.rpt -pb temporal_main_power_summary_routed.pb -rpx temporal_main_power_routed.rpx
Command: report_power -file temporal_main_power_routed.rpt -pb temporal_main_power_summary_routed.pb -rpx temporal_main_power_routed.rpx
INFO: [Timing 38-35] Done setting XDC timing constraints.
Running Vector-less Activity Propagation...

Finished Running Vector-less Activity Propagation
307 Infos, 1 Warnings, 0 Critical Warnings and 0 Errors encountered.
report_power completed successfully
INFO: [runtcl-4] Executing : report_route_status -file temporal_main_route_status.rpt -pb temporal_main_route_status.pb
INFO: [runtcl-4] Executing : report_timing_summary -max_paths 10 -file temporal_main_timing_summary_routed.rpt -pb temporal_main_timing_summary_routed.pb -rpx temporal_main_timing_summary_routed.rpx -warn_on_violation 
INFO: [Timing 38-91] UpdateTimingParams: Speed grade: -1, Delay Type: min_max.
INFO: [Timing 38-191] Multithreading enabled for timing update using a maximum of 2 CPUs
CRITICAL WARNING: [Timing 38-282] The design failed to meet the timing requirements. Please see the timing summary report for details on the timing violations.
INFO: [runtcl-4] Executing : report_incremental_reuse -file temporal_main_incremental_reuse_routed.rpt
INFO: [Vivado_Tcl 4-1062] Incremental flow is disabled. No incremental reuse Info to report.
INFO: [runtcl-4] Executing : report_clock_utilization -file temporal_main_clock_utilization_routed.rpt
INFO: [runtcl-4] Executing : report_bus_skew -warn_on_violation -file temporal_main_bus_skew_routed.rpt -pb temporal_main_bus_skew_routed.pb -rpx temporal_main_bus_skew_routed.rpx
INFO: [Timing 38-91] UpdateTimingParams: Speed grade: -1, Delay Type: min_max.
INFO: [Timing 38-191] Multithreading enabled for timing update using a maximum of 2 CPUs
Command: write_bitstream -force temporal_main.bit
Attempting to get a license for feature 'Implementation' and/or device 'xc7z010'
INFO: [Common 17-349] Got license for feature 'Implementation' and/or device 'xc7z010'
Running DRC as a precondition to command write_bitstream
INFO: [IP_Flow 19-1839] IP Catalog is up to date.
INFO: [DRC 23-27] Running DRC with 2 threads
WARNING: [DRC ZPS7-1] PS7 block required: The PS7 cell must be used in this Zynq design in order to enable correct default configuration.
INFO: [Vivado 12-3199] DRC finished with 0 Errors, 1 Warnings
INFO: [Vivado 12-3200] Please refer to the DRC report (report_drc) for more information.
INFO: [Designutils 20-2272] Running write_bitstream with 2 threads.
Loading data files...
Loading site data...
Loading route data...
Processing options...
Creating bitmap...
Creating bitstream...
Writing bitstream ./temporal_main.bit...
INFO: [Vivado 12-1842] Bitgen Completed Successfully.
INFO: [Project 1-120] WebTalk data collection is mandatory when using a WebPACK part without a full Vivado license. To see the specific WebTalk data collected for your design, open the usage_statistics_webtalk.html or usage_statistics_webtalk.xml file in the implementation directory.
Acceso denegado.
Acceso denegado.
INFO: [Common 17-83] Releasing license: Implementation
326 Infos, 2 Warnings, 1 Critical Warnings and 0 Errors encountered.
write_bitstream completed successfully
write_bitstream: Time (s): cpu = 00:00:14 ; elapsed = 00:00:14 . Memory (MB): peak = 2167.844 ; gain = 400.305
INFO: [Common 17-206] Exiting Vivado at Sun Sep  7 12:12:44 2025...
