Copyright 1986-2020 Xilinx, Inc. All Rights Reserved.
------------------------------------------------------------------------------------------
| Tool Version : Vivado v.2020.1 (win64) Build 2902540 Wed May 27 19:54:49 MDT 2020
| Date         : Sun Sep  7 12:11:51 2025
| Host         : DESKTOP-MSDSPQ7 running 64-bit major release  (build 9200)
| Command      : report_control_sets -verbose -file temporal_main_control_sets_placed.rpt
| Design       : temporal_main
| Device       : xc7z010
------------------------------------------------------------------------------------------

Control Set Information

Table of Contents
-----------------
1. Summary
2. Histogram
3. Flip-Flop Distribution
4. Detailed Control Set Information

1. Summary
----------

+----------------------------------------------------------+-------+
|                          Status                          | Count |
+----------------------------------------------------------+-------+
| Total control sets                                       |    12 |
|    Minimum number of control sets                        |    12 |
|    Addition due to synthesis replication                 |     0 |
|    Addition due to physical synthesis replication        |     0 |
| Unused register locations in slices containing registers |    34 |
+----------------------------------------------------------+-------+
* Control sets can be merged at opt_design using control_set_merge or merge_equivalent_drivers
** Run report_qor_suggestions for automated merging and remapping suggestions


2. Histogram
------------

+--------------------+-------+
|       Fanout       | Count |
+--------------------+-------+
| Total control sets |    12 |
| >= 0 to < 4        |     1 |
| >= 4 to < 6        |     2 |
| >= 6 to < 8        |     2 |
| >= 8 to < 10       |     1 |
| >= 10 to < 12      |     0 |
| >= 12 to < 14      |     1 |
| >= 14 to < 16      |     0 |
| >= 16              |     5 |
+--------------------+-------+
* Control sets can be remapped at either synth_design or opt_design


3. Flip-Flop Distribution
-------------------------

+--------------+-----------------------+------------------------+-----------------+--------------+
| Clock Enable | Synchronous Set/Reset | Asynchronous Set/Reset | Total Registers | Total Slices |
+--------------+-----------------------+------------------------+-----------------+--------------+
| No           | No                    | No                     |              16 |            9 |
| No           | No                    | Yes                    |               0 |            0 |
| No           | Yes                   | No                     |              81 |           20 |
| Yes          | No                    | No                     |              24 |           14 |
| Yes          | No                    | Yes                    |               0 |            0 |
| Yes          | Yes                   | No                     |              61 |           16 |
+--------------+-----------------------+------------------------+-----------------+--------------+


4. Detailed Control Set Information
-----------------------------------

+-------------------+-------------------------------------------+--------------------------------------------------+------------------+----------------+--------------+
|    Clock Signal   |               Enable Signal               |                 Set/Reset Signal                 | Slice Load Count | Bel Load Count | Bels / Slice |
+-------------------+-------------------------------------------+--------------------------------------------------+------------------+----------------+--------------+
|  clk_IBUF_BUFG    |                                           | RGB_Control/led[2]_i_1_n_0                       |                1 |              2 |         2.00 |
|  Slow_Clk_Gen/CLK | Sequence_Mem/led_instruction[3]_i_1_n_0   | Sequence_Mem/FSM_onehot_estado_actual[4]_i_1_n_0 |                1 |              4 |         4.00 |
|  Slow_Clk_Gen/CLK | Sequence_Mem/secuencia_actual[11]_i_1_n_0 |                                                  |                1 |              4 |         4.00 |
|  Slow_Clk_Gen/CLK |                                           | Sequence_Mem/FSM_onehot_estado_actual[4]_i_1_n_0 |                1 |              6 |         6.00 |
|  clk_IBUF_BUFG    | Sequence_Mem/E[0]                         |                                                  |                2 |              7 |         3.50 |
|  clk_IBUF_BUFG    |                                           | Start_Debouncer/pulsos[9]_i_1_n_0                |                2 |              9 |         4.50 |
|  clk_IBUF_BUFG    | enable_random_reg_n_0                     |                                                  |               11 |             13 |         1.18 |
|  clk_IBUF_BUFG    |                                           |                                                  |                9 |             16 |         1.78 |
|  clk_IBUF_BUFG    | FSM_onehot_estado_reg_n_0_[2]             | mostrar[26]_i_1_n_0                              |                7 |             26 |         3.71 |
|  clk_IBUF_BUFG    | sel                                       | clear                                            |                8 |             31 |         3.88 |
|  clk_IBUF_BUFG    |                                           | Slow_Clk_Gen/clear                               |                8 |             32 |         4.00 |
|  clk_IBUF_BUFG    |                                           | RGB_Control/clk_counter[0]_i_1_n_0               |                8 |             32 |         4.00 |
+-------------------+-------------------------------------------+--------------------------------------------------+------------------+----------------+--------------+


