Copyright 1986-2020 Xilinx, Inc. All Rights Reserved.
------------------------------------------------------------------------------------
| Tool Version : Vivado v.2020.1 (win64) Build 2902540 Wed May 27 19:54:49 MDT 2020
| Date         : Tue Oct 14 16:38:55 2025
| Host         : DESKTOP-MSDSPQ7 running 64-bit major release  (build 9200)
| Command      : upgrade_ip
| Device       : xc7z010clg400-1
------------------------------------------------------------------------------------

Upgrade Log for IP 'Electric_hook_bd_pull_fish_0_1'

1. Summary
----------

SUCCESS in the conversion of Electric_hook_bd_pull_fish_0_1 (xilinx.com:user:pull_fish:1.0 (Rev. 4)) to Vivado generation flows.






Copyright 1986-2020 Xilinx, Inc. All Rights Reserved.
------------------------------------------------------------------------------------
| Tool Version : Vivado v.2020.1 (win64) Build 2902540 Wed May 27 19:54:49 MDT 2020
| Date         : Tue Oct 14 16:38:39 2025
| Host         : DESKTOP-MSDSPQ7 running 64-bit major release  (build 9200)
| Command      : upgrade_ip
| Device       : xc7z010clg400-1
------------------------------------------------------------------------------------

Upgrade Log for IP 'Electric_hook_bd_pull_fish_0_1'

1. Summary
----------

SUCCESS in the upgrade of Electric_hook_bd_pull_fish_0_1 (xilinx.com:user:pull_fish:1.0) from (Rev. 3) to (Rev. 4)






Copyright 1986-2020 Xilinx, Inc. All Rights Reserved.
------------------------------------------------------------------------------------
| Tool Version : Vivado v.2020.1 (win64) Build 2902540 Wed May 27 19:54:49 MDT 2020
| Date         : Tue Oct 14 16:37:18 2025
| Host         : DESKTOP-MSDSPQ7 running 64-bit major release  (build 9200)
| Command      : upgrade_ip
| Device       : xc7z010clg400-1
------------------------------------------------------------------------------------

Upgrade Log for IP 'Electric_hook_bd_pull_fish_0_1'

1. Summary
----------

CAUTION (success, with warnings) in the upgrade of Electric_hook_bd_pull_fish_0_1 (xilinx.com:user:pull_fish:1.0) from (Rev. 2) to (Rev. 3)

2. Interface Information
------------------------

Detected external interface differences while upgrading 'Electric_hook_bd_pull_fish_0_1'.


-Upgrade has added interface 'clk' (xilinx.com:signal:clock:1.0)







Copyright 1986-2020 Xilinx, Inc. All Rights Reserved.
------------------------------------------------------------------------------------
| Tool Version : Vivado v.2020.1 (win64) Build 2902540 Wed May 27 19:54:49 MDT 2020
| Date         : Tue Oct 14 16:31:10 2025
| Host         : DESKTOP-MSDSPQ7 running 64-bit major release  (build 9200)
| Command      : upgrade_ip
| Device       : xc7z010clg400-1
------------------------------------------------------------------------------------

Upgrade Log for IP 'Electric_hook_bd_main_0_1'

1. Summary
----------

CAUTION (success, with warnings) in the upgrade of Electric_hook_bd_main_0_1 (xilinx.com:user:main:1.0) from (Rev. 3) to (Rev. 4)

After upgrade, an IP may have parameter and port differences compared to the original customization. Please review the parameters within the IP customization GUI to ensure proper functionality. Also, please review the updated IP instantiation template to ensure proper connectivity, and update your design if required.

2. Interface Information
------------------------

Detected external interface differences while upgrading 'Electric_hook_bd_main_0_1'.


-Upgrade has added interface 'clk' (xilinx.com:signal:clock:1.0)


3. Connection Warnings
----------------------

Detected external port differences while upgrading 'Electric_hook_bd_main_0_1'. These changes may impact your design.


-Upgrade has added port 'enable_puntaje'

-Upgrade has added port 'estado_pull'

-Upgrade has added port 'led_puntaje'

-Upgrade has added port 'num'

-Upgrade has added port 'racha_reiniciar'

-Upgrade has added port 'racha_sumar'

-Upgrade has added port 'seq_adress'


