
*** Running vivado
    with args -log Electric_hook_bd_pull_fish_0_1.vds -m64 -product Vivado -mode batch -messageDb vivado.pb -notrace -source Electric_hook_bd_pull_fish_0_1.tcl



****** Vivado v2020.1 (64-bit)
  **** SW Build 2902540 on Wed May 27 19:54:49 MDT 2020
  **** IP Build 2902112 on Wed May 27 22:43:36 MDT 2020
    ** Copyright 1986-2020 Xilinx, Inc. All Rights Reserved.

source Electric_hook_bd_pull_fish_0_1.tcl -notrace
create_project: Time (s): cpu = 00:00:06 ; elapsed = 00:00:09 . Memory (MB): peak = 1059.906 ; gain = 0.000
INFO: [IP_Flow 19-234] Refreshing IP repositories
INFO: [IP_Flow 19-1700] Loaded user IP repository 'c:/Users/Gabriela Rivera/OneDrive/Escritorio/Proyecto1/ip_repo/puntaje_1.0'.
INFO: [IP_Flow 19-1700] Loaded user IP repository 'c:/Users/Gabriela Rivera/OneDrive/Escritorio/Proyecto1/Ip_cores'.
INFO: [IP_Flow 19-2313] Loaded Vivado IP repository 'C:/Xilinx/Vivado/2020.1/data/ip'.
WARNING: [IP_Flow 19-4995] The host OS only allows 260 characters in a normal path. The IP cache path is more than 80 characters. If you experience issues with IP caching, please consider changing the IP cache to a location with a shorter path. Alternately consider using the OS subst command to map part of the path to a drive letter. 
Current IP cache path is c:/Users/Gabriela Rivera/OneDrive/Escritorio/Proyecto1/electric_hook/electric_hook.cache/ip 
Command: synth_design -top Electric_hook_bd_pull_fish_0_1 -part xc7z010clg400-1 -mode out_of_context
Starting synth_design
Attempting to get a license for feature 'Synthesis' and/or device 'xc7z010'
INFO: [Common 17-349] Got license for feature 'Synthesis' and/or device 'xc7z010'
INFO: [Device 21-403] Loading part xc7z010clg400-1
INFO: [Synth 8-7079] Multithreading enabled for synth_design using a maximum of 2 processes.
INFO: [Synth 8-7078] Launching helper process for spawning children vivado processes
INFO: [Synth 8-7075] Helper process launched with PID 25632
---------------------------------------------------------------------------------
Starting RTL Elaboration : Time (s): cpu = 00:00:14 ; elapsed = 00:00:39 . Memory (MB): peak = 1059.906 ; gain = 0.000
---------------------------------------------------------------------------------
INFO: [Synth 8-638] synthesizing module 'Electric_hook_bd_pull_fish_0_1' [c:/Users/Gabriela Rivera/OneDrive/Escritorio/Proyecto1/electric_hook/electric_hook.srcs/sources_1/bd/Electric_hook_bd/ip/Electric_hook_bd_pull_fish_0_1/synth/Electric_hook_bd_pull_fish_0_1.vhd:70]
	Parameter segundos bound to: 2 - type: integer 
INFO: [Synth 8-3491] module 'pull_fish' declared at 'c:/Users/Gabriela Rivera/OneDrive/Escritorio/Proyecto1/electric_hook/electric_hook.srcs/sources_1/bd/Electric_hook_bd/ipshared/0849/src/pull_fish.vhd:5' bound to instance 'U0' of component 'pull_fish' [c:/Users/Gabriela Rivera/OneDrive/Escritorio/Proyecto1/electric_hook/electric_hook.srcs/sources_1/bd/Electric_hook_bd/ip/Electric_hook_bd_pull_fish_0_1/synth/Electric_hook_bd_pull_fish_0_1.vhd:102]
INFO: [Synth 8-638] synthesizing module 'pull_fish' [c:/Users/Gabriela Rivera/OneDrive/Escritorio/Proyecto1/electric_hook/electric_hook.srcs/sources_1/bd/Electric_hook_bd/ipshared/0849/src/pull_fish.vhd:21]
	Parameter segundos bound to: 2 - type: integer 
INFO: [Synth 8-3491] module 'random_number' declared at 'c:/Users/Gabriela Rivera/OneDrive/Escritorio/Proyecto1/electric_hook/electric_hook.srcs/sources_1/bd/Electric_hook_bd/ipshared/0849/src/random_number.vhd:5' bound to instance 'Random_number_gen' of component 'random_number' [c:/Users/Gabriela Rivera/OneDrive/Escritorio/Proyecto1/electric_hook/electric_hook.srcs/sources_1/bd/Electric_hook_bd/ipshared/0849/src/pull_fish.vhd:70]
INFO: [Synth 8-638] synthesizing module 'random_number' [c:/Users/Gabriela Rivera/OneDrive/Escritorio/Proyecto1/electric_hook/electric_hook.srcs/sources_1/bd/Electric_hook_bd/ipshared/0849/src/random_number.vhd:14]
INFO: [Synth 8-256] done synthesizing module 'random_number' (1#1) [c:/Users/Gabriela Rivera/OneDrive/Escritorio/Proyecto1/electric_hook/electric_hook.srcs/sources_1/bd/Electric_hook_bd/ipshared/0849/src/random_number.vhd:14]
INFO: [Synth 8-256] done synthesizing module 'pull_fish' (2#1) [c:/Users/Gabriela Rivera/OneDrive/Escritorio/Proyecto1/electric_hook/electric_hook.srcs/sources_1/bd/Electric_hook_bd/ipshared/0849/src/pull_fish.vhd:21]
INFO: [Synth 8-256] done synthesizing module 'Electric_hook_bd_pull_fish_0_1' (3#1) [c:/Users/Gabriela Rivera/OneDrive/Escritorio/Proyecto1/electric_hook/electric_hook.srcs/sources_1/bd/Electric_hook_bd/ip/Electric_hook_bd_pull_fish_0_1/synth/Electric_hook_bd_pull_fish_0_1.vhd:70]
---------------------------------------------------------------------------------
Finished RTL Elaboration : Time (s): cpu = 00:00:17 ; elapsed = 00:00:53 . Memory (MB): peak = 1059.906 ; gain = 0.000
---------------------------------------------------------------------------------
---------------------------------------------------------------------------------
Start Handling Custom Attributes
---------------------------------------------------------------------------------
---------------------------------------------------------------------------------
Finished Handling Custom Attributes : Time (s): cpu = 00:00:19 ; elapsed = 00:00:58 . Memory (MB): peak = 1059.906 ; gain = 0.000
---------------------------------------------------------------------------------
---------------------------------------------------------------------------------
Finished RTL Optimization Phase 1 : Time (s): cpu = 00:00:19 ; elapsed = 00:00:58 . Memory (MB): peak = 1059.906 ; gain = 0.000
---------------------------------------------------------------------------------
Netlist sorting complete. Time (s): cpu = 00:00:00 ; elapsed = 00:00:00.089 . Memory (MB): peak = 1059.906 ; gain = 0.000
INFO: [Project 1-570] Preparing netlist for logic optimization

Processing XDC Constraints
Initializing timing engine
Completed Processing XDC Constraints

Netlist sorting complete. Time (s): cpu = 00:00:00 ; elapsed = 00:00:00.001 . Memory (MB): peak = 1141.703 ; gain = 0.000
INFO: [Project 1-111] Unisim Transformation Summary:
No Unisim elements were transformed.

Constraint Validation Runtime : Time (s): cpu = 00:00:00 ; elapsed = 00:00:00.435 . Memory (MB): peak = 1141.715 ; gain = 0.012
---------------------------------------------------------------------------------
Finished Constraint Validation : Time (s): cpu = 00:00:40 ; elapsed = 00:01:58 . Memory (MB): peak = 1141.715 ; gain = 81.809
---------------------------------------------------------------------------------
---------------------------------------------------------------------------------
Start Loading Part and Timing Information
---------------------------------------------------------------------------------
Loading part: xc7z010clg400-1
---------------------------------------------------------------------------------
Finished Loading Part and Timing Information : Time (s): cpu = 00:00:40 ; elapsed = 00:01:58 . Memory (MB): peak = 1141.715 ; gain = 81.809
---------------------------------------------------------------------------------
---------------------------------------------------------------------------------
Start Applying 'set_property' XDC Constraints
---------------------------------------------------------------------------------
---------------------------------------------------------------------------------
Finished applying 'set_property' XDC Constraints : Time (s): cpu = 00:00:40 ; elapsed = 00:01:58 . Memory (MB): peak = 1141.715 ; gain = 81.809
---------------------------------------------------------------------------------
INFO: [Synth 8-802] inferred FSM for state register 'seq_state_reg' in module 'pull_fish'
---------------------------------------------------------------------------------------------------
                   State |                     New Encoding |                Previous Encoding 
---------------------------------------------------------------------------------------------------
                 iSTATE1 |                              000 |                              000
                 iSTATE2 |                              001 |                              001
                 iSTATE3 |                              010 |                              010
                 iSTATE0 |                              011 |                              011
*
                  iSTATE |                              100 |                              100
---------------------------------------------------------------------------------------------------
INFO: [Synth 8-3354] encoded FSM with state register 'seq_state_reg' using encoding 'sequential' in module 'pull_fish'
---------------------------------------------------------------------------------
Finished RTL Optimization Phase 2 : Time (s): cpu = 00:00:42 ; elapsed = 00:02:01 . Memory (MB): peak = 1141.715 ; gain = 81.809
---------------------------------------------------------------------------------
---------------------------------------------------------------------------------
Start RTL Component Statistics 
---------------------------------------------------------------------------------
Detailed RTL Component Info : 
+---Adders : 
	   2 Input   32 Bit       Adders := 1     
+---XORs : 
	   2 Input      1 Bit         XORs := 1     
+---Registers : 
	               32 Bit    Registers := 1     
	                4 Bit    Registers := 3     
	                2 Bit    Registers := 1     
	                1 Bit    Registers := 6     
+---Muxes : 
	   2 Input   32 Bit        Muxes := 4     
	   4 Input   32 Bit        Muxes := 1     
	   4 Input    4 Bit        Muxes := 1     
	   5 Input    4 Bit        Muxes := 1     
	   5 Input    3 Bit        Muxes := 2     
	   4 Input    3 Bit        Muxes := 1     
	   5 Input    2 Bit        Muxes := 2     
	   3 Input    2 Bit        Muxes := 1     
	   2 Input    1 Bit        Muxes := 13    
	   6 Input    1 Bit        Muxes := 5     
	   4 Input    1 Bit        Muxes := 2     
	   3 Input    1 Bit        Muxes := 1     
---------------------------------------------------------------------------------
Finished RTL Component Statistics 
---------------------------------------------------------------------------------
---------------------------------------------------------------------------------
Start Part Resource Summary
---------------------------------------------------------------------------------
Part Resources:
DSPs: 80 (col length:40)
BRAMs: 120 (col length: RAMB18 40 RAMB36 20)
---------------------------------------------------------------------------------
Finished Part Resource Summary
---------------------------------------------------------------------------------
---------------------------------------------------------------------------------
Start Cross Boundary and Area Optimization
---------------------------------------------------------------------------------
---------------------------------------------------------------------------------
Finished Cross Boundary and Area Optimization : Time (s): cpu = 00:00:59 ; elapsed = 00:02:27 . Memory (MB): peak = 1141.715 ; gain = 81.809
---------------------------------------------------------------------------------
---------------------------------------------------------------------------------
Start Applying XDC Timing Constraints
---------------------------------------------------------------------------------
---------------------------------------------------------------------------------
Finished Applying XDC Timing Constraints : Time (s): cpu = 00:01:34 ; elapsed = 00:03:23 . Memory (MB): peak = 1141.715 ; gain = 81.809
---------------------------------------------------------------------------------
---------------------------------------------------------------------------------
Start Timing Optimization
---------------------------------------------------------------------------------
---------------------------------------------------------------------------------
Finished Timing Optimization : Time (s): cpu = 00:01:34 ; elapsed = 00:03:23 . Memory (MB): peak = 1141.715 ; gain = 81.809
---------------------------------------------------------------------------------
---------------------------------------------------------------------------------
Start Technology Mapping
---------------------------------------------------------------------------------
---------------------------------------------------------------------------------
Finished Technology Mapping : Time (s): cpu = 00:01:35 ; elapsed = 00:03:25 . Memory (MB): peak = 1155.000 ; gain = 95.094
---------------------------------------------------------------------------------
---------------------------------------------------------------------------------
Start IO Insertion
---------------------------------------------------------------------------------
---------------------------------------------------------------------------------
Start Flattening Before IO Insertion
---------------------------------------------------------------------------------
---------------------------------------------------------------------------------
Finished Flattening Before IO Insertion
---------------------------------------------------------------------------------
---------------------------------------------------------------------------------
Start Final Netlist Cleanup
---------------------------------------------------------------------------------
---------------------------------------------------------------------------------
Finished Final Netlist Cleanup
---------------------------------------------------------------------------------
---------------------------------------------------------------------------------
Finished IO Insertion : Time (s): cpu = 00:01:53 ; elapsed = 00:04:02 . Memory (MB): peak = 1159.820 ; gain = 99.914
---------------------------------------------------------------------------------
---------------------------------------------------------------------------------
Start Renaming Generated Instances
---------------------------------------------------------------------------------
---------------------------------------------------------------------------------
Finished Renaming Generated Instances : Time (s): cpu = 00:01:53 ; elapsed = 00:04:02 . Memory (MB): peak = 1159.820 ; gain = 99.914
---------------------------------------------------------------------------------
---------------------------------------------------------------------------------
Start Rebuilding User Hierarchy
---------------------------------------------------------------------------------
---------------------------------------------------------------------------------
Finished Rebuilding User Hierarchy : Time (s): cpu = 00:01:53 ; elapsed = 00:04:02 . Memory (MB): peak = 1159.820 ; gain = 99.914
---------------------------------------------------------------------------------
---------------------------------------------------------------------------------
Start Renaming Generated Ports
---------------------------------------------------------------------------------
---------------------------------------------------------------------------------
Finished Renaming Generated Ports : Time (s): cpu = 00:01:53 ; elapsed = 00:04:02 . Memory (MB): peak = 1159.820 ; gain = 99.914
---------------------------------------------------------------------------------
---------------------------------------------------------------------------------
Start Handling Custom Attributes
---------------------------------------------------------------------------------
---------------------------------------------------------------------------------
Finished Handling Custom Attributes : Time (s): cpu = 00:01:53 ; elapsed = 00:04:02 . Memory (MB): peak = 1159.820 ; gain = 99.914
---------------------------------------------------------------------------------
---------------------------------------------------------------------------------
Start Renaming Generated Nets
---------------------------------------------------------------------------------
---------------------------------------------------------------------------------
Finished Renaming Generated Nets : Time (s): cpu = 00:01:53 ; elapsed = 00:04:02 . Memory (MB): peak = 1159.820 ; gain = 99.914
---------------------------------------------------------------------------------
---------------------------------------------------------------------------------
Start Writing Synthesis Report
---------------------------------------------------------------------------------

Report BlackBoxes: 
+-+--------------+----------+
| |BlackBox name |Instances |
+-+--------------+----------+
+-+--------------+----------+

Report Cell Usage: 
+------+-------+------+
|      |Cell   |Count |
+------+-------+------+
|1     |CARRY4 |    84|
|2     |LUT1   |    13|
|3     |LUT2   |   108|
|4     |LUT3   |    22|
|5     |LUT4   |    49|
|6     |LUT5   |    73|
|7     |LUT6   |    97|
|8     |FDRE   |   183|
+------+-------+------+
---------------------------------------------------------------------------------
Finished Writing Synthesis Report : Time (s): cpu = 00:01:53 ; elapsed = 00:04:02 . Memory (MB): peak = 1159.820 ; gain = 99.914
---------------------------------------------------------------------------------
Synthesis finished with 0 errors, 0 critical warnings and 0 warnings.
Synthesis Optimization Runtime : Time (s): cpu = 00:01:29 ; elapsed = 00:03:30 . Memory (MB): peak = 1159.820 ; gain = 18.105
Synthesis Optimization Complete : Time (s): cpu = 00:01:53 ; elapsed = 00:04:03 . Memory (MB): peak = 1159.820 ; gain = 99.914
INFO: [Project 1-571] Translating synthesized netlist
Netlist sorting complete. Time (s): cpu = 00:00:00 ; elapsed = 00:00:00.033 . Memory (MB): peak = 1169.844 ; gain = 0.000
INFO: [Netlist 29-17] Analyzing 84 Unisim elements for replacement
INFO: [Netlist 29-28] Unisim Transformation completed in 0 CPU seconds
INFO: [Project 1-570] Preparing netlist for logic optimization
INFO: [Opt 31-138] Pushed 0 inverter(s) to 0 load pin(s).
Netlist sorting complete. Time (s): cpu = 00:00:00 ; elapsed = 00:00:00.001 . Memory (MB): peak = 1170.742 ; gain = 0.000
INFO: [Project 1-111] Unisim Transformation Summary:
No Unisim elements were transformed.

INFO: [Common 17-83] Releasing license: Synthesis
28 Infos, 1 Warnings, 0 Critical Warnings and 0 Errors encountered.
synth_design completed successfully
synth_design: Time (s): cpu = 00:02:14 ; elapsed = 00:04:52 . Memory (MB): peak = 1170.742 ; gain = 110.836
INFO: [Common 17-1381] The checkpoint 'C:/Users/Gabriela Rivera/OneDrive/Escritorio/Proyecto1/electric_hook/electric_hook.runs/Electric_hook_bd_pull_fish_0_1_synth_1/Electric_hook_bd_pull_fish_0_1.dcp' has been generated.
WARNING: [Common 17-576] 'use_project_ipc' is deprecated. This option is deprecated and no longer used.
INFO: [Coretcl 2-1648] Added synthesis output to IP cache for IP Electric_hook_bd_pull_fish_0_1, cache-ID = 53036d05a767ed33
INFO: [Coretcl 2-1174] Renamed 2 cell refs.
INFO: [Common 17-1381] The checkpoint 'C:/Users/Gabriela Rivera/OneDrive/Escritorio/Proyecto1/electric_hook/electric_hook.runs/Electric_hook_bd_pull_fish_0_1_synth_1/Electric_hook_bd_pull_fish_0_1.dcp' has been generated.
INFO: [runtcl-4] Executing : report_utilization -file Electric_hook_bd_pull_fish_0_1_utilization_synth.rpt -pb Electric_hook_bd_pull_fish_0_1_utilization_synth.pb
INFO: [Common 17-206] Exiting Vivado at Tue Oct 14 17:03:38 2025...
