Copyright 1986-2020 Xilinx, Inc. All Rights Reserved.
------------------------------------------------------------------------------------
| Tool Version : Vivado v.2020.1 (win64) Build 2902540 Wed May 27 19:54:49 MDT 2020
| Date         : Sat Aug 30 20:30:39 2025
| Host         : BenjaUni running 64-bit major release  (build 9200)
| Command      : report_control_sets -verbose -file main_control_sets_placed.rpt
| Design       : main
| Device       : xc7z010
------------------------------------------------------------------------------------

Control Set Information

Table of Contents
-----------------
1. Summary
2. Histogram
3. Flip-Flop Distribution
4. Detailed Control Set Information

1. Summary
----------

+----------------------------------------------------------+-------+
|                          Status                          | Count |
+----------------------------------------------------------+-------+
| Total control sets                                       |     6 |
|    Minimum number of control sets                        |     6 |
|    Addition due to synthesis replication                 |     0 |
|    Addition due to physical synthesis replication        |     0 |
| Unused register locations in slices containing registers |    33 |
+----------------------------------------------------------+-------+
* Control sets can be merged at opt_design using control_set_merge or merge_equivalent_drivers
** Run report_qor_suggestions for automated merging and remapping suggestions


2. Histogram
------------

+--------------------+-------+
|       Fanout       | Count |
+--------------------+-------+
| Total control sets |     6 |
| >= 0 to < 4        |     1 |
| >= 4 to < 6        |     0 |
| >= 6 to < 8        |     0 |
| >= 8 to < 10       |     4 |
| >= 10 to < 12      |     0 |
| >= 12 to < 14      |     0 |
| >= 14 to < 16      |     0 |
| >= 16              |     1 |
+--------------------+-------+
* Control sets can be remapped at either synth_design or opt_design


3. Flip-Flop Distribution
-------------------------

+--------------+-----------------------+------------------------+-----------------+--------------+
| Clock Enable | Synchronous Set/Reset | Asynchronous Set/Reset | Total Registers | Total Slices |
+--------------+-----------------------+------------------------+-----------------+--------------+
| No           | No                    | No                     |               3 |            2 |
| No           | No                    | Yes                    |               0 |            0 |
| No           | Yes                   | No                     |              59 |           21 |
| Yes          | No                    | No                     |               9 |            2 |
| Yes          | No                    | Yes                    |               0 |            0 |
| Yes          | Yes                   | No                     |               0 |            0 |
+--------------+-----------------------+------------------------+-----------------+--------------+


4. Detailed Control Set Information
-----------------------------------

+--------------------------+-----------------------+--------------------------------+------------------+----------------+--------------+
|       Clock Signal       |     Enable Signal     |        Set/Reset Signal        | Slice Load Count | Bel Load Count | Bels / Slice |
+--------------------------+-----------------------+--------------------------------+------------------+----------------+--------------+
|  clk_IBUF_BUFG           |                       |                                |                2 |              3 |         1.50 |
|  clk_divider/divided_clk | U_catch_fish/led_reg0 |                                |                2 |              9 |         4.50 |
|  clk_IBUF_BUFG           |                       | debounce0/p_0_in               |                3 |              9 |         3.00 |
|  clk_IBUF_BUFG           |                       | debounce1/pulsos[9]_i_1__0_n_0 |                7 |              9 |         1.29 |
|  clk_IBUF_BUFG           |                       | debounce2/pulsos[9]_i_1__1_n_0 |                3 |              9 |         3.00 |
|  clk_IBUF_BUFG           |                       | clk_divider/clear              |                8 |             32 |         4.00 |
+--------------------------+-----------------------+--------------------------------+------------------+----------------+--------------+


